agents:
- goal:
  - 66
  - 13
  name: agent0
  start:
  - 139
  - 254
- goal:
  - 148
  - 59
  name: agent1
  start:
  - 115
  - 196
- goal:
  - 43
  - 17
  name: agent2
  start:
  - 240
  - 246
- goal:
  - 213
  - 197
  name: agent3
  start:
  - 46
  - 8
- goal:
  - 254
  - 54
  name: agent4
  start:
  - 30
  - 227
- goal:
  - 4
  - 111
  name: agent5
  start:
  - 78
  - 190
- goal:
  - 163
  - 250
  name: agent6
  start:
  - 102
  - 205
- goal:
  - 183
  - 86
  name: agent7
  start:
  - 241
  - 45
- goal:
  - 0
  - 0
  name: agent8
  start:
  - 251
  - 186
- goal:
  - 179
  - 197
  name: agent9
  start:
  - 46
  - 5
- goal:
  - 240
  - 161
  name: agent10
  start:
  - 151
  - 235
- goal:
  - 73
  - 86
  name: agent11
  start:
  - 91
  - 59
- goal:
  - 202
  - 42
  name: agent12
  start:
  - 58
  - 159
- goal:
  - 230
  - 53
  name: agent13
  start:
  - 9
  - 255
- goal:
  - 48
  - 1
  name: agent14
  start:
  - 28
  - 87
- goal:
  - 139
  - 220
  name: agent15
  start:
  - 145
  - 218
- goal:
  - 11
  - 5
  name: agent16
  start:
  - 201
  - 237
- goal:
  - 108
  - 161
  name: agent17
  start:
  - 142
  - 182
- goal:
  - 42
  - 235
  name: agent18
  start:
  - 249
  - 47
- goal:
  - 110
  - 200
  name: agent19
  start:
  - 161
  - 111
- goal:
  - 189
  - 66
  name: agent20
  start:
  - 20
  - 71
- goal:
  - 245
  - 206
  name: agent21
  start:
  - 31
  - 0
- goal:
  - 47
  - 117
  name: agent22
  start:
  - 51
  - 191
- goal:
  - 42
  - 20
  name: agent23
  start:
  - 247
  - 137
- goal:
  - 61
  - 126
  name: agent24
  start:
  - 85
  - 156
- goal:
  - 58
  - 221
  name: agent25
  start:
  - 129
  - 84
- goal:
  - 181
  - 121
  name: agent26
  start:
  - 161
  - 88
- goal:
  - 9
  - 4
  name: agent27
  start:
  - 234
  - 248
- goal:
  - 136
  - 84
  name: agent28
  start:
  - 79
  - 86
- goal:
  - 83
  - 236
  name: agent29
  start:
  - 57
  - 35
- goal:
  - 82
  - 170
  name: agent30
  start:
  - 224
  - 232
- goal:
  - 85
  - 130
  name: agent31
  start:
  - 6
  - 140
- goal:
  - 186
  - 14
  name: agent32
  start:
  - 57
  - 105
- goal:
  - 116
  - 7
  name: agent33
  start:
  - 143
  - 175
- goal:
  - 218
  - 207
  name: agent34
  start:
  - 40
  - 11
- goal:
  - 17
  - 247
  name: agent35
  start:
  - 114
  - 15
- goal:
  - 125
  - 193
  name: agent36
  start:
  - 70
  - 166
- goal:
  - 53
  - 216
  name: agent37
  start:
  - 168
  - 252
- goal:
  - 177
  - 1
  name: agent38
  start:
  - 35
  - 248
- goal:
  - 40
  - 47
  name: agent39
  start:
  - 253
  - 237
- goal:
  - 215
  - 205
  name: agent40
  start:
  - 191
  - 235
- goal:
  - 231
  - 227
  name: agent41
  start:
  - 34
  - 61
- goal:
  - 165
  - 71
  name: agent42
  start:
  - 208
  - 41
- goal:
  - 225
  - 109
  name: agent43
  start:
  - 123
  - 96
- goal:
  - 9
  - 103
  name: agent44
  start:
  - 38
  - 93
- goal:
  - 255
  - 120
  name: agent45
  start:
  - 98
  - 108
- goal:
  - 187
  - 46
  name: agent46
  start:
  - 71
  - 250
- goal:
  - 17
  - 120
  name: agent47
  start:
  - 240
  - 249
- goal:
  - 151
  - 76
  name: agent48
  start:
  - 79
  - 25
- goal:
  - 209
  - 25
  name: agent49
  start:
  - 229
  - 225
- goal:
  - 86
  - 151
  name: agent50
  start:
  - 18
  - 67
- goal:
  - 140
  - 240
  name: agent51
  start:
  - 89
  - 230
- goal:
  - 249
  - 253
  name: agent52
  start:
  - 245
  - 106
- goal:
  - 126
  - 51
  name: agent53
  start:
  - 203
  - 229
- goal:
  - 174
  - 59
  name: agent54
  start:
  - 113
  - 119
- goal:
  - 30
  - 28
  name: agent55
  start:
  - 255
  - 110
- goal:
  - 162
  - 83
  name: agent56
  start:
  - 135
  - 84
- goal:
  - 239
  - 116
  name: agent57
  start:
  - 21
  - 6
- goal:
  - 210
  - 170
  name: agent58
  start:
  - 147
  - 161
- goal:
  - 227
  - 22
  name: agent59
  start:
  - 104
  - 167
- goal:
  - 247
  - 45
  name: agent60
  start:
  - 51
  - 225
- goal:
  - 177
  - 108
  name: agent61
  start:
  - 245
  - 201
- goal:
  - 248
  - 2
  name: agent62
  start:
  - 41
  - 248
- goal:
  - 103
  - 31
  name: agent63
  start:
  - 8
  - 129
- goal:
  - 58
  - 20
  name: agent64
  start:
  - 222
  - 146
- goal:
  - 35
  - 39
  name: agent65
  start:
  - 246
  - 245
- goal:
  - 247
  - 252
  name: agent66
  start:
  - 64
  - 89
- goal:
  - 214
  - 175
  name: agent67
  start:
  - 164
  - 64
- goal:
  - 148
  - 196
  name: agent68
  start:
  - 239
  - 24
- goal:
  - 101
  - 59
  name: agent69
  start:
  - 53
  - 39
- goal:
  - 252
  - 237
  name: agent70
  start:
  - 218
  - 135
- goal:
  - 83
  - 25
  name: agent71
  start:
  - 242
  - 218
- goal:
  - 76
  - 130
  name: agent72
  start:
  - 208
  - 201
- goal:
  - 213
  - 60
  name: agent73
  start:
  - 65
  - 230
- goal:
  - 60
  - 127
  name: agent74
  start:
  - 191
  - 154
- goal:
  - 250
  - 84
  name: agent75
  start:
  - 100
  - 215
- goal:
  - 241
  - 63
  name: agent76
  start:
  - 26
  - 72
- goal:
  - 151
  - 196
  name: agent77
  start:
  - 65
  - 67
- goal:
  - 9
  - 85
  name: agent78
  start:
  - 190
  - 50
- goal:
  - 219
  - 176
  name: agent79
  start:
  - 68
  - 166
- goal:
  - 28
  - 132
  name: agent80
  start:
  - 242
  - 253
- goal:
  - 75
  - 145
  name: agent81
  start:
  - 97
  - 233
- goal:
  - 183
  - 146
  name: agent82
  start:
  - 147
  - 11
- goal:
  - 252
  - 23
  name: agent83
  start:
  - 76
  - 184
- goal:
  - 195
  - 253
  name: agent84
  start:
  - 73
  - 4
- goal:
  - 227
  - 37
  name: agent85
  start:
  - 27
  - 106
- goal:
  - 181
  - 48
  name: agent86
  start:
  - 232
  - 191
- goal:
  - 213
  - 39
  name: agent87
  start:
  - 136
  - 221
- goal:
  - 239
  - 103
  name: agent88
  start:
  - 7
  - 254
- goal:
  - 82
  - 181
  name: agent89
  start:
  - 27
  - 205
- goal:
  - 232
  - 34
  name: agent90
  start:
  - 225
  - 36
- goal:
  - 26
  - 0
  name: agent91
  start:
  - 3
  - 251
- goal:
  - 24
  - 11
  name: agent92
  start:
  - 164
  - 217
- goal:
  - 26
  - 242
  name: agent93
  start:
  - 247
  - 183
- goal:
  - 121
  - 151
  name: agent94
  start:
  - 127
  - 177
- goal:
  - 166
  - 73
  name: agent95
  start:
  - 198
  - 12
- goal:
  - 249
  - 235
  name: agent96
  start:
  - 200
  - 105
- goal:
  - 200
  - 250
  name: agent97
  start:
  - 187
  - 228
- goal:
  - 155
  - 210
  name: agent98
  start:
  - 185
  - 67
- goal:
  - 180
  - 196
  name: agent99
  start:
  - 106
  - 224
- goal:
  - 123
  - 187
  name: agent100
  start:
  - 240
  - 31
- goal:
  - 218
  - 159
  name: agent101
  start:
  - 207
  - 159
- goal:
  - 254
  - 120
  name: agent102
  start:
  - 168
  - 226
- goal:
  - 189
  - 79
  name: agent103
  start:
  - 80
  - 194
- goal:
  - 54
  - 223
  name: agent104
  start:
  - 55
  - 62
- goal:
  - 44
  - 92
  name: agent105
  start:
  - 20
  - 92
- goal:
  - 255
  - 127
  name: agent106
  start:
  - 164
  - 220
- goal:
  - 184
  - 223
  name: agent107
  start:
  - 252
  - 17
- goal:
  - 225
  - 97
  name: agent108
  start:
  - 28
  - 224
- goal:
  - 84
  - 249
  name: agent109
  start:
  - 243
  - 45
- goal:
  - 178
  - 251
  name: agent110
  start:
  - 46
  - 200
- goal:
  - 2
  - 244
  name: agent111
  start:
  - 212
  - 32
- goal:
  - 18
  - 237
  name: agent112
  start:
  - 174
  - 31
- goal:
  - 93
  - 200
  name: agent113
  start:
  - 13
  - 46
- goal:
  - 166
  - 63
  name: agent114
  start:
  - 179
  - 242
- goal:
  - 4
  - 107
  name: agent115
  start:
  - 141
  - 128
- goal:
  - 133
  - 161
  name: agent116
  start:
  - 209
  - 209
- goal:
  - 177
  - 231
  name: agent117
  start:
  - 255
  - 148
- goal:
  - 50
  - 16
  name: agent118
  start:
  - 166
  - 5
- goal:
  - 56
  - 195
  name: agent119
  start:
  - 67
  - 135
- goal:
  - 247
  - 58
  name: agent120
  start:
  - 48
  - 98
- goal:
  - 144
  - 229
  name: agent121
  start:
  - 170
  - 248
- goal:
  - 12
  - 85
  name: agent122
  start:
  - 211
  - 147
- goal:
  - 249
  - 18
  name: agent123
  start:
  - 3
  - 234
- goal:
  - 15
  - 209
  name: agent124
  start:
  - 253
  - 6
- goal:
  - 176
  - 248
  name: agent125
  start:
  - 242
  - 171
- goal:
  - 13
  - 6
  name: agent126
  start:
  - 245
  - 167
- goal:
  - 39
  - 236
  name: agent127
  start:
  - 251
  - 26
- goal:
  - 233
  - 63
  name: agent128
  start:
  - 225
  - 221
- goal:
  - 111
  - 183
  name: agent129
  start:
  - 164
  - 229
- goal:
  - 162
  - 75
  name: agent130
  start:
  - 83
  - 253
- goal:
  - 168
  - 125
  name: agent131
  start:
  - 181
  - 34
- goal:
  - 186
  - 21
  name: agent132
  start:
  - 72
  - 231
- goal:
  - 26
  - 23
  name: agent133
  start:
  - 167
  - 226
- goal:
  - 95
  - 201
  name: agent134
  start:
  - 145
  - 204
- goal:
  - 61
  - 90
  name: agent135
  start:
  - 179
  - 176
- goal:
  - 67
  - 17
  name: agent136
  start:
  - 43
  - 181
- goal:
  - 181
  - 202
  name: agent137
  start:
  - 140
  - 255
- goal:
  - 14
  - 215
  name: agent138
  start:
  - 197
  - 101
- goal:
  - 206
  - 200
  name: agent139
  start:
  - 185
  - 153
- goal:
  - 177
  - 182
  name: agent140
  start:
  - 57
  - 99
- goal:
  - 161
  - 59
  name: agent141
  start:
  - 157
  - 50
- goal:
  - 246
  - 6
  name: agent142
  start:
  - 59
  - 6
- goal:
  - 141
  - 184
  name: agent143
  start:
  - 184
  - 120
- goal:
  - 104
  - 223
  name: agent144
  start:
  - 118
  - 189
- goal:
  - 130
  - 190
  name: agent145
  start:
  - 46
  - 91
- goal:
  - 252
  - 254
  name: agent146
  start:
  - 110
  - 216
- goal:
  - 35
  - 59
  name: agent147
  start:
  - 217
  - 155
- goal:
  - 28
  - 2
  name: agent148
  start:
  - 246
  - 226
- goal:
  - 207
  - 214
  name: agent149
  start:
  - 210
  - 251
- goal:
  - 244
  - 7
  name: agent150
  start:
  - 170
  - 135
- goal:
  - 26
  - 239
  name: agent151
  start:
  - 61
  - 246
- goal:
  - 80
  - 195
  name: agent152
  start:
  - 193
  - 81
- goal:
  - 250
  - 22
  name: agent153
  start:
  - 5
  - 209
- goal:
  - 219
  - 112
  name: agent154
  start:
  - 204
  - 131
- goal:
  - 227
  - 228
  name: agent155
  start:
  - 32
  - 9
- goal:
  - 4
  - 12
  name: agent156
  start:
  - 248
  - 234
- goal:
  - 78
  - 204
  name: agent157
  start:
  - 47
  - 159
- goal:
  - 117
  - 128
  name: agent158
  start:
  - 112
  - 123
- goal:
  - 94
  - 216
  name: agent159
  start:
  - 151
  - 171
- goal:
  - 15
  - 4
  name: agent160
  start:
  - 152
  - 251
- goal:
  - 49
  - 149
  name: agent161
  start:
  - 76
  - 153
- goal:
  - 160
  - 148
  name: agent162
  start:
  - 225
  - 177
- goal:
  - 159
  - 28
  name: agent163
  start:
  - 248
  - 63
- goal:
  - 189
  - 238
  name: agent164
  start:
  - 14
  - 41
map_path: ../yaml_maps/Berlin_1_256.map
