agents:
- goal:
  - 143
  - 50
  name: agent0
  start:
  - 172
  - 141
- goal:
  - 136
  - 246
  name: agent1
  start:
  - 168
  - 249
- goal:
  - 77
  - 190
  name: agent2
  start:
  - 31
  - 228
- goal:
  - 224
  - 142
  name: agent3
  start:
  - 180
  - 97
- goal:
  - 73
  - 3
  name: agent4
  start:
  - 233
  - 174
- goal:
  - 254
  - 17
  name: agent5
  start:
  - 11
  - 35
- goal:
  - 146
  - 148
  name: agent6
  start:
  - 163
  - 186
- goal:
  - 2
  - 210
  name: agent7
  start:
  - 188
  - 40
- goal:
  - 207
  - 102
  name: agent8
  start:
  - 7
  - 252
- goal:
  - 32
  - 7
  name: agent9
  start:
  - 255
  - 245
- goal:
  - 246
  - 244
  name: agent10
  start:
  - 10
  - 21
- goal:
  - 53
  - 189
  name: agent11
  start:
  - 60
  - 189
- goal:
  - 5
  - 249
  name: agent12
  start:
  - 215
  - 28
- goal:
  - 209
  - 239
  name: agent13
  start:
  - 150
  - 123
- goal:
  - 193
  - 64
  name: agent14
  start:
  - 188
  - 86
- goal:
  - 246
  - 72
  name: agent15
  start:
  - 36
  - 231
- goal:
  - 188
  - 204
  name: agent16
  start:
  - 183
  - 111
- goal:
  - 174
  - 50
  name: agent17
  start:
  - 202
  - 170
- goal:
  - 139
  - 193
  name: agent18
  start:
  - 101
  - 206
- goal:
  - 128
  - 213
  name: agent19
  start:
  - 64
  - 71
- goal:
  - 254
  - 2
  name: agent20
  start:
  - 13
  - 208
- goal:
  - 150
  - 176
  name: agent21
  start:
  - 129
  - 177
- goal:
  - 111
  - 97
  name: agent22
  start:
  - 11
  - 93
- goal:
  - 241
  - 229
  name: agent23
  start:
  - 31
  - 0
- goal:
  - 119
  - 150
  name: agent24
  start:
  - 136
  - 164
- goal:
  - 66
  - 71
  name: agent25
  start:
  - 249
  - 108
- goal:
  - 20
  - 242
  name: agent26
  start:
  - 181
  - 1
- goal:
  - 195
  - 225
  name: agent27
  start:
  - 89
  - 235
- goal:
  - 131
  - 242
  name: agent28
  start:
  - 92
  - 222
- goal:
  - 164
  - 105
  name: agent29
  start:
  - 106
  - 89
- goal:
  - 215
  - 163
  name: agent30
  start:
  - 212
  - 144
- goal:
  - 30
  - 211
  name: agent31
  start:
  - 10
  - 15
- goal:
  - 162
  - 2
  name: agent32
  start:
  - 166
  - 112
- goal:
  - 249
  - 239
  name: agent33
  start:
  - 253
  - 241
- goal:
  - 243
  - 127
  name: agent34
  start:
  - 224
  - 62
- goal:
  - 120
  - 174
  name: agent35
  start:
  - 104
  - 21
- goal:
  - 94
  - 15
  name: agent36
  start:
  - 141
  - 91
- goal:
  - 150
  - 144
  name: agent37
  start:
  - 147
  - 181
- goal:
  - 255
  - 21
  name: agent38
  start:
  - 12
  - 224
- goal:
  - 37
  - 48
  name: agent39
  start:
  - 63
  - 66
- goal:
  - 248
  - 254
  name: agent40
  start:
  - 45
  - 245
- goal:
  - 140
  - 229
  name: agent41
  start:
  - 251
  - 123
- goal:
  - 80
  - 115
  name: agent42
  start:
  - 73
  - 241
- goal:
  - 74
  - 210
  name: agent43
  start:
  - 159
  - 46
- goal:
  - 150
  - 47
  name: agent44
  start:
  - 254
  - 147
- goal:
  - 253
  - 248
  name: agent45
  start:
  - 32
  - 2
- goal:
  - 169
  - 187
  name: agent46
  start:
  - 145
  - 135
- goal:
  - 253
  - 127
  name: agent47
  start:
  - 221
  - 139
- goal:
  - 216
  - 97
  name: agent48
  start:
  - 129
  - 1
- goal:
  - 153
  - 229
  name: agent49
  start:
  - 44
  - 105
- goal:
  - 147
  - 244
  name: agent50
  start:
  - 146
  - 216
- goal:
  - 253
  - 204
  name: agent51
  start:
  - 0
  - 47
- goal:
  - 72
  - 14
  name: agent52
  start:
  - 66
  - 16
- goal:
  - 177
  - 92
  name: agent53
  start:
  - 42
  - 168
- goal:
  - 199
  - 74
  name: agent54
  start:
  - 113
  - 184
- goal:
  - 182
  - 3
  name: agent55
  start:
  - 92
  - 210
- goal:
  - 48
  - 209
  name: agent56
  start:
  - 68
  - 203
- goal:
  - 213
  - 248
  name: agent57
  start:
  - 65
  - 66
- goal:
  - 223
  - 120
  name: agent58
  start:
  - 148
  - 35
- goal:
  - 121
  - 214
  name: agent59
  start:
  - 216
  - 247
- goal:
  - 254
  - 241
  name: agent60
  start:
  - 41
  - 32
- goal:
  - 117
  - 82
  name: agent61
  start:
  - 126
  - 72
- goal:
  - 254
  - 8
  name: agent62
  start:
  - 103
  - 164
- goal:
  - 75
  - 111
  name: agent63
  start:
  - 78
  - 105
- goal:
  - 201
  - 143
  name: agent64
  start:
  - 228
  - 201
- goal:
  - 200
  - 251
  name: agent65
  start:
  - 10
  - 20
- goal:
  - 97
  - 195
  name: agent66
  start:
  - 136
  - 234
- goal:
  - 163
  - 202
  name: agent67
  start:
  - 144
  - 59
- goal:
  - 223
  - 222
  name: agent68
  start:
  - 94
  - 110
- goal:
  - 213
  - 243
  name: agent69
  start:
  - 32
  - 48
map_path: ../yaml_maps/Berlin_1_256.map
