agents:
- goal:
  - 206
  - 173
  name: agent0
  start:
  - 46
  - 149
- goal:
  - 123
  - 242
  name: agent1
  start:
  - 36
  - 1
- goal:
  - 2
  - 209
  name: agent2
  start:
  - 217
  - 111
- goal:
  - 18
  - 57
  name: agent3
  start:
  - 246
  - 243
- goal:
  - 131
  - 240
  name: agent4
  start:
  - 174
  - 223
- goal:
  - 103
  - 209
  name: agent5
  start:
  - 137
  - 237
- goal:
  - 214
  - 192
  name: agent6
  start:
  - 82
  - 22
- goal:
  - 25
  - 210
  name: agent7
  start:
  - 183
  - 43
- goal:
  - 161
  - 21
  name: agent8
  start:
  - 192
  - 197
- goal:
  - 106
  - 43
  name: agent9
  start:
  - 84
  - 55
- goal:
  - 69
  - 10
  name: agent10
  start:
  - 106
  - 233
- goal:
  - 7
  - 22
  name: agent11
  start:
  - 214
  - 176
- goal:
  - 243
  - 185
  name: agent12
  start:
  - 0
  - 72
- goal:
  - 64
  - 2
  name: agent13
  start:
  - 232
  - 23
- goal:
  - 56
  - 229
  name: agent14
  start:
  - 247
  - 7
- goal:
  - 203
  - 169
  name: agent15
  start:
  - 190
  - 195
- goal:
  - 19
  - 12
  name: agent16
  start:
  - 222
  - 253
- goal:
  - 92
  - 154
  name: agent17
  start:
  - 100
  - 155
- goal:
  - 249
  - 60
  name: agent18
  start:
  - 57
  - 197
- goal:
  - 68
  - 234
  name: agent19
  start:
  - 159
  - 144
- goal:
  - 67
  - 35
  name: agent20
  start:
  - 245
  - 229
- goal:
  - 62
  - 195
  name: agent21
  start:
  - 234
  - 36
- goal:
  - 225
  - 25
  name: agent22
  start:
  - 38
  - 92
- goal:
  - 45
  - 163
  name: agent23
  start:
  - 244
  - 196
- goal:
  - 23
  - 6
  name: agent24
  start:
  - 131
  - 227
- goal:
  - 254
  - 165
  name: agent25
  start:
  - 86
  - 131
- goal:
  - 248
  - 162
  name: agent26
  start:
  - 65
  - 54
- goal:
  - 223
  - 248
  name: agent27
  start:
  - 70
  - 31
- goal:
  - 149
  - 247
  name: agent28
  start:
  - 38
  - 160
- goal:
  - 40
  - 44
  name: agent29
  start:
  - 252
  - 244
- goal:
  - 183
  - 175
  name: agent30
  start:
  - 147
  - 212
- goal:
  - 33
  - 4
  name: agent31
  start:
  - 241
  - 164
- goal:
  - 180
  - 71
  name: agent32
  start:
  - 143
  - 78
- goal:
  - 77
  - 7
  name: agent33
  start:
  - 137
  - 113
- goal:
  - 163
  - 110
  name: agent34
  start:
  - 92
  - 227
- goal:
  - 37
  - 248
  name: agent35
  start:
  - 207
  - 100
- goal:
  - 174
  - 194
  name: agent36
  start:
  - 120
  - 160
- goal:
  - 158
  - 114
  name: agent37
  start:
  - 227
  - 61
- goal:
  - 0
  - 245
  name: agent38
  start:
  - 199
  - 99
- goal:
  - 166
  - 240
  name: agent39
  start:
  - 184
  - 131
- goal:
  - 88
  - 208
  name: agent40
  start:
  - 61
  - 89
- goal:
  - 52
  - 96
  name: agent41
  start:
  - 47
  - 47
- goal:
  - 140
  - 206
  name: agent42
  start:
  - 241
  - 140
- goal:
  - 64
  - 151
  name: agent43
  start:
  - 183
  - 37
- goal:
  - 160
  - 254
  name: agent44
  start:
  - 75
  - 252
- goal:
  - 209
  - 43
  name: agent45
  start:
  - 8
  - 254
- goal:
  - 154
  - 160
  name: agent46
  start:
  - 86
  - 204
- goal:
  - 252
  - 134
  name: agent47
  start:
  - 2
  - 254
- goal:
  - 186
  - 229
  name: agent48
  start:
  - 40
  - 125
- goal:
  - 31
  - 7
  name: agent49
  start:
  - 248
  - 42
- goal:
  - 125
  - 199
  name: agent50
  start:
  - 99
  - 236
- goal:
  - 116
  - 189
  name: agent51
  start:
  - 84
  - 163
- goal:
  - 25
  - 37
  name: agent52
  start:
  - 142
  - 18
- goal:
  - 163
  - 177
  name: agent53
  start:
  - 100
  - 162
- goal:
  - 77
  - 65
  name: agent54
  start:
  - 201
  - 234
- goal:
  - 49
  - 47
  name: agent55
  start:
  - 48
  - 46
- goal:
  - 254
  - 251
  name: agent56
  start:
  - 53
  - 22
- goal:
  - 254
  - 5
  name: agent57
  start:
  - 64
  - 164
- goal:
  - 16
  - 91
  name: agent58
  start:
  - 57
  - 111
- goal:
  - 117
  - 201
  name: agent59
  start:
  - 119
  - 199
- goal:
  - 93
  - 224
  name: agent60
  start:
  - 49
  - 8
- goal:
  - 35
  - 136
  name: agent61
  start:
  - 143
  - 230
- goal:
  - 42
  - 169
  name: agent62
  start:
  - 67
  - 174
- goal:
  - 119
  - 102
  name: agent63
  start:
  - 219
  - 83
- goal:
  - 143
  - 102
  name: agent64
  start:
  - 130
  - 73
- goal:
  - 180
  - 243
  name: agent65
  start:
  - 152
  - 14
- goal:
  - 170
  - 127
  name: agent66
  start:
  - 203
  - 176
- goal:
  - 32
  - 37
  name: agent67
  start:
  - 52
  - 181
- goal:
  - 5
  - 124
  name: agent68
  start:
  - 221
  - 229
- goal:
  - 203
  - 139
  name: agent69
  start:
  - 100
  - 16
- goal:
  - 91
  - 225
  name: agent70
  start:
  - 7
  - 215
- goal:
  - 145
  - 119
  name: agent71
  start:
  - 137
  - 92
- goal:
  - 85
  - 30
  name: agent72
  start:
  - 229
  - 49
- goal:
  - 228
  - 232
  name: agent73
  start:
  - 20
  - 249
- goal:
  - 248
  - 172
  name: agent74
  start:
  - 233
  - 185
- goal:
  - 126
  - 221
  name: agent75
  start:
  - 136
  - 201
- goal:
  - 97
  - 146
  name: agent76
  start:
  - 15
  - 9
- goal:
  - 90
  - 96
  name: agent77
  start:
  - 229
  - 255
- goal:
  - 174
  - 200
  name: agent78
  start:
  - 56
  - 12
- goal:
  - 122
  - 247
  name: agent79
  start:
  - 58
  - 8
- goal:
  - 254
  - 2
  name: agent80
  start:
  - 18
  - 210
- goal:
  - 251
  - 95
  name: agent81
  start:
  - 48
  - 167
- goal:
  - 244
  - 163
  name: agent82
  start:
  - 227
  - 188
- goal:
  - 252
  - 198
  name: agent83
  start:
  - 10
  - 22
- goal:
  - 0
  - 40
  name: agent84
  start:
  - 241
  - 64
- goal:
  - 148
  - 17
  name: agent85
  start:
  - 138
  - 83
- goal:
  - 180
  - 46
  name: agent86
  start:
  - 230
  - 135
- goal:
  - 6
  - 13
  name: agent87
  start:
  - 238
  - 225
- goal:
  - 145
  - 148
  name: agent88
  start:
  - 237
  - 231
- goal:
  - 198
  - 50
  name: agent89
  start:
  - 188
  - 203
- goal:
  - 125
  - 43
  name: agent90
  start:
  - 86
  - 55
- goal:
  - 24
  - 221
  name: agent91
  start:
  - 171
  - 35
- goal:
  - 125
  - 4
  name: agent92
  start:
  - 125
  - 237
- goal:
  - 249
  - 170
  name: agent93
  start:
  - 5
  - 82
- goal:
  - 129
  - 77
  name: agent94
  start:
  - 179
  - 106
- goal:
  - 23
  - 1
  name: agent95
  start:
  - 243
  - 245
- goal:
  - 145
  - 159
  name: agent96
  start:
  - 146
  - 147
- goal:
  - 168
  - 135
  name: agent97
  start:
  - 164
  - 241
- goal:
  - 150
  - 121
  name: agent98
  start:
  - 36
  - 56
- goal:
  - 77
  - 158
  name: agent99
  start:
  - 150
  - 196
- goal:
  - 9
  - 208
  name: agent100
  start:
  - 107
  - 246
- goal:
  - 55
  - 172
  name: agent101
  start:
  - 249
  - 94
- goal:
  - 253
  - 246
  name: agent102
  start:
  - 60
  - 1
- goal:
  - 94
  - 74
  name: agent103
  start:
  - 133
  - 60
- goal:
  - 212
  - 225
  name: agent104
  start:
  - 169
  - 161
- goal:
  - 208
  - 63
  name: agent105
  start:
  - 168
  - 37
- goal:
  - 213
  - 181
  name: agent106
  start:
  - 174
  - 161
- goal:
  - 207
  - 231
  name: agent107
  start:
  - 4
  - 8
- goal:
  - 218
  - 229
  name: agent108
  start:
  - 36
  - 44
- goal:
  - 212
  - 235
  name: agent109
  start:
  - 87
  - 44
- goal:
  - 99
  - 6
  name: agent110
  start:
  - 176
  - 241
- goal:
  - 94
  - 78
  name: agent111
  start:
  - 216
  - 67
- goal:
  - 237
  - 140
  name: agent112
  start:
  - 162
  - 59
- goal:
  - 74
  - 87
  name: agent113
  start:
  - 184
  - 1
- goal:
  - 43
  - 173
  name: agent114
  start:
  - 69
  - 212
- goal:
  - 41
  - 227
  name: agent115
  start:
  - 178
  - 13
- goal:
  - 184
  - 49
  name: agent116
  start:
  - 226
  - 74
- goal:
  - 1
  - 250
  name: agent117
  start:
  - 184
  - 16
- goal:
  - 120
  - 165
  name: agent118
  start:
  - 72
  - 164
- goal:
  - 162
  - 150
  name: agent119
  start:
  - 148
  - 155
- goal:
  - 42
  - 124
  name: agent120
  start:
  - 220
  - 101
- goal:
  - 174
  - 185
  name: agent121
  start:
  - 146
  - 241
- goal:
  - 68
  - 86
  name: agent122
  start:
  - 48
  - 102
- goal:
  - 91
  - 199
  name: agent123
  start:
  - 69
  - 246
- goal:
  - 231
  - 29
  name: agent124
  start:
  - 42
  - 233
- goal:
  - 125
  - 169
  name: agent125
  start:
  - 87
  - 65
- goal:
  - 85
  - 194
  name: agent126
  start:
  - 143
  - 80
- goal:
  - 95
  - 227
  name: agent127
  start:
  - 211
  - 251
- goal:
  - 239
  - 63
  name: agent128
  start:
  - 123
  - 39
- goal:
  - 137
  - 242
  name: agent129
  start:
  - 142
  - 127
- goal:
  - 35
  - 229
  name: agent130
  start:
  - 180
  - 10
- goal:
  - 126
  - 200
  name: agent131
  start:
  - 244
  - 203
- goal:
  - 171
  - 33
  name: agent132
  start:
  - 158
  - 27
- goal:
  - 111
  - 195
  name: agent133
  start:
  - 3
  - 245
- goal:
  - 17
  - 242
  name: agent134
  start:
  - 227
  - 56
- goal:
  - 210
  - 64
  name: agent135
  start:
  - 201
  - 58
- goal:
  - 39
  - 4
  name: agent136
  start:
  - 111
  - 226
- goal:
  - 187
  - 233
  name: agent137
  start:
  - 54
  - 158
- goal:
  - 176
  - 108
  name: agent138
  start:
  - 191
  - 85
- goal:
  - 153
  - 206
  name: agent139
  start:
  - 78
  - 32
- goal:
  - 24
  - 156
  name: agent140
  start:
  - 139
  - 116
- goal:
  - 118
  - 254
  name: agent141
  start:
  - 28
  - 2
- goal:
  - 231
  - 247
  name: agent142
  start:
  - 87
  - 129
- goal:
  - 182
  - 72
  name: agent143
  start:
  - 42
  - 145
- goal:
  - 86
  - 125
  name: agent144
  start:
  - 229
  - 113
- goal:
  - 8
  - 3
  name: agent145
  start:
  - 238
  - 250
- goal:
  - 55
  - 76
  name: agent146
  start:
  - 214
  - 140
- goal:
  - 205
  - 178
  name: agent147
  start:
  - 0
  - 1
- goal:
  - 90
  - 95
  name: agent148
  start:
  - 111
  - 117
- goal:
  - 59
  - 229
  name: agent149
  start:
  - 252
  - 2
- goal:
  - 28
  - 236
  name: agent150
  start:
  - 247
  - 17
- goal:
  - 166
  - 155
  name: agent151
  start:
  - 187
  - 212
- goal:
  - 239
  - 137
  name: agent152
  start:
  - 12
  - 19
- goal:
  - 135
  - 221
  name: agent153
  start:
  - 201
  - 241
- goal:
  - 58
  - 95
  name: agent154
  start:
  - 235
  - 121
- goal:
  - 51
  - 172
  name: agent155
  start:
  - 51
  - 214
- goal:
  - 206
  - 161
  name: agent156
  start:
  - 119
  - 219
- goal:
  - 205
  - 247
  name: agent157
  start:
  - 19
  - 11
- goal:
  - 3
  - 83
  name: agent158
  start:
  - 2
  - 65
- goal:
  - 76
  - 20
  name: agent159
  start:
  - 143
  - 35
- goal:
  - 8
  - 8
  name: agent160
  start:
  - 251
  - 0
- goal:
  - 52
  - 4
  name: agent161
  start:
  - 246
  - 74
- goal:
  - 34
  - 231
  name: agent162
  start:
  - 252
  - 23
- goal:
  - 0
  - 9
  name: agent163
  start:
  - 248
  - 47
- goal:
  - 160
  - 245
  name: agent164
  start:
  - 234
  - 251
- goal:
  - 238
  - 252
  name: agent165
  start:
  - 6
  - 10
- goal:
  - 110
  - 101
  name: agent166
  start:
  - 50
  - 179
- goal:
  - 197
  - 253
  name: agent167
  start:
  - 44
  - 3
- goal:
  - 129
  - 138
  name: agent168
  start:
  - 70
  - 201
- goal:
  - 62
  - 2
  name: agent169
  start:
  - 173
  - 204
map_path: ../yaml_maps/Berlin_1_256.map
