agents:
- goal:
  - 228
  - 134
  name: agent0
  start:
  - 36
  - 220
- goal:
  - 150
  - 170
  name: agent1
  start:
  - 90
  - 74
- goal:
  - 106
  - 195
  name: agent2
  start:
  - 101
  - 194
- goal:
  - 252
  - 185
  name: agent3
  start:
  - 4
  - 163
- goal:
  - 95
  - 45
  name: agent4
  start:
  - 163
  - 47
- goal:
  - 106
  - 234
  name: agent5
  start:
  - 73
  - 251
- goal:
  - 158
  - 35
  name: agent6
  start:
  - 5
  - 235
- goal:
  - 208
  - 19
  name: agent7
  start:
  - 65
  - 188
- goal:
  - 166
  - 122
  name: agent8
  start:
  - 154
  - 52
- goal:
  - 132
  - 1
  name: agent9
  start:
  - 30
  - 209
- goal:
  - 10
  - 87
  name: agent10
  start:
  - 178
  - 212
- goal:
  - 113
  - 240
  name: agent11
  start:
  - 48
  - 133
- goal:
  - 29
  - 176
  name: agent12
  start:
  - 85
  - 161
- goal:
  - 137
  - 228
  name: agent13
  start:
  - 10
  - 8
- goal:
  - 156
  - 21
  name: agent14
  start:
  - 46
  - 30
- goal:
  - 157
  - 226
  name: agent15
  start:
  - 151
  - 69
- goal:
  - 99
  - 166
  name: agent16
  start:
  - 16
  - 32
- goal:
  - 184
  - 37
  name: agent17
  start:
  - 67
  - 84
- goal:
  - 127
  - 19
  name: agent18
  start:
  - 85
  - 228
- goal:
  - 154
  - 7
  name: agent19
  start:
  - 115
  - 235
- goal:
  - 85
  - 15
  name: agent20
  start:
  - 109
  - 149
- goal:
  - 47
  - 162
  name: agent21
  start:
  - 139
  - 89
- goal:
  - 142
  - 3
  name: agent22
  start:
  - 12
  - 25
- goal:
  - 162
  - 110
  name: agent23
  start:
  - 167
  - 151
- goal:
  - 80
  - 194
  name: agent24
  start:
  - 111
  - 187
- goal:
  - 161
  - 163
  name: agent25
  start:
  - 135
  - 168
- goal:
  - 18
  - 22
  name: agent26
  start:
  - 136
  - 132
- goal:
  - 49
  - 241
  name: agent27
  start:
  - 238
  - 74
- goal:
  - 3
  - 52
  name: agent28
  start:
  - 96
  - 2
- goal:
  - 62
  - 104
  name: agent29
  start:
  - 101
  - 112
- goal:
  - 117
  - 230
  name: agent30
  start:
  - 94
  - 101
- goal:
  - 236
  - 214
  name: agent31
  start:
  - 150
  - 101
- goal:
  - 229
  - 114
  name: agent32
  start:
  - 146
  - 214
- goal:
  - 160
  - 107
  name: agent33
  start:
  - 197
  - 103
- goal:
  - 68
  - 115
  name: agent34
  start:
  - 2
  - 99
- goal:
  - 192
  - 246
  name: agent35
  start:
  - 89
  - 1
- goal:
  - 6
  - 142
  name: agent36
  start:
  - 176
  - 22
- goal:
  - 232
  - 2
  name: agent37
  start:
  - 3
  - 119
- goal:
  - 21
  - 52
  name: agent38
  start:
  - 78
  - 10
- goal:
  - 13
  - 116
  name: agent39
  start:
  - 197
  - 5
- goal:
  - 245
  - 188
  name: agent40
  start:
  - 8
  - 239
- goal:
  - 243
  - 20
  name: agent41
  start:
  - 6
  - 83
- goal:
  - 12
  - 135
  name: agent42
  start:
  - 126
  - 179
- goal:
  - 163
  - 30
  name: agent43
  start:
  - 23
  - 233
- goal:
  - 209
  - 83
  name: agent44
  start:
  - 238
  - 229
- goal:
  - 183
  - 42
  name: agent45
  start:
  - 250
  - 78
- goal:
  - 184
  - 182
  name: agent46
  start:
  - 159
  - 34
- goal:
  - 39
  - 185
  name: agent47
  start:
  - 191
  - 161
- goal:
  - 148
  - 246
  name: agent48
  start:
  - 153
  - 246
- goal:
  - 70
  - 66
  name: agent49
  start:
  - 170
  - 136
- goal:
  - 29
  - 20
  name: agent50
  start:
  - 238
  - 37
- goal:
  - 191
  - 200
  name: agent51
  start:
  - 159
  - 30
- goal:
  - 100
  - 175
  name: agent52
  start:
  - 210
  - 55
- goal:
  - 7
  - 222
  name: agent53
  start:
  - 237
  - 6
- goal:
  - 170
  - 216
  name: agent54
  start:
  - 90
  - 240
- goal:
  - 214
  - 250
  name: agent55
  start:
  - 3
  - 3
- goal:
  - 29
  - 239
  name: agent56
  start:
  - 184
  - 11
- goal:
  - 24
  - 52
  name: agent57
  start:
  - 73
  - 49
- goal:
  - 248
  - 204
  name: agent58
  start:
  - 242
  - 229
- goal:
  - 44
  - 136
  name: agent59
  start:
  - 181
  - 167
- goal:
  - 72
  - 14
  name: agent60
  start:
  - 83
  - 232
- goal:
  - 51
  - 117
  name: agent61
  start:
  - 126
  - 69
- goal:
  - 168
  - 114
  name: agent62
  start:
  - 120
  - 106
- goal:
  - 2
  - 145
  name: agent63
  start:
  - 148
  - 5
- goal:
  - 12
  - 231
  name: agent64
  start:
  - 81
  - 160
- goal:
  - 158
  - 17
  name: agent65
  start:
  - 59
  - 203
- goal:
  - 14
  - 78
  name: agent66
  start:
  - 156
  - 25
- goal:
  - 57
  - 122
  name: agent67
  start:
  - 49
  - 115
- goal:
  - 202
  - 242
  name: agent68
  start:
  - 98
  - 51
- goal:
  - 103
  - 234
  name: agent69
  start:
  - 152
  - 218
- goal:
  - 186
  - 249
  name: agent70
  start:
  - 35
  - 150
- goal:
  - 44
  - 172
  name: agent71
  start:
  - 129
  - 108
- goal:
  - 34
  - 42
  name: agent72
  start:
  - 144
  - 33
- goal:
  - 240
  - 97
  name: agent73
  start:
  - 15
  - 1
- goal:
  - 245
  - 247
  name: agent74
  start:
  - 63
  - 179
- goal:
  - 147
  - 19
  name: agent75
  start:
  - 46
  - 68
- goal:
  - 209
  - 178
  name: agent76
  start:
  - 25
  - 15
- goal:
  - 175
  - 236
  name: agent77
  start:
  - 171
  - 254
- goal:
  - 169
  - 147
  name: agent78
  start:
  - 168
  - 51
- goal:
  - 144
  - 3
  name: agent79
  start:
  - 14
  - 59
- goal:
  - 62
  - 25
  name: agent80
  start:
  - 61
  - 31
- goal:
  - 202
  - 96
  name: agent81
  start:
  - 27
  - 242
- goal:
  - 246
  - 119
  name: agent82
  start:
  - 23
  - 16
- goal:
  - 235
  - 70
  name: agent83
  start:
  - 5
  - 152
- goal:
  - 129
  - 253
  name: agent84
  start:
  - 81
  - 48
- goal:
  - 103
  - 231
  name: agent85
  start:
  - 110
  - 44
- goal:
  - 62
  - 192
  name: agent86
  start:
  - 36
  - 199
- goal:
  - 97
  - 2
  name: agent87
  start:
  - 255
  - 85
- goal:
  - 149
  - 200
  name: agent88
  start:
  - 53
  - 125
- goal:
  - 217
  - 181
  name: agent89
  start:
  - 35
  - 111
- goal:
  - 243
  - 12
  name: agent90
  start:
  - 1
  - 168
- goal:
  - 83
  - 147
  name: agent91
  start:
  - 185
  - 13
- goal:
  - 112
  - 93
  name: agent92
  start:
  - 188
  - 139
- goal:
  - 149
  - 75
  name: agent93
  start:
  - 193
  - 175
- goal:
  - 174
  - 131
  name: agent94
  start:
  - 84
  - 239
- goal:
  - 25
  - 205
  name: agent95
  start:
  - 133
  - 224
- goal:
  - 197
  - 236
  name: agent96
  start:
  - 28
  - 19
- goal:
  - 194
  - 215
  name: agent97
  start:
  - 38
  - 252
- goal:
  - 199
  - 196
  name: agent98
  start:
  - 139
  - 81
- goal:
  - 233
  - 163
  name: agent99
  start:
  - 79
  - 226
- goal:
  - 69
  - 7
  name: agent100
  start:
  - 48
  - 129
- goal:
  - 39
  - 231
  name: agent101
  start:
  - 145
  - 150
- goal:
  - 142
  - 193
  name: agent102
  start:
  - 56
  - 247
- goal:
  - 246
  - 243
  name: agent103
  start:
  - 32
  - 54
- goal:
  - 210
  - 191
  name: agent104
  start:
  - 39
  - 151
- goal:
  - 70
  - 13
  name: agent105
  start:
  - 16
  - 224
- goal:
  - 200
  - 75
  name: agent106
  start:
  - 251
  - 132
- goal:
  - 248
  - 132
  name: agent107
  start:
  - 247
  - 133
- goal:
  - 188
  - 148
  name: agent108
  start:
  - 28
  - 167
- goal:
  - 190
  - 124
  name: agent109
  start:
  - 234
  - 140
- goal:
  - 134
  - 59
  name: agent110
  start:
  - 201
  - 160
- goal:
  - 209
  - 188
  name: agent111
  start:
  - 145
  - 235
- goal:
  - 176
  - 66
  name: agent112
  start:
  - 58
  - 195
- goal:
  - 0
  - 158
  name: agent113
  start:
  - 169
  - 12
- goal:
  - 156
  - 252
  name: agent114
  start:
  - 53
  - 165
- goal:
  - 229
  - 81
  name: agent115
  start:
  - 61
  - 63
- goal:
  - 220
  - 153
  name: agent116
  start:
  - 213
  - 58
- goal:
  - 39
  - 143
  name: agent117
  start:
  - 159
  - 55
- goal:
  - 222
  - 160
  name: agent118
  start:
  - 196
  - 146
- goal:
  - 125
  - 3
  name: agent119
  start:
  - 4
  - 121
- goal:
  - 172
  - 40
  name: agent120
  start:
  - 115
  - 115
- goal:
  - 159
  - 92
  name: agent121
  start:
  - 46
  - 43
- goal:
  - 156
  - 38
  name: agent122
  start:
  - 32
  - 153
- goal:
  - 127
  - 147
  name: agent123
  start:
  - 79
  - 170
- goal:
  - 227
  - 81
  name: agent124
  start:
  - 211
  - 80
- goal:
  - 4
  - 239
  name: agent125
  start:
  - 231
  - 75
- goal:
  - 222
  - 224
  name: agent126
  start:
  - 134
  - 59
- goal:
  - 141
  - 236
  name: agent127
  start:
  - 212
  - 250
- goal:
  - 216
  - 246
  name: agent128
  start:
  - 121
  - 47
- goal:
  - 147
  - 45
  name: agent129
  start:
  - 79
  - 241
- goal:
  - 90
  - 249
  name: agent130
  start:
  - 213
  - 240
- goal:
  - 16
  - 184
  name: agent131
  start:
  - 241
  - 44
- goal:
  - 163
  - 172
  name: agent132
  start:
  - 200
  - 205
- goal:
  - 243
  - 159
  name: agent133
  start:
  - 251
  - 125
- goal:
  - 166
  - 12
  name: agent134
  start:
  - 136
  - 193
- goal:
  - 15
  - 213
  name: agent135
  start:
  - 167
  - 0
- goal:
  - 172
  - 210
  name: agent136
  start:
  - 174
  - 225
- goal:
  - 140
  - 115
  name: agent137
  start:
  - 144
  - 23
- goal:
  - 5
  - 98
  name: agent138
  start:
  - 67
  - 159
- goal:
  - 162
  - 39
  name: agent139
  start:
  - 4
  - 203
- goal:
  - 206
  - 76
  name: agent140
  start:
  - 140
  - 60
- goal:
  - 106
  - 115
  name: agent141
  start:
  - 43
  - 222
- goal:
  - 179
  - 225
  name: agent142
  start:
  - 72
  - 26
- goal:
  - 176
  - 59
  name: agent143
  start:
  - 171
  - 60
- goal:
  - 77
  - 54
  name: agent144
  start:
  - 145
  - 182
- goal:
  - 228
  - 4
  name: agent145
  start:
  - 23
  - 231
- goal:
  - 9
  - 255
  name: agent146
  start:
  - 100
  - 173
- goal:
  - 230
  - 26
  name: agent147
  start:
  - 104
  - 128
- goal:
  - 204
  - 31
  name: agent148
  start:
  - 13
  - 112
- goal:
  - 184
  - 15
  name: agent149
  start:
  - 2
  - 160
- goal:
  - 236
  - 45
  name: agent150
  start:
  - 232
  - 241
- goal:
  - 187
  - 50
  name: agent151
  start:
  - 212
  - 123
- goal:
  - 17
  - 22
  name: agent152
  start:
  - 194
  - 248
- goal:
  - 31
  - 77
  name: agent153
  start:
  - 20
  - 67
- goal:
  - 214
  - 183
  name: agent154
  start:
  - 227
  - 163
- goal:
  - 118
  - 208
  name: agent155
  start:
  - 140
  - 231
- goal:
  - 2
  - 1
  name: agent156
  start:
  - 232
  - 0
- goal:
  - 98
  - 27
  name: agent157
  start:
  - 218
  - 108
- goal:
  - 179
  - 117
  name: agent158
  start:
  - 250
  - 202
- goal:
  - 69
  - 42
  name: agent159
  start:
  - 43
  - 254
- goal:
  - 239
  - 41
  name: agent160
  start:
  - 46
  - 101
- goal:
  - 220
  - 123
  name: agent161
  start:
  - 148
  - 159
- goal:
  - 30
  - 24
  name: agent162
  start:
  - 53
  - 26
- goal:
  - 249
  - 19
  name: agent163
  start:
  - 62
  - 33
- goal:
  - 70
  - 61
  name: agent164
  start:
  - 153
  - 7
map_path: ../yaml_maps/Boston_0_256.map
