agents:
- goal:
  - 124
  - 32
  name: agent0
  start:
  - 217
  - 53
- goal:
  - 249
  - 14
  name: agent1
  start:
  - 1
  - 210
- goal:
  - 250
  - 70
  name: agent2
  start:
  - 167
  - 57
- goal:
  - 167
  - 61
  name: agent3
  start:
  - 17
  - 20
- goal:
  - 50
  - 149
  name: agent4
  start:
  - 223
  - 101
- goal:
  - 149
  - 67
  name: agent5
  start:
  - 17
  - 99
- goal:
  - 72
  - 251
  name: agent6
  start:
  - 10
  - 62
- goal:
  - 201
  - 245
  name: agent7
  start:
  - 241
  - 19
- goal:
  - 224
  - 103
  name: agent8
  start:
  - 88
  - 179
- goal:
  - 232
  - 209
  name: agent9
  start:
  - 74
  - 64
- goal:
  - 28
  - 13
  name: agent10
  start:
  - 24
  - 250
- goal:
  - 177
  - 64
  name: agent11
  start:
  - 34
  - 20
- goal:
  - 210
  - 174
  name: agent12
  start:
  - 137
  - 94
- goal:
  - 51
  - 69
  name: agent13
  start:
  - 241
  - 95
- goal:
  - 217
  - 95
  name: agent14
  start:
  - 140
  - 231
- goal:
  - 2
  - 31
  name: agent15
  start:
  - 19
  - 250
- goal:
  - 25
  - 213
  name: agent16
  start:
  - 196
  - 5
- goal:
  - 164
  - 49
  name: agent17
  start:
  - 157
  - 27
- goal:
  - 252
  - 239
  name: agent18
  start:
  - 171
  - 70
- goal:
  - 193
  - 131
  name: agent19
  start:
  - 162
  - 112
- goal:
  - 101
  - 57
  name: agent20
  start:
  - 92
  - 201
- goal:
  - 137
  - 196
  name: agent21
  start:
  - 146
  - 190
- goal:
  - 158
  - 86
  name: agent22
  start:
  - 176
  - 129
- goal:
  - 138
  - 0
  name: agent23
  start:
  - 3
  - 14
- goal:
  - 190
  - 58
  name: agent24
  start:
  - 199
  - 106
- goal:
  - 129
  - 239
  name: agent25
  start:
  - 35
  - 179
- goal:
  - 5
  - 136
  name: agent26
  start:
  - 171
  - 1
- goal:
  - 137
  - 189
  name: agent27
  start:
  - 6
  - 82
- goal:
  - 247
  - 60
  name: agent28
  start:
  - 48
  - 215
- goal:
  - 255
  - 243
  name: agent29
  start:
  - 0
  - 7
- goal:
  - 163
  - 21
  name: agent30
  start:
  - 246
  - 105
- goal:
  - 107
  - 12
  name: agent31
  start:
  - 75
  - 252
- goal:
  - 33
  - 169
  name: agent32
  start:
  - 1
  - 209
- goal:
  - 227
  - 213
  name: agent33
  start:
  - 145
  - 28
- goal:
  - 14
  - 190
  name: agent34
  start:
  - 126
  - 54
- goal:
  - 242
  - 189
  name: agent35
  start:
  - 4
  - 101
- goal:
  - 60
  - 234
  name: agent36
  start:
  - 206
  - 81
- goal:
  - 242
  - 205
  name: agent37
  start:
  - 42
  - 58
- goal:
  - 92
  - 13
  name: agent38
  start:
  - 169
  - 99
- goal:
  - 253
  - 229
  name: agent39
  start:
  - 141
  - 68
- goal:
  - 111
  - 243
  name: agent40
  start:
  - 113
  - 121
- goal:
  - 86
  - 112
  name: agent41
  start:
  - 81
  - 100
- goal:
  - 224
  - 44
  name: agent42
  start:
  - 117
  - 15
- goal:
  - 104
  - 4
  name: agent43
  start:
  - 57
  - 159
- goal:
  - 196
  - 198
  name: agent44
  start:
  - 169
  - 154
- goal:
  - 126
  - 56
  name: agent45
  start:
  - 140
  - 167
- goal:
  - 24
  - 52
  name: agent46
  start:
  - 236
  - 237
- goal:
  - 67
  - 114
  name: agent47
  start:
  - 9
  - 19
- goal:
  - 164
  - 81
  name: agent48
  start:
  - 14
  - 60
- goal:
  - 198
  - 203
  name: agent49
  start:
  - 223
  - 195
- goal:
  - 195
  - 233
  name: agent50
  start:
  - 17
  - 117
- goal:
  - 245
  - 22
  name: agent51
  start:
  - 0
  - 49
- goal:
  - 30
  - 215
  name: agent52
  start:
  - 244
  - 147
- goal:
  - 86
  - 35
  name: agent53
  start:
  - 33
  - 132
- goal:
  - 217
  - 30
  name: agent54
  start:
  - 64
  - 230
- goal:
  - 77
  - 21
  name: agent55
  start:
  - 251
  - 253
- goal:
  - 198
  - 25
  name: agent56
  start:
  - 133
  - 201
- goal:
  - 215
  - 231
  name: agent57
  start:
  - 227
  - 230
- goal:
  - 12
  - 211
  name: agent58
  start:
  - 199
  - 195
- goal:
  - 9
  - 217
  name: agent59
  start:
  - 177
  - 3
- goal:
  - 235
  - 71
  name: agent60
  start:
  - 46
  - 251
- goal:
  - 33
  - 121
  name: agent61
  start:
  - 156
  - 41
- goal:
  - 26
  - 207
  name: agent62
  start:
  - 182
  - 0
- goal:
  - 43
  - 63
  name: agent63
  start:
  - 93
  - 138
- goal:
  - 202
  - 139
  name: agent64
  start:
  - 56
  - 244
- goal:
  - 11
  - 79
  name: agent65
  start:
  - 147
  - 39
- goal:
  - 167
  - 99
  name: agent66
  start:
  - 204
  - 207
- goal:
  - 76
  - 99
  name: agent67
  start:
  - 145
  - 118
- goal:
  - 142
  - 42
  name: agent68
  start:
  - 33
  - 153
- goal:
  - 56
  - 28
  name: agent69
  start:
  - 243
  - 179
- goal:
  - 4
  - 235
  name: agent70
  start:
  - 245
  - 8
- goal:
  - 232
  - 166
  name: agent71
  start:
  - 93
  - 35
- goal:
  - 9
  - 17
  name: agent72
  start:
  - 18
  - 228
- goal:
  - 2
  - 203
  name: agent73
  start:
  - 195
  - 143
- goal:
  - 168
  - 212
  name: agent74
  start:
  - 223
  - 55
- goal:
  - 231
  - 46
  name: agent75
  start:
  - 166
  - 209
- goal:
  - 199
  - 75
  name: agent76
  start:
  - 160
  - 218
- goal:
  - 142
  - 24
  name: agent77
  start:
  - 103
  - 245
- goal:
  - 243
  - 189
  name: agent78
  start:
  - 32
  - 101
- goal:
  - 27
  - 171
  name: agent79
  start:
  - 46
  - 237
- goal:
  - 3
  - 16
  name: agent80
  start:
  - 2
  - 24
- goal:
  - 189
  - 12
  name: agent81
  start:
  - 17
  - 79
- goal:
  - 223
  - 139
  name: agent82
  start:
  - 25
  - 24
- goal:
  - 63
  - 165
  name: agent83
  start:
  - 94
  - 123
- goal:
  - 83
  - 252
  name: agent84
  start:
  - 150
  - 14
- goal:
  - 233
  - 140
  name: agent85
  start:
  - 30
  - 244
- goal:
  - 42
  - 74
  name: agent86
  start:
  - 32
  - 73
- goal:
  - 90
  - 155
  name: agent87
  start:
  - 51
  - 152
- goal:
  - 157
  - 7
  name: agent88
  start:
  - 53
  - 169
- goal:
  - 255
  - 18
  name: agent89
  start:
  - 19
  - 139
- goal:
  - 149
  - 129
  name: agent90
  start:
  - 154
  - 124
- goal:
  - 1
  - 13
  name: agent91
  start:
  - 241
  - 3
- goal:
  - 28
  - 245
  name: agent92
  start:
  - 62
  - 77
- goal:
  - 161
  - 216
  name: agent93
  start:
  - 7
  - 162
- goal:
  - 21
  - 24
  name: agent94
  start:
  - 60
  - 19
- goal:
  - 157
  - 118
  name: agent95
  start:
  - 203
  - 103
- goal:
  - 32
  - 146
  name: agent96
  start:
  - 90
  - 207
- goal:
  - 229
  - 0
  name: agent97
  start:
  - 58
  - 224
- goal:
  - 94
  - 59
  name: agent98
  start:
  - 157
  - 74
- goal:
  - 206
  - 228
  name: agent99
  start:
  - 236
  - 181
- goal:
  - 204
  - 4
  name: agent100
  start:
  - 14
  - 210
- goal:
  - 57
  - 236
  name: agent101
  start:
  - 57
  - 236
- goal:
  - 152
  - 175
  name: agent102
  start:
  - 191
  - 12
- goal:
  - 87
  - 224
  name: agent103
  start:
  - 59
  - 190
- goal:
  - 6
  - 27
  name: agent104
  start:
  - 245
  - 69
- goal:
  - 210
  - 20
  name: agent105
  start:
  - 9
  - 215
- goal:
  - 101
  - 147
  name: agent106
  start:
  - 56
  - 32
- goal:
  - 98
  - 26
  name: agent107
  start:
  - 90
  - 12
- goal:
  - 212
  - 190
  name: agent108
  start:
  - 219
  - 232
- goal:
  - 240
  - 129
  name: agent109
  start:
  - 196
  - 164
- goal:
  - 91
  - 179
  name: agent110
  start:
  - 18
  - 218
- goal:
  - 90
  - 190
  name: agent111
  start:
  - 243
  - 222
- goal:
  - 2
  - 247
  name: agent112
  start:
  - 148
  - 42
- goal:
  - 10
  - 59
  name: agent113
  start:
  - 137
  - 21
- goal:
  - 31
  - 14
  name: agent114
  start:
  - 185
  - 59
- goal:
  - 190
  - 124
  name: agent115
  start:
  - 131
  - 58
- goal:
  - 237
  - 207
  name: agent116
  start:
  - 61
  - 65
- goal:
  - 218
  - 69
  name: agent117
  start:
  - 16
  - 10
- goal:
  - 169
  - 112
  name: agent118
  start:
  - 68
  - 64
- goal:
  - 38
  - 79
  name: agent119
  start:
  - 29
  - 205
- goal:
  - 136
  - 115
  name: agent120
  start:
  - 76
  - 136
- goal:
  - 159
  - 52
  name: agent121
  start:
  - 17
  - 212
- goal:
  - 52
  - 58
  name: agent122
  start:
  - 142
  - 11
- goal:
  - 120
  - 82
  name: agent123
  start:
  - 239
  - 93
- goal:
  - 122
  - 20
  name: agent124
  start:
  - 168
  - 15
- goal:
  - 122
  - 1
  name: agent125
  start:
  - 44
  - 235
- goal:
  - 251
  - 22
  name: agent126
  start:
  - 68
  - 166
- goal:
  - 55
  - 147
  name: agent127
  start:
  - 66
  - 62
- goal:
  - 5
  - 205
  name: agent128
  start:
  - 232
  - 79
- goal:
  - 85
  - 89
  name: agent129
  start:
  - 243
  - 233
- goal:
  - 10
  - 166
  name: agent130
  start:
  - 160
  - 16
- goal:
  - 218
  - 221
  name: agent131
  start:
  - 25
  - 174
- goal:
  - 204
  - 12
  name: agent132
  start:
  - 22
  - 209
- goal:
  - 149
  - 6
  name: agent133
  start:
  - 30
  - 203
- goal:
  - 243
  - 246
  name: agent134
  start:
  - 82
  - 29
- goal:
  - 84
  - 243
  name: agent135
  start:
  - 125
  - 2
- goal:
  - 158
  - 15
  name: agent136
  start:
  - 3
  - 234
- goal:
  - 247
  - 191
  name: agent137
  start:
  - 10
  - 3
- goal:
  - 169
  - 24
  name: agent138
  start:
  - 226
  - 50
- goal:
  - 138
  - 20
  name: agent139
  start:
  - 163
  - 237
- goal:
  - 231
  - 227
  name: agent140
  start:
  - 103
  - 237
- goal:
  - 104
  - 228
  name: agent141
  start:
  - 79
  - 76
- goal:
  - 137
  - 93
  name: agent142
  start:
  - 141
  - 228
- goal:
  - 85
  - 80
  name: agent143
  start:
  - 96
  - 83
- goal:
  - 114
  - 68
  name: agent144
  start:
  - 54
  - 250
- goal:
  - 138
  - 195
  name: agent145
  start:
  - 254
  - 54
- goal:
  - 251
  - 70
  name: agent146
  start:
  - 45
  - 40
- goal:
  - 249
  - 65
  name: agent147
  start:
  - 8
  - 91
- goal:
  - 196
  - 135
  name: agent148
  start:
  - 157
  - 56
- goal:
  - 169
  - 229
  name: agent149
  start:
  - 114
  - 118
- goal:
  - 25
  - 228
  name: agent150
  start:
  - 164
  - 35
- goal:
  - 130
  - 79
  name: agent151
  start:
  - 108
  - 130
- goal:
  - 3
  - 230
  name: agent152
  start:
  - 1
  - 232
- goal:
  - 71
  - 39
  name: agent153
  start:
  - 4
  - 108
- goal:
  - 85
  - 142
  name: agent154
  start:
  - 49
  - 34
- goal:
  - 21
  - 221
  name: agent155
  start:
  - 239
  - 5
- goal:
  - 76
  - 95
  name: agent156
  start:
  - 244
  - 186
- goal:
  - 174
  - 20
  name: agent157
  start:
  - 220
  - 13
- goal:
  - 136
  - 105
  name: agent158
  start:
  - 166
  - 223
- goal:
  - 226
  - 61
  name: agent159
  start:
  - 62
  - 41
- goal:
  - 71
  - 87
  name: agent160
  start:
  - 34
  - 135
- goal:
  - 221
  - 104
  name: agent161
  start:
  - 148
  - 113
- goal:
  - 246
  - 14
  name: agent162
  start:
  - 13
  - 141
- goal:
  - 144
  - 11
  name: agent163
  start:
  - 0
  - 236
- goal:
  - 91
  - 7
  name: agent164
  start:
  - 166
  - 132
- goal:
  - 248
  - 62
  name: agent165
  start:
  - 224
  - 181
- goal:
  - 238
  - 71
  name: agent166
  start:
  - 8
  - 240
- goal:
  - 43
  - 131
  name: agent167
  start:
  - 124
  - 127
- goal:
  - 29
  - 98
  name: agent168
  start:
  - 232
  - 167
- goal:
  - 215
  - 250
  name: agent169
  start:
  - 70
  - 88
- goal:
  - 104
  - 241
  name: agent170
  start:
  - 174
  - 146
- goal:
  - 86
  - 186
  name: agent171
  start:
  - 178
  - 112
- goal:
  - 244
  - 134
  name: agent172
  start:
  - 57
  - 243
- goal:
  - 22
  - 234
  name: agent173
  start:
  - 127
  - 4
- goal:
  - 188
  - 74
  name: agent174
  start:
  - 208
  - 177
map_path: ../yaml_maps/Boston_0_256.map
