agents:
- goal:
  - 489
  - 287
  name: agent0
  start:
  - 330
  - 238
- goal:
  - 399
  - 105
  name: agent1
  start:
  - 382
  - 125
- goal:
  - 288
  - 297
  name: agent2
  start:
  - 383
  - 238
- goal:
  - 378
  - 72
  name: agent3
  start:
  - 506
  - 180
- goal:
  - 109
  - 234
  name: agent4
  start:
  - 463
  - 363
- goal:
  - 433
  - 135
  name: agent5
  start:
  - 417
  - 236
- goal:
  - 252
  - 230
  name: agent6
  start:
  - 374
  - 85
- goal:
  - 456
  - 459
  name: agent7
  start:
  - 62
  - 143
- goal:
  - 251
  - 356
  name: agent8
  start:
  - 114
  - 117
- goal:
  - 76
  - 79
  name: agent9
  start:
  - 468
  - 220
- goal:
  - 136
  - 72
  name: agent10
  start:
  - 245
  - 356
- goal:
  - 247
  - 133
  name: agent11
  start:
  - 150
  - 119
- goal:
  - 57
  - 169
  name: agent12
  start:
  - 421
  - 49
- goal:
  - 188
  - 142
  name: agent13
  start:
  - 112
  - 120
- goal:
  - 454
  - 85
  name: agent14
  start:
  - 457
  - 278
- goal:
  - 98
  - 121
  name: agent15
  start:
  - 500
  - 182
- goal:
  - 370
  - 115
  name: agent16
  start:
  - 420
  - 79
- goal:
  - 463
  - 306
  name: agent17
  start:
  - 141
  - 156
- goal:
  - 86
  - 255
  name: agent18
  start:
  - 76
  - 143
- goal:
  - 132
  - 76
  name: agent19
  start:
  - 221
  - 297
- goal:
  - 126
  - 156
  name: agent20
  start:
  - 119
  - 242
- goal:
  - 219
  - 290
  name: agent21
  start:
  - 121
  - 233
- goal:
  - 127
  - 264
  name: agent22
  start:
  - 511
  - 415
- goal:
  - 251
  - 338
  name: agent23
  start:
  - 63
  - 102
- goal:
  - 251
  - 361
  name: agent24
  start:
  - 76
  - 137
- goal:
  - 297
  - 227
  name: agent25
  start:
  - 473
  - 291
- goal:
  - 251
  - 252
  name: agent26
  start:
  - 347
  - 89
- goal:
  - 491
  - 369
  name: agent27
  start:
  - 84
  - 162
- goal:
  - 42
  - 115
  name: agent28
  start:
  - 371
  - 218
- goal:
  - 418
  - 22
  name: agent29
  start:
  - 479
  - 434
- goal:
  - 478
  - 305
  name: agent30
  start:
  - 371
  - 79
- goal:
  - 480
  - 181
  name: agent31
  start:
  - 341
  - 226
- goal:
  - 172
  - 132
  name: agent32
  start:
  - 369
  - 217
- goal:
  - 130
  - 120
  name: agent33
  start:
  - 221
  - 288
- goal:
  - 465
  - 355
  name: agent34
  start:
  - 110
  - 126
- goal:
  - 430
  - 29
  name: agent35
  start:
  - 120
  - 115
- goal:
  - 174
  - 136
  name: agent36
  start:
  - 256
  - 376
- goal:
  - 282
  - 135
  name: agent37
  start:
  - 350
  - 68
- goal:
  - 458
  - 353
  name: agent38
  start:
  - 461
  - 289
- goal:
  - 92
  - 232
  name: agent39
  start:
  - 473
  - 276
- goal:
  - 172
  - 148
  name: agent40
  start:
  - 257
  - 373
- goal:
  - 84
  - 227
  name: agent41
  start:
  - 478
  - 317
- goal:
  - 57
  - 100
  name: agent42
  start:
  - 337
  - 101
- goal:
  - 225
  - 296
  name: agent43
  start:
  - 247
  - 266
- goal:
  - 183
  - 142
  name: agent44
  start:
  - 257
  - 367
- goal:
  - 165
  - 147
  name: agent45
  start:
  - 362
  - 203
- goal:
  - 279
  - 293
  name: agent46
  start:
  - 87
  - 137
- goal:
  - 291
  - 83
  name: agent47
  start:
  - 349
  - 274
- goal:
  - 476
  - 405
  name: agent48
  start:
  - 104
  - 143
- goal:
  - 470
  - 99
  name: agent49
  start:
  - 522
  - 188
- goal:
  - 259
  - 352
  name: agent50
  start:
  - 97
  - 219
- goal:
  - 249
  - 238
  name: agent51
  start:
  - 342
  - 221
- goal:
  - 460
  - 359
  name: agent52
  start:
  - 342
  - 226
- goal:
  - 436
  - 134
  name: agent53
  start:
  - 440
  - 131
- goal:
  - 459
  - 267
  name: agent54
  start:
  - 81
  - 145
- goal:
  - 379
  - 86
  name: agent55
  start:
  - 73
  - 116
- goal:
  - 37
  - 159
  name: agent56
  start:
  - 249
  - 384
- goal:
  - 457
  - 463
  name: agent57
  start:
  - 41
  - 55
- goal:
  - 351
  - 202
  name: agent58
  start:
  - 324
  - 74
- goal:
  - 121
  - 76
  name: agent59
  start:
  - 448
  - 397
- goal:
  - 462
  - 182
  name: agent60
  start:
  - 339
  - 297
- goal:
  - 477
  - 83
  name: agent61
  start:
  - 228
  - 133
- goal:
  - 482
  - 301
  name: agent62
  start:
  - 471
  - 221
- goal:
  - 419
  - 236
  name: agent63
  start:
  - 492
  - 368
- goal:
  - 77
  - 109
  name: agent64
  start:
  - 250
  - 221
- goal:
  - 427
  - 179
  name: agent65
  start:
  - 429
  - 177
- goal:
  - 125
  - 249
  name: agent66
  start:
  - 445
  - 422
- goal:
  - 360
  - 232
  name: agent67
  start:
  - 503
  - 436
- goal:
  - 477
  - 329
  name: agent68
  start:
  - 107
  - 121
- goal:
  - 88
  - 240
  name: agent69
  start:
  - 429
  - 134
- goal:
  - 474
  - 272
  name: agent70
  start:
  - 476
  - 265
- goal:
  - 252
  - 227
  name: agent71
  start:
  - 154
  - 120
- goal:
  - 352
  - 216
  name: agent72
  start:
  - 364
  - 85
- goal:
  - 448
  - 139
  name: agent73
  start:
  - 110
  - 233
- goal:
  - 85
  - 143
  name: agent74
  start:
  - 108
  - 138
- goal:
  - 91
  - 240
  name: agent75
  start:
  - 492
  - 280
- goal:
  - 245
  - 256
  name: agent76
  start:
  - 188
  - 144
- goal:
  - 247
  - 367
  name: agent77
  start:
  - 195
  - 152
- goal:
  - 505
  - 390
  name: agent78
  start:
  - 407
  - 227
- goal:
  - 494
  - 441
  name: agent79
  start:
  - 185
  - 141
- goal:
  - 94
  - 136
  name: agent80
  start:
  - 252
  - 377
- goal:
  - 93
  - 93
  name: agent81
  start:
  - 89
  - 109
- goal:
  - 357
  - 297
  name: agent82
  start:
  - 81
  - 152
- goal:
  - 129
  - 155
  name: agent83
  start:
  - 463
  - 357
- goal:
  - 489
  - 355
  name: agent84
  start:
  - 71
  - 135
- goal:
  - 37
  - 65
  name: agent85
  start:
  - 257
  - 234
- goal:
  - 289
  - 235
  name: agent86
  start:
  - 79
  - 57
- goal:
  - 249
  - 280
  name: agent87
  start:
  - 103
  - 115
- goal:
  - 441
  - 423
  name: agent88
  start:
  - 370
  - 81
- goal:
  - 171
  - 122
  name: agent89
  start:
  - 83
  - 127
- goal:
  - 76
  - 127
  name: agent90
  start:
  - 434
  - 131
- goal:
  - 418
  - 121
  name: agent91
  start:
  - 60
  - 66
- goal:
  - 76
  - 146
  name: agent92
  start:
  - 428
  - 52
- goal:
  - 340
  - 282
  name: agent93
  start:
  - 49
  - 141
- goal:
  - 459
  - 185
  name: agent94
  start:
  - 67
  - 138
- goal:
  - 46
  - 66
  name: agent95
  start:
  - 441
  - 419
- goal:
  - 244
  - 221
  name: agent96
  start:
  - 284
  - 130
- goal:
  - 473
  - 185
  name: agent97
  start:
  - 251
  - 309
- goal:
  - 65
  - 140
  name: agent98
  start:
  - 430
  - 24
- goal:
  - 254
  - 370
  name: agent99
  start:
  - 338
  - 72
- goal:
  - 192
  - 132
  name: agent100
  start:
  - 108
  - 73
- goal:
  - 351
  - 284
  name: agent101
  start:
  - 43
  - 136
- goal:
  - 183
  - 119
  name: agent102
  start:
  - 456
  - 451
- goal:
  - 107
  - 150
  name: agent103
  start:
  - 397
  - 89
- goal:
  - 83
  - 228
  name: agent104
  start:
  - 476
  - 192
- goal:
  - 222
  - 131
  name: agent105
  start:
  - 237
  - 285
- goal:
  - 46
  - 60
  name: agent106
  start:
  - 476
  - 310
- goal:
  - 477
  - 82
  name: agent107
  start:
  - 53
  - 99
- goal:
  - 368
  - 66
  name: agent108
  start:
  - 382
  - 233
- goal:
  - 454
  - 438
  name: agent109
  start:
  - 298
  - 229
- goal:
  - 390
  - 94
  name: agent110
  start:
  - 263
  - 278
- goal:
  - 51
  - 158
  name: agent111
  start:
  - 428
  - 71
- goal:
  - 415
  - 19
  name: agent112
  start:
  - 328
  - 230
- goal:
  - 32
  - 122
  name: agent113
  start:
  - 483
  - 465
- goal:
  - 453
  - 312
  name: agent114
  start:
  - 345
  - 68
- goal:
  - 122
  - 140
  name: agent115
  start:
  - 258
  - 348
- goal:
  - 127
  - 71
  name: agent116
  start:
  - 494
  - 376
- goal:
  - 444
  - 430
  name: agent117
  start:
  - 357
  - 86
- goal:
  - 366
  - 264
  name: agent118
  start:
  - 83
  - 154
- goal:
  - 359
  - 211
  name: agent119
  start:
  - 242
  - 281
- goal:
  - 490
  - 316
  name: agent120
  start:
  - 54
  - 130
- goal:
  - 471
  - 447
  name: agent121
  start:
  - 365
  - 72
- goal:
  - 247
  - 363
  name: agent122
  start:
  - 117
  - 73
- goal:
  - 473
  - 336
  name: agent123
  start:
  - 355
  - 297
- goal:
  - 373
  - 71
  name: agent124
  start:
  - 349
  - 251
- goal:
  - 474
  - 254
  name: agent125
  start:
  - 177
  - 116
- goal:
  - 211
  - 296
  name: agent126
  start:
  - 88
  - 228
- goal:
  - 121
  - 152
  name: agent127
  start:
  - 249
  - 398
- goal:
  - 446
  - 424
  name: agent128
  start:
  - 84
  - 144
- goal:
  - 371
  - 79
  name: agent129
  start:
  - 111
  - 233
- goal:
  - 410
  - 20
  name: agent130
  start:
  - 242
  - 335
- goal:
  - 259
  - 315
  name: agent131
  start:
  - 138
  - 68
- goal:
  - 71
  - 144
  name: agent132
  start:
  - 490
  - 440
- goal:
  - 365
  - 214
  name: agent133
  start:
  - 104
  - 120
- goal:
  - 418
  - 83
  name: agent134
  start:
  - 355
  - 220
- goal:
  - 492
  - 284
  name: agent135
  start:
  - 433
  - 181
- goal:
  - 300
  - 288
  name: agent136
  start:
  - 301
  - 288
- goal:
  - 54
  - 110
  name: agent137
  start:
  - 330
  - 88
- goal:
  - 379
  - 113
  name: agent138
  start:
  - 43
  - 138
- goal:
  - 81
  - 125
  name: agent139
  start:
  - 260
  - 284
- goal:
  - 122
  - 63
  name: agent140
  start:
  - 166
  - 150
- goal:
  - 464
  - 358
  name: agent141
  start:
  - 368
  - 240
- goal:
  - 62
  - 133
  name: agent142
  start:
  - 78
  - 100
- goal:
  - 503
  - 437
  name: agent143
  start:
  - 102
  - 143
- goal:
  - 422
  - 135
  name: agent144
  start:
  - 346
  - 198
- goal:
  - 457
  - 229
  name: agent145
  start:
  - 378
  - 244
- goal:
  - 61
  - 79
  name: agent146
  start:
  - 336
  - 237
- goal:
  - 61
  - 165
  name: agent147
  start:
  - 252
  - 306
- goal:
  - 204
  - 300
  name: agent148
  start:
  - 424
  - 7
- goal:
  - 233
  - 281
  name: agent149
  start:
  - 265
  - 135
- goal:
  - 473
  - 169
  name: agent150
  start:
  - 126
  - 267
- goal:
  - 337
  - 120
  name: agent151
  start:
  - 258
  - 349
- goal:
  - 84
  - 180
  name: agent152
  start:
  - 284
  - 89
- goal:
  - 463
  - 362
  name: agent153
  start:
  - 461
  - 137
- goal:
  - 423
  - 4
  name: agent154
  start:
  - 83
  - 165
- goal:
  - 109
  - 112
  name: agent155
  start:
  - 337
  - 221
- goal:
  - 490
  - 440
  name: agent156
  start:
  - 330
  - 239
- goal:
  - 416
  - 28
  name: agent157
  start:
  - 476
  - 274
- goal:
  - 97
  - 253
  name: agent158
  start:
  - 444
  - 425
- goal:
  - 359
  - 218
  name: agent159
  start:
  - 118
  - 122
- goal:
  - 331
  - 87
  name: agent160
  start:
  - 382
  - 245
- goal:
  - 428
  - 189
  name: agent161
  start:
  - 462
  - 295
- goal:
  - 124
  - 74
  name: agent162
  start:
  - 283
  - 274
- goal:
  - 486
  - 316
  name: agent163
  start:
  - 493
  - 288
- goal:
  - 83
  - 154
  name: agent164
  start:
  - 86
  - 258
- goal:
  - 69
  - 160
  name: agent165
  start:
  - 280
  - 141
- goal:
  - 85
  - 131
  name: agent166
  start:
  - 104
  - 139
- goal:
  - 87
  - 201
  name: agent167
  start:
  - 473
  - 184
- goal:
  - 333
  - 118
  name: agent168
  start:
  - 343
  - 69
- goal:
  - 83
  - 73
  name: agent169
  start:
  - 439
  - 416
- goal:
  - 501
  - 442
  name: agent170
  start:
  - 119
  - 268
- goal:
  - 56
  - 60
  name: agent171
  start:
  - 378
  - 68
- goal:
  - 473
  - 299
  name: agent172
  start:
  - 62
  - 57
- goal:
  - 520
  - 183
  name: agent173
  start:
  - 252
  - 373
- goal:
  - 461
  - 91
  name: agent174
  start:
  - 464
  - 285
- goal:
  - 287
  - 101
  name: agent175
  start:
  - 117
  - 67
- goal:
  - 146
  - 134
  name: agent176
  start:
  - 103
  - 170
- goal:
  - 88
  - 214
  name: agent177
  start:
  - 469
  - 418
- goal:
  - 453
  - 238
  name: agent178
  start:
  - 92
  - 63
- goal:
  - 244
  - 338
  name: agent179
  start:
  - 34
  - 67
- goal:
  - 247
  - 309
  name: agent180
  start:
  - 472
  - 106
- goal:
  - 244
  - 270
  name: agent181
  start:
  - 503
  - 382
- goal:
  - 499
  - 444
  name: agent182
  start:
  - 256
  - 293
- goal:
  - 223
  - 303
  name: agent183
  start:
  - 119
  - 140
- goal:
  - 343
  - 75
  name: agent184
  start:
  - 332
  - 247
- goal:
  - 469
  - 227
  name: agent185
  start:
  - 473
  - 245
- goal:
  - 125
  - 73
  name: agent186
  start:
  - 436
  - 402
- goal:
  - 422
  - 27
  name: agent187
  start:
  - 193
  - 135
- goal:
  - 346
  - 215
  name: agent188
  start:
  - 93
  - 132
- goal:
  - 275
  - 293
  name: agent189
  start:
  - 182
  - 134
- goal:
  - 423
  - 133
  name: agent190
  start:
  - 417
  - 30
- goal:
  - 118
  - 149
  name: agent191
  start:
  - 505
  - 425
- goal:
  - 390
  - 231
  name: agent192
  start:
  - 42
  - 142
- goal:
  - 94
  - 80
  name: agent193
  start:
  - 345
  - 227
- goal:
  - 431
  - 191
  name: agent194
  start:
  - 319
  - 86
map_path: ../yaml_maps/brc202d.map
