agents:
- goal:
  - 254
  - 242
  name: agent0
  start:
  - 271
  - 236
- goal:
  - 206
  - 139
  name: agent1
  start:
  - 318
  - 240
- goal:
  - 85
  - 144
  name: agent2
  start:
  - 236
  - 275
- goal:
  - 404
  - 1
  name: agent3
  start:
  - 243
  - 370
- goal:
  - 286
  - 94
  name: agent4
  start:
  - 369
  - 97
- goal:
  - 249
  - 318
  name: agent5
  start:
  - 102
  - 113
- goal:
  - 460
  - 277
  name: agent6
  start:
  - 350
  - 247
- goal:
  - 271
  - 142
  name: agent7
  start:
  - 108
  - 146
- goal:
  - 393
  - 68
  name: agent8
  start:
  - 470
  - 444
- goal:
  - 319
  - 90
  name: agent9
  start:
  - 446
  - 370
- goal:
  - 466
  - 212
  name: agent10
  start:
  - 154
  - 155
- goal:
  - 48
  - 69
  name: agent11
  start:
  - 345
  - 108
- goal:
  - 247
  - 235
  name: agent12
  start:
  - 440
  - 416
- goal:
  - 500
  - 422
  name: agent13
  start:
  - 142
  - 120
- goal:
  - 472
  - 261
  name: agent14
  start:
  - 136
  - 156
- goal:
  - 257
  - 329
  name: agent15
  start:
  - 111
  - 162
- goal:
  - 69
  - 106
  name: agent16
  start:
  - 298
  - 294
- goal:
  - 86
  - 221
  name: agent17
  start:
  - 359
  - 196
- goal:
  - 83
  - 188
  name: agent18
  start:
  - 66
  - 163
- goal:
  - 75
  - 166
  name: agent19
  start:
  - 504
  - 188
- goal:
  - 431
  - 78
  name: agent20
  start:
  - 446
  - 182
- goal:
  - 334
  - 61
  name: agent21
  start:
  - 320
  - 86
- goal:
  - 430
  - 106
  name: agent22
  start:
  - 121
  - 120
- goal:
  - 496
  - 285
  name: agent23
  start:
  - 86
  - 142
- goal:
  - 141
  - 134
  name: agent24
  start:
  - 365
  - 92
- goal:
  - 262
  - 394
  name: agent25
  start:
  - 92
  - 125
- goal:
  - 353
  - 221
  name: agent26
  start:
  - 355
  - 196
- goal:
  - 473
  - 466
  name: agent27
  start:
  - 170
  - 149
- goal:
  - 89
  - 80
  name: agent28
  start:
  - 261
  - 140
- goal:
  - 454
  - 295
  name: agent29
  start:
  - 164
  - 131
- goal:
  - 456
  - 269
  name: agent30
  start:
  - 242
  - 285
- goal:
  - 455
  - 93
  name: agent31
  start:
  - 82
  - 154
- goal:
  - 51
  - 130
  name: agent32
  start:
  - 216
  - 276
- goal:
  - 255
  - 311
  name: agent33
  start:
  - 126
  - 248
- goal:
  - 75
  - 75
  name: agent34
  start:
  - 263
  - 393
- goal:
  - 62
  - 159
  name: agent35
  start:
  - 409
  - 96
- goal:
  - 479
  - 316
  name: agent36
  start:
  - 213
  - 292
- goal:
  - 100
  - 124
  name: agent37
  start:
  - 80
  - 76
- goal:
  - 382
  - 233
  name: agent38
  start:
  - 254
  - 291
- goal:
  - 103
  - 167
  name: agent39
  start:
  - 33
  - 133
- goal:
  - 104
  - 239
  name: agent40
  start:
  - 451
  - 269
- goal:
  - 111
  - 262
  name: agent41
  start:
  - 360
  - 212
- goal:
  - 469
  - 106
  name: agent42
  start:
  - 459
  - 378
- goal:
  - 111
  - 239
  name: agent43
  start:
  - 457
  - 184
- goal:
  - 470
  - 193
  name: agent44
  start:
  - 422
  - 179
- goal:
  - 471
  - 94
  name: agent45
  start:
  - 448
  - 444
- goal:
  - 59
  - 65
  name: agent46
  start:
  - 128
  - 265
- goal:
  - 458
  - 178
  name: agent47
  start:
  - 470
  - 346
- goal:
  - 195
  - 128
  name: agent48
  start:
  - 455
  - 300
- goal:
  - 95
  - 88
  name: agent49
  start:
  - 298
  - 282
- goal:
  - 146
  - 123
  name: agent50
  start:
  - 373
  - 104
- goal:
  - 45
  - 118
  name: agent51
  start:
  - 357
  - 116
- goal:
  - 101
  - 268
  name: agent52
  start:
  - 277
  - 276
- goal:
  - 268
  - 280
  name: agent53
  start:
  - 95
  - 80
- goal:
  - 446
  - 435
  name: agent54
  start:
  - 84
  - 208
- goal:
  - 265
  - 278
  name: agent55
  start:
  - 44
  - 60
- goal:
  - 448
  - 397
  name: agent56
  start:
  - 87
  - 136
- goal:
  - 448
  - 232
  name: agent57
  start:
  - 104
  - 139
- goal:
  - 423
  - 126
  name: agent58
  start:
  - 128
  - 227
- goal:
  - 285
  - 132
  name: agent59
  start:
  - 486
  - 462
- goal:
  - 327
  - 243
  name: agent60
  start:
  - 458
  - 141
- goal:
  - 443
  - 397
  name: agent61
  start:
  - 366
  - 109
- goal:
  - 453
  - 293
  name: agent62
  start:
  - 89
  - 225
- goal:
  - 508
  - 186
  name: agent63
  start:
  - 491
  - 368
- goal:
  - 110
  - 64
  name: agent64
  start:
  - 463
  - 181
- goal:
  - 427
  - 83
  name: agent65
  start:
  - 397
  - 100
- goal:
  - 511
  - 424
  name: agent66
  start:
  - 438
  - 377
- goal:
  - 445
  - 379
  name: agent67
  start:
  - 504
  - 412
- goal:
  - 457
  - 179
  name: agent68
  start:
  - 458
  - 316
- goal:
  - 453
  - 82
  name: agent69
  start:
  - 372
  - 238
- goal:
  - 509
  - 416
  name: agent70
  start:
  - 487
  - 451
- goal:
  - 251
  - 273
  name: agent71
  start:
  - 490
  - 437
- goal:
  - 485
  - 291
  name: agent72
  start:
  - 119
  - 131
- goal:
  - 245
  - 387
  name: agent73
  start:
  - 177
  - 155
- goal:
  - 262
  - 391
  name: agent74
  start:
  - 260
  - 350
- goal:
  - 78
  - 105
  name: agent75
  start:
  - 473
  - 235
- goal:
  - 36
  - 122
  name: agent76
  start:
  - 461
  - 362
- goal:
  - 499
  - 436
  name: agent77
  start:
  - 102
  - 228
- goal:
  - 284
  - 104
  name: agent78
  start:
  - 473
  - 308
- goal:
  - 177
  - 156
  name: agent79
  start:
  - 78
  - 124
- goal:
  - 253
  - 316
  name: agent80
  start:
  - 458
  - 297
- goal:
  - 66
  - 134
  name: agent81
  start:
  - 75
  - 162
- goal:
  - 82
  - 70
  name: agent82
  start:
  - 358
  - 78
- goal:
  - 483
  - 276
  name: agent83
  start:
  - 247
  - 260
- goal:
  - 99
  - 121
  name: agent84
  start:
  - 253
  - 226
- goal:
  - 371
  - 101
  name: agent85
  start:
  - 179
  - 140
- goal:
  - 427
  - 95
  name: agent86
  start:
  - 250
  - 395
- goal:
  - 284
  - 284
  name: agent87
  start:
  - 460
  - 455
- goal:
  - 447
  - 391
  name: agent88
  start:
  - 151
  - 150
- goal:
  - 338
  - 86
  name: agent89
  start:
  - 429
  - 55
- goal:
  - 43
  - 70
  name: agent90
  start:
  - 234
  - 282
- goal:
  - 130
  - 75
  name: agent91
  start:
  - 356
  - 201
- goal:
  - 422
  - 95
  name: agent92
  start:
  - 124
  - 52
- goal:
  - 358
  - 276
  name: agent93
  start:
  - 216
  - 295
- goal:
  - 448
  - 136
  name: agent94
  start:
  - 452
  - 381
- goal:
  - 94
  - 227
  name: agent95
  start:
  - 219
  - 134
- goal:
  - 221
  - 281
  name: agent96
  start:
  - 391
  - 226
- goal:
  - 495
  - 309
  name: agent97
  start:
  - 485
  - 310
- goal:
  - 139
  - 74
  name: agent98
  start:
  - 78
  - 134
- goal:
  - 370
  - 223
  name: agent99
  start:
  - 86
  - 132
map_path: ../yaml_maps/brc202d.map
