agents:
- goal:
  - 506
  - 408
  name: agent0
  start:
  - 511
  - 411
- goal:
  - 488
  - 263
  name: agent1
  start:
  - 437
  - 385
- goal:
  - 117
  - 60
  name: agent2
  start:
  - 331
  - 74
- goal:
  - 246
  - 255
  name: agent3
  start:
  - 128
  - 261
- goal:
  - 297
  - 300
  name: agent4
  start:
  - 97
  - 129
- goal:
  - 103
  - 71
  name: agent5
  start:
  - 469
  - 132
- goal:
  - 348
  - 87
  name: agent6
  start:
  - 105
  - 110
- goal:
  - 331
  - 221
  name: agent7
  start:
  - 498
  - 379
- goal:
  - 342
  - 103
  name: agent8
  start:
  - 280
  - 285
- goal:
  - 120
  - 235
  name: agent9
  start:
  - 439
  - 400
- goal:
  - 492
  - 182
  name: agent10
  start:
  - 72
  - 100
- goal:
  - 200
  - 298
  name: agent11
  start:
  - 247
  - 311
- goal:
  - 96
  - 250
  name: agent12
  start:
  - 99
  - 112
- goal:
  - 257
  - 366
  name: agent13
  start:
  - 468
  - 183
- goal:
  - 259
  - 355
  name: agent14
  start:
  - 113
  - 265
- goal:
  - 257
  - 133
  name: agent15
  start:
  - 348
  - 75
- goal:
  - 121
  - 114
  name: agent16
  start:
  - 282
  - 105
- goal:
  - 344
  - 252
  name: agent17
  start:
  - 246
  - 146
- goal:
  - 346
  - 229
  name: agent18
  start:
  - 257
  - 340
- goal:
  - 479
  - 105
  name: agent19
  start:
  - 363
  - 200
- goal:
  - 383
  - 235
  name: agent20
  start:
  - 379
  - 106
- goal:
  - 467
  - 365
  name: agent21
  start:
  - 359
  - 79
- goal:
  - 361
  - 283
  name: agent22
  start:
  - 506
  - 444
- goal:
  - 282
  - 276
  name: agent23
  start:
  - 101
  - 263
- goal:
  - 257
  - 377
  name: agent24
  start:
  - 87
  - 110
- goal:
  - 99
  - 266
  name: agent25
  start:
  - 302
  - 296
- goal:
  - 57
  - 57
  name: agent26
  start:
  - 496
  - 292
- goal:
  - 188
  - 140
  name: agent27
  start:
  - 244
  - 227
- goal:
  - 420
  - 172
  name: agent28
  start:
  - 495
  - 271
- goal:
  - 45
  - 159
  name: agent29
  start:
  - 381
  - 227
- goal:
  - 469
  - 353
  name: agent30
  start:
  - 76
  - 124
- goal:
  - 462
  - 279
  name: agent31
  start:
  - 420
  - 26
- goal:
  - 334
  - 249
  name: agent32
  start:
  - 330
  - 96
- goal:
  - 62
  - 166
  name: agent33
  start:
  - 355
  - 283
- goal:
  - 80
  - 123
  name: agent34
  start:
  - 430
  - 71
- goal:
  - 511
  - 410
  name: agent35
  start:
  - 474
  - 402
- goal:
  - 81
  - 166
  name: agent36
  start:
  - 135
  - 141
- goal:
  - 372
  - 228
  name: agent37
  start:
  - 494
  - 277
- goal:
  - 488
  - 378
  name: agent38
  start:
  - 460
  - 225
- goal:
  - 488
  - 179
  name: agent39
  start:
  - 493
  - 300
- goal:
  - 254
  - 298
  name: agent40
  start:
  - 133
  - 70
- goal:
  - 432
  - 11
  name: agent41
  start:
  - 431
  - 80
- goal:
  - 76
  - 135
  name: agent42
  start:
  - 442
  - 445
- goal:
  - 386
  - 110
  name: agent43
  start:
  - 118
  - 124
- goal:
  - 146
  - 154
  name: agent44
  start:
  - 468
  - 219
- goal:
  - 362
  - 233
  name: agent45
  start:
  - 295
  - 297
- goal:
  - 130
  - 67
  name: agent46
  start:
  - 334
  - 113
- goal:
  - 502
  - 443
  name: agent47
  start:
  - 84
  - 154
- goal:
  - 344
  - 94
  name: agent48
  start:
  - 489
  - 303
- goal:
  - 417
  - 228
  name: agent49
  start:
  - 345
  - 116
- goal:
  - 350
  - 248
  name: agent50
  start:
  - 252
  - 294
- goal:
  - 468
  - 341
  name: agent51
  start:
  - 55
  - 133
- goal:
  - 470
  - 97
  name: agent52
  start:
  - 141
  - 72
- goal:
  - 358
  - 101
  name: agent53
  start:
  - 255
  - 374
- goal:
  - 55
  - 101
  name: agent54
  start:
  - 198
  - 304
map_path: ../yaml_maps/brc202d.map
