agents:
- goal:
  - 254
  - 242
  name: agent0
  start:
  - 271
  - 236
- goal:
  - 206
  - 139
  name: agent1
  start:
  - 318
  - 240
- goal:
  - 85
  - 144
  name: agent2
  start:
  - 236
  - 275
- goal:
  - 404
  - 1
  name: agent3
  start:
  - 243
  - 370
- goal:
  - 286
  - 94
  name: agent4
  start:
  - 369
  - 97
- goal:
  - 249
  - 318
  name: agent5
  start:
  - 102
  - 113
- goal:
  - 460
  - 277
  name: agent6
  start:
  - 350
  - 247
- goal:
  - 271
  - 142
  name: agent7
  start:
  - 108
  - 146
- goal:
  - 393
  - 68
  name: agent8
  start:
  - 470
  - 444
- goal:
  - 319
  - 90
  name: agent9
  start:
  - 446
  - 370
- goal:
  - 466
  - 212
  name: agent10
  start:
  - 154
  - 155
- goal:
  - 48
  - 69
  name: agent11
  start:
  - 345
  - 108
- goal:
  - 247
  - 235
  name: agent12
  start:
  - 440
  - 416
- goal:
  - 500
  - 422
  name: agent13
  start:
  - 142
  - 120
- goal:
  - 472
  - 261
  name: agent14
  start:
  - 136
  - 156
- goal:
  - 257
  - 329
  name: agent15
  start:
  - 111
  - 162
- goal:
  - 69
  - 106
  name: agent16
  start:
  - 298
  - 294
- goal:
  - 86
  - 221
  name: agent17
  start:
  - 359
  - 196
- goal:
  - 83
  - 188
  name: agent18
  start:
  - 66
  - 163
- goal:
  - 75
  - 166
  name: agent19
  start:
  - 504
  - 188
- goal:
  - 431
  - 78
  name: agent20
  start:
  - 446
  - 182
- goal:
  - 334
  - 61
  name: agent21
  start:
  - 320
  - 86
- goal:
  - 430
  - 106
  name: agent22
  start:
  - 121
  - 120
- goal:
  - 496
  - 285
  name: agent23
  start:
  - 86
  - 142
- goal:
  - 141
  - 134
  name: agent24
  start:
  - 365
  - 92
- goal:
  - 262
  - 394
  name: agent25
  start:
  - 92
  - 125
- goal:
  - 353
  - 221
  name: agent26
  start:
  - 355
  - 196
- goal:
  - 473
  - 466
  name: agent27
  start:
  - 170
  - 149
- goal:
  - 89
  - 80
  name: agent28
  start:
  - 261
  - 140
- goal:
  - 454
  - 295
  name: agent29
  start:
  - 164
  - 131
- goal:
  - 456
  - 269
  name: agent30
  start:
  - 242
  - 285
- goal:
  - 455
  - 93
  name: agent31
  start:
  - 82
  - 154
- goal:
  - 51
  - 130
  name: agent32
  start:
  - 216
  - 276
- goal:
  - 255
  - 311
  name: agent33
  start:
  - 126
  - 248
- goal:
  - 75
  - 75
  name: agent34
  start:
  - 263
  - 393
- goal:
  - 62
  - 159
  name: agent35
  start:
  - 409
  - 96
- goal:
  - 479
  - 316
  name: agent36
  start:
  - 213
  - 292
- goal:
  - 100
  - 124
  name: agent37
  start:
  - 80
  - 76
- goal:
  - 382
  - 233
  name: agent38
  start:
  - 254
  - 291
- goal:
  - 103
  - 167
  name: agent39
  start:
  - 33
  - 133
- goal:
  - 104
  - 239
  name: agent40
  start:
  - 451
  - 269
- goal:
  - 111
  - 262
  name: agent41
  start:
  - 360
  - 212
- goal:
  - 469
  - 106
  name: agent42
  start:
  - 459
  - 378
- goal:
  - 111
  - 239
  name: agent43
  start:
  - 457
  - 184
- goal:
  - 470
  - 193
  name: agent44
  start:
  - 422
  - 179
- goal:
  - 471
  - 94
  name: agent45
  start:
  - 448
  - 444
- goal:
  - 59
  - 65
  name: agent46
  start:
  - 128
  - 265
- goal:
  - 458
  - 178
  name: agent47
  start:
  - 470
  - 346
- goal:
  - 195
  - 128
  name: agent48
  start:
  - 455
  - 300
- goal:
  - 95
  - 88
  name: agent49
  start:
  - 298
  - 282
- goal:
  - 146
  - 123
  name: agent50
  start:
  - 373
  - 104
- goal:
  - 45
  - 118
  name: agent51
  start:
  - 357
  - 116
- goal:
  - 101
  - 268
  name: agent52
  start:
  - 277
  - 276
- goal:
  - 268
  - 280
  name: agent53
  start:
  - 95
  - 80
- goal:
  - 446
  - 435
  name: agent54
  start:
  - 84
  - 208
- goal:
  - 265
  - 278
  name: agent55
  start:
  - 44
  - 60
- goal:
  - 448
  - 397
  name: agent56
  start:
  - 87
  - 136
- goal:
  - 448
  - 232
  name: agent57
  start:
  - 104
  - 139
- goal:
  - 423
  - 126
  name: agent58
  start:
  - 128
  - 227
- goal:
  - 285
  - 132
  name: agent59
  start:
  - 486
  - 462
- goal:
  - 327
  - 243
  name: agent60
  start:
  - 458
  - 141
- goal:
  - 443
  - 397
  name: agent61
  start:
  - 366
  - 109
- goal:
  - 453
  - 293
  name: agent62
  start:
  - 89
  - 225
- goal:
  - 508
  - 186
  name: agent63
  start:
  - 491
  - 368
- goal:
  - 110
  - 64
  name: agent64
  start:
  - 463
  - 181
- goal:
  - 427
  - 83
  name: agent65
  start:
  - 397
  - 100
- goal:
  - 511
  - 424
  name: agent66
  start:
  - 438
  - 377
- goal:
  - 445
  - 379
  name: agent67
  start:
  - 504
  - 412
- goal:
  - 457
  - 179
  name: agent68
  start:
  - 458
  - 316
- goal:
  - 453
  - 82
  name: agent69
  start:
  - 372
  - 238
- goal:
  - 509
  - 416
  name: agent70
  start:
  - 487
  - 451
- goal:
  - 251
  - 273
  name: agent71
  start:
  - 490
  - 437
- goal:
  - 485
  - 291
  name: agent72
  start:
  - 119
  - 131
- goal:
  - 245
  - 387
  name: agent73
  start:
  - 177
  - 155
- goal:
  - 262
  - 391
  name: agent74
  start:
  - 260
  - 350
- goal:
  - 78
  - 105
  name: agent75
  start:
  - 473
  - 235
- goal:
  - 36
  - 122
  name: agent76
  start:
  - 461
  - 362
- goal:
  - 499
  - 436
  name: agent77
  start:
  - 102
  - 228
- goal:
  - 284
  - 104
  name: agent78
  start:
  - 473
  - 308
- goal:
  - 177
  - 156
  name: agent79
  start:
  - 78
  - 124
- goal:
  - 253
  - 316
  name: agent80
  start:
  - 458
  - 297
- goal:
  - 66
  - 134
  name: agent81
  start:
  - 75
  - 162
- goal:
  - 82
  - 70
  name: agent82
  start:
  - 358
  - 78
- goal:
  - 483
  - 276
  name: agent83
  start:
  - 247
  - 260
- goal:
  - 99
  - 121
  name: agent84
  start:
  - 253
  - 226
- goal:
  - 371
  - 101
  name: agent85
  start:
  - 179
  - 140
- goal:
  - 427
  - 95
  name: agent86
  start:
  - 250
  - 395
- goal:
  - 284
  - 284
  name: agent87
  start:
  - 460
  - 455
- goal:
  - 447
  - 391
  name: agent88
  start:
  - 151
  - 150
- goal:
  - 338
  - 86
  name: agent89
  start:
  - 429
  - 55
- goal:
  - 43
  - 70
  name: agent90
  start:
  - 234
  - 282
- goal:
  - 130
  - 75
  name: agent91
  start:
  - 356
  - 201
- goal:
  - 422
  - 95
  name: agent92
  start:
  - 124
  - 52
- goal:
  - 358
  - 276
  name: agent93
  start:
  - 216
  - 295
- goal:
  - 448
  - 136
  name: agent94
  start:
  - 452
  - 381
- goal:
  - 94
  - 227
  name: agent95
  start:
  - 219
  - 134
- goal:
  - 221
  - 281
  name: agent96
  start:
  - 391
  - 226
- goal:
  - 495
  - 309
  name: agent97
  start:
  - 485
  - 310
- goal:
  - 139
  - 74
  name: agent98
  start:
  - 78
  - 134
- goal:
  - 370
  - 223
  name: agent99
  start:
  - 86
  - 132
- goal:
  - 239
  - 283
  name: agent100
  start:
  - 279
  - 111
- goal:
  - 92
  - 197
  name: agent101
  start:
  - 311
  - 231
- goal:
  - 430
  - 235
  name: agent102
  start:
  - 406
  - 82
- goal:
  - 420
  - 104
  name: agent103
  start:
  - 106
  - 231
- goal:
  - 453
  - 451
  name: agent104
  start:
  - 473
  - 107
- goal:
  - 144
  - 149
  name: agent105
  start:
  - 362
  - 279
- goal:
  - 436
  - 378
  name: agent106
  start:
  - 69
  - 158
- goal:
  - 359
  - 225
  name: agent107
  start:
  - 177
  - 156
- goal:
  - 475
  - 469
  name: agent108
  start:
  - 69
  - 119
- goal:
  - 477
  - 348
  name: agent109
  start:
  - 463
  - 101
- goal:
  - 509
  - 375
  name: agent110
  start:
  - 256
  - 347
- goal:
  - 156
  - 125
  name: agent111
  start:
  - 358
  - 288
- goal:
  - 462
  - 95
  name: agent112
  start:
  - 359
  - 74
- goal:
  - 128
  - 237
  name: agent113
  start:
  - 467
  - 247
- goal:
  - 38
  - 136
  name: agent114
  start:
  - 352
  - 251
- goal:
  - 512
  - 408
  name: agent115
  start:
  - 254
  - 316
- goal:
  - 422
  - 45
  name: agent116
  start:
  - 257
  - 315
- goal:
  - 293
  - 234
  name: agent117
  start:
  - 478
  - 151
- goal:
  - 67
  - 135
  name: agent118
  start:
  - 243
  - 138
- goal:
  - 342
  - 120
  name: agent119
  start:
  - 389
  - 89
- goal:
  - 120
  - 126
  name: agent120
  start:
  - 451
  - 364
- goal:
  - 332
  - 239
  name: agent121
  start:
  - 249
  - 141
- goal:
  - 376
  - 94
  name: agent122
  start:
  - 101
  - 174
- goal:
  - 86
  - 222
  name: agent123
  start:
  - 467
  - 237
- goal:
  - 120
  - 272
  name: agent124
  start:
  - 479
  - 464
- goal:
  - 109
  - 68
  name: agent125
  start:
  - 489
  - 364
- goal:
  - 324
  - 64
  name: agent126
  start:
  - 352
  - 231
- goal:
  - 478
  - 151
  name: agent127
  start:
  - 212
  - 293
- goal:
  - 491
  - 313
  name: agent128
  start:
  - 250
  - 394
- goal:
  - 420
  - 127
  name: agent129
  start:
  - 478
  - 171
- goal:
  - 325
  - 74
  name: agent130
  start:
  - 478
  - 200
- goal:
  - 253
  - 282
  name: agent131
  start:
  - 113
  - 237
- goal:
  - 356
  - 246
  name: agent132
  start:
  - 260
  - 133
- goal:
  - 476
  - 417
  name: agent133
  start:
  - 87
  - 181
- goal:
  - 456
  - 103
  name: agent134
  start:
  - 77
  - 137
- goal:
  - 427
  - 49
  name: agent135
  start:
  - 427
  - 1
- goal:
  - 124
  - 256
  name: agent136
  start:
  - 255
  - 284
- goal:
  - 244
  - 281
  name: agent137
  start:
  - 101
  - 266
- goal:
  - 470
  - 168
  name: agent138
  start:
  - 107
  - 265
- goal:
  - 280
  - 114
  name: agent139
  start:
  - 119
  - 240
- goal:
  - 43
  - 71
  name: agent140
  start:
  - 95
  - 233
- goal:
  - 61
  - 160
  name: agent141
  start:
  - 138
  - 60
- goal:
  - 314
  - 236
  name: agent142
  start:
  - 142
  - 61
- goal:
  - 83
  - 60
  name: agent143
  start:
  - 463
  - 377
- goal:
  - 179
  - 136
  name: agent144
  start:
  - 374
  - 243
- goal:
  - 352
  - 69
  name: agent145
  start:
  - 389
  - 111
- goal:
  - 89
  - 206
  name: agent146
  start:
  - 142
  - 139
- goal:
  - 472
  - 243
  name: agent147
  start:
  - 34
  - 134
- goal:
  - 417
  - 86
  name: agent148
  start:
  - 452
  - 92
- goal:
  - 345
  - 65
  name: agent149
  start:
  - 410
  - 22
- goal:
  - 348
  - 295
  name: agent150
  start:
  - 457
  - 442
- goal:
  - 500
  - 426
  name: agent151
  start:
  - 105
  - 142
- goal:
  - 351
  - 85
  name: agent152
  start:
  - 301
  - 229
- goal:
  - 129
  - 59
  name: agent153
  start:
  - 361
  - 280
- goal:
  - 371
  - 88
  name: agent154
  start:
  - 187
  - 124
- goal:
  - 418
  - 110
  name: agent155
  start:
  - 137
  - 149
- goal:
  - 198
  - 282
  name: agent156
  start:
  - 343
  - 81
- goal:
  - 37
  - 77
  name: agent157
  start:
  - 480
  - 236
- goal:
  - 361
  - 232
  name: agent158
  start:
  - 371
  - 77
- goal:
  - 439
  - 184
  name: agent159
  start:
  - 489
  - 317
- goal:
  - 91
  - 124
  name: agent160
  start:
  - 329
  - 77
- goal:
  - 471
  - 402
  name: agent161
  start:
  - 71
  - 166
- goal:
  - 252
  - 389
  name: agent162
  start:
  - 486
  - 439
- goal:
  - 249
  - 368
  name: agent163
  start:
  - 113
  - 157
- goal:
  - 154
  - 116
  name: agent164
  start:
  - 329
  - 238
- goal:
  - 85
  - 221
  name: agent165
  start:
  - 335
  - 219
- goal:
  - 110
  - 144
  name: agent166
  start:
  - 221
  - 135
- goal:
  - 344
  - 284
  name: agent167
  start:
  - 140
  - 125
- goal:
  - 247
  - 252
  name: agent168
  start:
  - 382
  - 66
- goal:
  - 81
  - 171
  name: agent169
  start:
  - 454
  - 449
- goal:
  - 84
  - 111
  name: agent170
  start:
  - 385
  - 109
- goal:
  - 316
  - 235
  name: agent171
  start:
  - 68
  - 129
- goal:
  - 358
  - 192
  name: agent172
  start:
  - 99
  - 161
- goal:
  - 110
  - 164
  name: agent173
  start:
  - 56
  - 147
- goal:
  - 257
  - 320
  name: agent174
  start:
  - 106
  - 266
map_path: ../yaml_maps/brc202d.map
