agents:
- goal:
  - 347
  - 278
  name: agent0
  start:
  - 104
  - 140
- goal:
  - 368
  - 234
  name: agent1
  start:
  - 89
  - 129
- goal:
  - 138
  - 121
  name: agent2
  start:
  - 142
  - 118
- goal:
  - 441
  - 445
  name: agent3
  start:
  - 86
  - 74
- goal:
  - 206
  - 286
  name: agent4
  start:
  - 60
  - 61
- goal:
  - 353
  - 284
  name: agent5
  start:
  - 89
  - 101
- goal:
  - 474
  - 403
  name: agent6
  start:
  - 455
  - 373
- goal:
  - 122
  - 240
  name: agent7
  start:
  - 37
  - 67
- goal:
  - 506
  - 190
  name: agent8
  start:
  - 127
  - 257
- goal:
  - 198
  - 141
  name: agent9
  start:
  - 180
  - 153
- goal:
  - 98
  - 67
  name: agent10
  start:
  - 337
  - 228
- goal:
  - 363
  - 193
  name: agent11
  start:
  - 470
  - 262
- goal:
  - 253
  - 129
  name: agent12
  start:
  - 105
  - 168
- goal:
  - 371
  - 97
  name: agent13
  start:
  - 485
  - 373
- goal:
  - 362
  - 81
  name: agent14
  start:
  - 245
  - 300
- goal:
  - 86
  - 167
  name: agent15
  start:
  - 489
  - 360
- goal:
  - 126
  - 271
  name: agent16
  start:
  - 284
  - 279
- goal:
  - 110
  - 74
  name: agent17
  start:
  - 112
  - 149
- goal:
  - 508
  - 404
  name: agent18
  start:
  - 84
  - 166
- goal:
  - 144
  - 123
  name: agent19
  start:
  - 382
  - 213
- goal:
  - 425
  - 44
  name: agent20
  start:
  - 480
  - 330
- goal:
  - 312
  - 92
  name: agent21
  start:
  - 55
  - 102
- goal:
  - 431
  - 231
  name: agent22
  start:
  - 249
  - 378
- goal:
  - 169
  - 157
  name: agent23
  start:
  - 444
  - 397
- goal:
  - 347
  - 120
  name: agent24
  start:
  - 51
  - 116
- goal:
  - 257
  - 313
  name: agent25
  start:
  - 428
  - 46
- goal:
  - 247
  - 383
  name: agent26
  start:
  - 50
  - 64
- goal:
  - 69
  - 137
  name: agent27
  start:
  - 299
  - 281
- goal:
  - 53
  - 100
  name: agent28
  start:
  - 252
  - 363
- goal:
  - 500
  - 390
  name: agent29
  start:
  - 422
  - 62
- goal:
  - 329
  - 64
  name: agent30
  start:
  - 238
  - 286
- goal:
  - 468
  - 407
  name: agent31
  start:
  - 83
  - 75
- goal:
  - 358
  - 211
  name: agent32
  start:
  - 85
  - 150
- goal:
  - 248
  - 295
  name: agent33
  start:
  - 484
  - 463
- goal:
  - 483
  - 299
  name: agent34
  start:
  - 56
  - 62
- goal:
  - 254
  - 323
  name: agent35
  start:
  - 289
  - 278
- goal:
  - 463
  - 309
  name: agent36
  start:
  - 340
  - 232
- goal:
  - 72
  - 145
  name: agent37
  start:
  - 364
  - 249
- goal:
  - 439
  - 180
  name: agent38
  start:
  - 80
  - 58
- goal:
  - 298
  - 83
  name: agent39
  start:
  - 135
  - 120
- goal:
  - 496
  - 299
  name: agent40
  start:
  - 353
  - 74
- goal:
  - 459
  - 235
  name: agent41
  start:
  - 475
  - 81
- goal:
  - 460
  - 103
  name: agent42
  start:
  - 57
  - 59
- goal:
  - 239
  - 278
  name: agent43
  start:
  - 96
  - 90
- goal:
  - 349
  - 228
  name: agent44
  start:
  - 426
  - 234
- goal:
  - 512
  - 445
  name: agent45
  start:
  - 308
  - 83
- goal:
  - 471
  - 300
  name: agent46
  start:
  - 392
  - 88
- goal:
  - 48
  - 71
  name: agent47
  start:
  - 275
  - 138
- goal:
  - 443
  - 435
  name: agent48
  start:
  - 87
  - 261
- goal:
  - 351
  - 285
  name: agent49
  start:
  - 125
  - 259
- goal:
  - 89
  - 148
  name: agent50
  start:
  - 426
  - 11
- goal:
  - 201
  - 300
  name: agent51
  start:
  - 270
  - 131
- goal:
  - 494
  - 273
  name: agent52
  start:
  - 72
  - 141
- goal:
  - 117
  - 255
  name: agent53
  start:
  - 462
  - 289
- goal:
  - 83
  - 110
  name: agent54
  start:
  - 273
  - 228
- goal:
  - 258
  - 395
  name: agent55
  start:
  - 44
  - 131
- goal:
  - 410
  - 30
  name: agent56
  start:
  - 296
  - 277
- goal:
  - 128
  - 238
  name: agent57
  start:
  - 472
  - 472
- goal:
  - 431
  - 133
  name: agent58
  start:
  - 442
  - 406
- goal:
  - 362
  - 199
  name: agent59
  start:
  - 351
  - 247
- goal:
  - 282
  - 282
  name: agent60
  start:
  - 244
  - 281
- goal:
  - 94
  - 205
  name: agent61
  start:
  - 124
  - 156
- goal:
  - 296
  - 93
  name: agent62
  start:
  - 144
  - 152
- goal:
  - 428
  - 34
  name: agent63
  start:
  - 114
  - 238
- goal:
  - 83
  - 126
  name: agent64
  start:
  - 459
  - 286
- goal:
  - 86
  - 136
  name: agent65
  start:
  - 472
  - 84
- goal:
  - 395
  - 107
  name: agent66
  start:
  - 384
  - 98
- goal:
  - 196
  - 145
  name: agent67
  start:
  - 184
  - 129
- goal:
  - 118
  - 256
  name: agent68
  start:
  - 251
  - 222
- goal:
  - 89
  - 93
  name: agent69
  start:
  - 343
  - 229
- goal:
  - 424
  - 82
  name: agent70
  start:
  - 272
  - 231
- goal:
  - 486
  - 285
  name: agent71
  start:
  - 111
  - 116
- goal:
  - 91
  - 149
  name: agent72
  start:
  - 144
  - 157
- goal:
  - 334
  - 62
  name: agent73
  start:
  - 242
  - 300
- goal:
  - 333
  - 246
  name: agent74
  start:
  - 361
  - 182
- goal:
  - 141
  - 150
  name: agent75
  start:
  - 130
  - 119
- goal:
  - 283
  - 113
  name: agent76
  start:
  - 302
  - 236
- goal:
  - 502
  - 416
  name: agent77
  start:
  - 246
  - 224
- goal:
  - 148
  - 155
  name: agent78
  start:
  - 346
  - 237
- goal:
  - 209
  - 275
  name: agent79
  start:
  - 119
  - 256
- goal:
  - 411
  - 19
  name: agent80
  start:
  - 95
  - 59
- goal:
  - 208
  - 279
  name: agent81
  start:
  - 371
  - 77
- goal:
  - 482
  - 266
  name: agent82
  start:
  - 118
  - 257
- goal:
  - 490
  - 460
  name: agent83
  start:
  - 114
  - 140
- goal:
  - 221
  - 290
  name: agent84
  start:
  - 416
  - 21
- goal:
  - 287
  - 134
  name: agent85
  start:
  - 95
  - 172
- goal:
  - 476
  - 415
  name: agent86
  start:
  - 359
  - 65
- goal:
  - 492
  - 276
  name: agent87
  start:
  - 473
  - 350
- goal:
  - 268
  - 132
  name: agent88
  start:
  - 216
  - 278
- goal:
  - 453
  - 143
  name: agent89
  start:
  - 280
  - 108
- goal:
  - 406
  - 86
  name: agent90
  start:
  - 249
  - 220
- goal:
  - 164
  - 141
  name: agent91
  start:
  - 71
  - 111
- goal:
  - 456
  - 129
  name: agent92
  start:
  - 371
  - 86
- goal:
  - 365
  - 121
  name: agent93
  start:
  - 95
  - 199
- goal:
  - 461
  - 83
  name: agent94
  start:
  - 145
  - 126
- goal:
  - 476
  - 210
  name: agent95
  start:
  - 385
  - 110
- goal:
  - 60
  - 156
  name: agent96
  start:
  - 283
  - 290
- goal:
  - 248
  - 369
  name: agent97
  start:
  - 137
  - 58
- goal:
  - 198
  - 298
  name: agent98
  start:
  - 448
  - 313
- goal:
  - 153
  - 132
  name: agent99
  start:
  - 175
  - 124
- goal:
  - 343
  - 211
  name: agent100
  start:
  - 140
  - 65
- goal:
  - 452
  - 373
  name: agent101
  start:
  - 355
  - 301
- goal:
  - 363
  - 304
  name: agent102
  start:
  - 293
  - 283
- goal:
  - 243
  - 328
  name: agent103
  start:
  - 85
  - 153
- goal:
  - 250
  - 338
  name: agent104
  start:
  - 252
  - 130
- goal:
  - 439
  - 386
  name: agent105
  start:
  - 68
  - 146
- goal:
  - 244
  - 360
  name: agent106
  start:
  - 116
  - 59
- goal:
  - 89
  - 68
  name: agent107
  start:
  - 253
  - 387
- goal:
  - 102
  - 113
  name: agent108
  start:
  - 364
  - 218
- goal:
  - 283
  - 88
  name: agent109
  start:
  - 468
  - 283
- goal:
  - 414
  - 3
  name: agent110
  start:
  - 68
  - 152
- goal:
  - 504
  - 184
  name: agent111
  start:
  - 360
  - 249
- goal:
  - 88
  - 243
  name: agent112
  start:
  - 479
  - 407
- goal:
  - 34
  - 141
  name: agent113
  start:
  - 259
  - 352
- goal:
  - 326
  - 218
  name: agent114
  start:
  - 104
  - 115
- goal:
  - 490
  - 302
  name: agent115
  start:
  - 141
  - 122
- goal:
  - 391
  - 238
  name: agent116
  start:
  - 289
  - 285
- goal:
  - 80
  - 112
  name: agent117
  start:
  - 219
  - 300
- goal:
  - 159
  - 147
  name: agent118
  start:
  - 252
  - 319
- goal:
  - 126
  - 116
  name: agent119
  start:
  - 86
  - 136
- goal:
  - 92
  - 91
  name: agent120
  start:
  - 255
  - 353
- goal:
  - 247
  - 378
  name: agent121
  start:
  - 120
  - 70
- goal:
  - 257
  - 338
  name: agent122
  start:
  - 469
  - 244
- goal:
  - 240
  - 140
  name: agent123
  start:
  - 200
  - 288
- goal:
  - 254
  - 218
  name: agent124
  start:
  - 76
  - 143
- goal:
  - 113
  - 152
  name: agent125
  start:
  - 242
  - 372
- goal:
  - 457
  - 289
  name: agent126
  start:
  - 335
  - 231
- goal:
  - 425
  - 84
  name: agent127
  start:
  - 470
  - 154
- goal:
  - 429
  - 57
  name: agent128
  start:
  - 355
  - 292
- goal:
  - 472
  - 259
  name: agent129
  start:
  - 440
  - 410
- goal:
  - 278
  - 101
  name: agent130
  start:
  - 300
  - 81
- goal:
  - 347
  - 230
  name: agent131
  start:
  - 215
  - 136
- goal:
  - 132
  - 66
  name: agent132
  start:
  - 60
  - 106
- goal:
  - 508
  - 378
  name: agent133
  start:
  - 252
  - 386
- goal:
  - 166
  - 159
  name: agent134
  start:
  - 440
  - 371
- goal:
  - 65
  - 125
  name: agent135
  start:
  - 502
  - 401
- goal:
  - 443
  - 440
  name: agent136
  start:
  - 391
  - 229
- goal:
  - 83
  - 169
  name: agent137
  start:
  - 440
  - 408
- goal:
  - 104
  - 148
  name: agent138
  start:
  - 246
  - 267
- goal:
  - 363
  - 286
  name: agent139
  start:
  - 447
  - 380
- goal:
  - 353
  - 201
  name: agent140
  start:
  - 477
  - 310
- goal:
  - 463
  - 448
  name: agent141
  start:
  - 102
  - 75
- goal:
  - 463
  - 455
  name: agent142
  start:
  - 233
  - 136
- goal:
  - 325
  - 234
  name: agent143
  start:
  - 120
  - 239
- goal:
  - 250
  - 238
  name: agent144
  start:
  - 91
  - 139
- goal:
  - 362
  - 222
  name: agent145
  start:
  - 53
  - 165
- goal:
  - 443
  - 416
  name: agent146
  start:
  - 49
  - 118
- goal:
  - 101
  - 268
  name: agent147
  start:
  - 333
  - 248
- goal:
  - 252
  - 385
  name: agent148
  start:
  - 85
  - 76
- goal:
  - 357
  - 200
  name: agent149
  start:
  - 174
  - 153
- goal:
  - 275
  - 276
  name: agent150
  start:
  - 106
  - 168
- goal:
  - 202
  - 134
  name: agent151
  start:
  - 362
  - 222
- goal:
  - 115
  - 143
  name: agent152
  start:
  - 246
  - 393
- goal:
  - 57
  - 64
  name: agent153
  start:
  - 248
  - 355
- goal:
  - 90
  - 160
  name: agent154
  start:
  - 41
  - 55
- goal:
  - 71
  - 114
  name: agent155
  start:
  - 460
  - 102
- goal:
  - 94
  - 162
  name: agent156
  start:
  - 335
  - 228
- goal:
  - 126
  - 240
  name: agent157
  start:
  - 469
  - 173
- goal:
  - 419
  - 22
  name: agent158
  start:
  - 86
  - 55
- goal:
  - 58
  - 148
  name: agent159
  start:
  - 505
  - 439
- goal:
  - 487
  - 299
  name: agent160
  start:
  - 351
  - 95
- goal:
  - 84
  - 116
  name: agent161
  start:
  - 509
  - 432
- goal:
  - 455
  - 362
  name: agent162
  start:
  - 184
  - 138
- goal:
  - 158
  - 159
  name: agent163
  start:
  - 357
  - 270
- goal:
  - 394
  - 72
  name: agent164
  start:
  - 352
  - 57
- goal:
  - 367
  - 273
  name: agent165
  start:
  - 127
  - 123
- goal:
  - 504
  - 421
  name: agent166
  start:
  - 341
  - 241
- goal:
  - 245
  - 348
  name: agent167
  start:
  - 451
  - 298
- goal:
  - 483
  - 294
  name: agent168
  start:
  - 91
  - 146
- goal:
  - 219
  - 301
  name: agent169
  start:
  - 52
  - 162
map_path: ../yaml_maps/brc202d.map
