agents:
- goal:
  - 52
  - 10
  name: agent0
  start:
  - 19
  - 14
- goal:
  - 54
  - 69
  name: agent1
  start:
  - 38
  - 71
- goal:
  - 38
  - 76
  name: agent2
  start:
  - 59
  - 7
- goal:
  - 47
  - 30
  name: agent3
  start:
  - 53
  - 24
- goal:
  - 36
  - 70
  name: agent4
  start:
  - 52
  - 12
- goal:
  - 7
  - 55
  name: agent5
  start:
  - 57
  - 53
- goal:
  - 58
  - 54
  name: agent6
  start:
  - 21
  - 9
- goal:
  - 37
  - 30
  name: agent7
  start:
  - 9
  - 55
- goal:
  - 13
  - 14
  name: agent8
  start:
  - 27
  - 43
- goal:
  - 36
  - 10
  name: agent9
  start:
  - 31
  - 37
- goal:
  - 47
  - 66
  name: agent10
  start:
  - 54
  - 61
- goal:
  - 39
  - 53
  name: agent11
  start:
  - 34
  - 30
- goal:
  - 24
  - 34
  name: agent12
  start:
  - 50
  - 71
- goal:
  - 34
  - 13
  name: agent13
  start:
  - 22
  - 14
- goal:
  - 48
  - 70
  name: agent14
  start:
  - 8
  - 77
- goal:
  - 48
  - 28
  name: agent15
  start:
  - 29
  - 28
- goal:
  - 37
  - 20
  name: agent16
  start:
  - 21
  - 8
- goal:
  - 52
  - 25
  name: agent17
  start:
  - 19
  - 26
- goal:
  - 30
  - 68
  name: agent18
  start:
  - 50
  - 10
- goal:
  - 22
  - 7
  name: agent19
  start:
  - 28
  - 75
- goal:
  - 33
  - 58
  name: agent20
  start:
  - 59
  - 60
- goal:
  - 53
  - 43
  name: agent21
  start:
  - 31
  - 57
- goal:
  - 56
  - 50
  name: agent22
  start:
  - 48
  - 67
- goal:
  - 52
  - 9
  name: agent23
  start:
  - 12
  - 78
- goal:
  - 44
  - 13
  name: agent24
  start:
  - 36
  - 53
- goal:
  - 27
  - 66
  name: agent25
  start:
  - 7
  - 10
- goal:
  - 21
  - 31
  name: agent26
  start:
  - 9
  - 15
- goal:
  - 20
  - 56
  name: agent27
  start:
  - 28
  - 35
- goal:
  - 24
  - 11
  name: agent28
  start:
  - 53
  - 4
- goal:
  - 50
  - 42
  name: agent29
  start:
  - 21
  - 19
- goal:
  - 10
  - 8
  name: agent30
  start:
  - 25
  - 3
- goal:
  - 54
  - 9
  name: agent31
  start:
  - 16
  - 51
- goal:
  - 56
  - 30
  name: agent32
  start:
  - 59
  - 66
- goal:
  - 28
  - 14
  name: agent33
  start:
  - 26
  - 9
- goal:
  - 13
  - 15
  name: agent34
  start:
  - 13
  - 16
- goal:
  - 22
  - 69
  name: agent35
  start:
  - 32
  - 29
- goal:
  - 20
  - 17
  name: agent36
  start:
  - 24
  - 70
- goal:
  - 20
  - 22
  name: agent37
  start:
  - 14
  - 69
- goal:
  - 24
  - 66
  name: agent38
  start:
  - 54
  - 23
- goal:
  - 36
  - 11
  name: agent39
  start:
  - 56
  - 75
- goal:
  - 59
  - 77
  name: agent40
  start:
  - 44
  - 29
- goal:
  - 6
  - 70
  name: agent41
  start:
  - 11
  - 17
- goal:
  - 19
  - 5
  name: agent42
  start:
  - 4
  - 58
- goal:
  - 27
  - 46
  name: agent43
  start:
  - 14
  - 13
- goal:
  - 58
  - 67
  name: agent44
  start:
  - 18
  - 37
- goal:
  - 56
  - 37
  name: agent45
  start:
  - 22
  - 69
- goal:
  - 27
  - 12
  name: agent46
  start:
  - 26
  - 44
- goal:
  - 61
  - 41
  name: agent47
  start:
  - 40
  - 56
- goal:
  - 31
  - 28
  name: agent48
  start:
  - 29
  - 30
- goal:
  - 9
  - 78
  name: agent49
  start:
  - 60
  - 12
- goal:
  - 27
  - 28
  name: agent50
  start:
  - 6
  - 69
- goal:
  - 11
  - 54
  name: agent51
  start:
  - 30
  - 68
- goal:
  - 4
  - 15
  name: agent52
  start:
  - 20
  - 72
- goal:
  - 6
  - 3
  name: agent53
  start:
  - 23
  - 27
- goal:
  - 54
  - 66
  name: agent54
  start:
  - 19
  - 15
- goal:
  - 5
  - 75
  name: agent55
  start:
  - 58
  - 10
- goal:
  - 39
  - 28
  name: agent56
  start:
  - 4
  - 59
- goal:
  - 61
  - 8
  name: agent57
  start:
  - 9
  - 72
- goal:
  - 54
  - 8
  name: agent58
  start:
  - 8
  - 72
- goal:
  - 20
  - 40
  name: agent59
  start:
  - 61
  - 9
- goal:
  - 11
  - 5
  name: agent60
  start:
  - 62
  - 78
- goal:
  - 53
  - 75
  name: agent61
  start:
  - 52
  - 13
- goal:
  - 5
  - 78
  name: agent62
  start:
  - 6
  - 11
- goal:
  - 39
  - 23
  name: agent63
  start:
  - 58
  - 54
- goal:
  - 12
  - 20
  name: agent64
  start:
  - 24
  - 25
- goal:
  - 47
  - 11
  name: agent65
  start:
  - 48
  - 66
- goal:
  - 50
  - 75
  name: agent66
  start:
  - 34
  - 44
- goal:
  - 55
  - 51
  name: agent67
  start:
  - 35
  - 11
- goal:
  - 11
  - 78
  name: agent68
  start:
  - 50
  - 13
- goal:
  - 50
  - 60
  name: agent69
  start:
  - 21
  - 76
map_path: ../yaml_maps/den312d.map
