agents:
- goal:
  - 28
  - 8
  name: agent0
  start:
  - 29
  - 54
- goal:
  - 12
  - 13
  name: agent1
  start:
  - 34
  - 30
- goal:
  - 52
  - 8
  name: agent2
  start:
  - 16
  - 72
- goal:
  - 55
  - 56
  name: agent3
  start:
  - 19
  - 42
- goal:
  - 36
  - 57
  name: agent4
  start:
  - 42
  - 67
- goal:
  - 27
  - 46
  name: agent5
  start:
  - 43
  - 8
- goal:
  - 50
  - 59
  name: agent6
  start:
  - 43
  - 57
- goal:
  - 62
  - 77
  name: agent7
  start:
  - 44
  - 72
- goal:
  - 4
  - 20
  name: agent8
  start:
  - 29
  - 32
- goal:
  - 63
  - 75
  name: agent9
  start:
  - 20
  - 10
- goal:
  - 20
  - 2
  name: agent10
  start:
  - 15
  - 70
- goal:
  - 24
  - 6
  name: agent11
  start:
  - 54
  - 26
- goal:
  - 60
  - 42
  name: agent12
  start:
  - 20
  - 77
- goal:
  - 49
  - 76
  name: agent13
  start:
  - 38
  - 42
- goal:
  - 60
  - 11
  name: agent14
  start:
  - 28
  - 68
- goal:
  - 20
  - 70
  name: agent15
  start:
  - 24
  - 63
- goal:
  - 53
  - 37
  name: agent16
  start:
  - 58
  - 29
- goal:
  - 13
  - 78
  name: agent17
  start:
  - 4
  - 11
- goal:
  - 28
  - 25
  name: agent18
  start:
  - 56
  - 74
- goal:
  - 23
  - 70
  name: agent19
  start:
  - 55
  - 40
- goal:
  - 60
  - 75
  name: agent20
  start:
  - 21
  - 3
- goal:
  - 54
  - 44
  name: agent21
  start:
  - 43
  - 36
- goal:
  - 56
  - 42
  name: agent22
  start:
  - 52
  - 22
- goal:
  - 20
  - 3
  name: agent23
  start:
  - 58
  - 68
- goal:
  - 41
  - 10
  name: agent24
  start:
  - 5
  - 63
- goal:
  - 53
  - 25
  name: agent25
  start:
  - 23
  - 18
- goal:
  - 51
  - 66
  name: agent26
  start:
  - 34
  - 41
- goal:
  - 58
  - 10
  name: agent27
  start:
  - 52
  - 55
- goal:
  - 27
  - 71
  name: agent28
  start:
  - 49
  - 38
- goal:
  - 26
  - 54
  name: agent29
  start:
  - 14
  - 67
- goal:
  - 51
  - 28
  name: agent30
  start:
  - 57
  - 12
- goal:
  - 29
  - 27
  name: agent31
  start:
  - 35
  - 27
- goal:
  - 24
  - 54
  name: agent32
  start:
  - 59
  - 66
- goal:
  - 56
  - 38
  name: agent33
  start:
  - 60
  - 11
- goal:
  - 24
  - 28
  name: agent34
  start:
  - 27
  - 31
- goal:
  - 41
  - 55
  name: agent35
  start:
  - 55
  - 41
- goal:
  - 50
  - 76
  name: agent36
  start:
  - 22
  - 23
- goal:
  - 43
  - 38
  name: agent37
  start:
  - 59
  - 43
- goal:
  - 36
  - 56
  name: agent38
  start:
  - 43
  - 73
- goal:
  - 5
  - 3
  name: agent39
  start:
  - 21
  - 54
- goal:
  - 27
  - 5
  name: agent40
  start:
  - 60
  - 78
- goal:
  - 7
  - 55
  name: agent41
  start:
  - 25
  - 18
- goal:
  - 6
  - 78
  name: agent42
  start:
  - 10
  - 19
- goal:
  - 5
  - 76
  name: agent43
  start:
  - 55
  - 7
- goal:
  - 21
  - 69
  name: agent44
  start:
  - 21
  - 75
map_path: ../yaml_maps/den312d.map
