agents:
- goal:
  - 52
  - 10
  name: agent0
  start:
  - 19
  - 14
- goal:
  - 54
  - 69
  name: agent1
  start:
  - 38
  - 71
- goal:
  - 38
  - 76
  name: agent2
  start:
  - 59
  - 7
- goal:
  - 47
  - 30
  name: agent3
  start:
  - 53
  - 24
- goal:
  - 36
  - 70
  name: agent4
  start:
  - 52
  - 12
- goal:
  - 7
  - 55
  name: agent5
  start:
  - 57
  - 53
- goal:
  - 58
  - 54
  name: agent6
  start:
  - 21
  - 9
- goal:
  - 37
  - 30
  name: agent7
  start:
  - 9
  - 55
- goal:
  - 13
  - 14
  name: agent8
  start:
  - 27
  - 43
- goal:
  - 36
  - 10
  name: agent9
  start:
  - 31
  - 37
- goal:
  - 47
  - 66
  name: agent10
  start:
  - 54
  - 61
- goal:
  - 39
  - 53
  name: agent11
  start:
  - 34
  - 30
- goal:
  - 24
  - 34
  name: agent12
  start:
  - 50
  - 71
- goal:
  - 34
  - 13
  name: agent13
  start:
  - 22
  - 14
- goal:
  - 48
  - 70
  name: agent14
  start:
  - 8
  - 77
- goal:
  - 48
  - 28
  name: agent15
  start:
  - 29
  - 28
- goal:
  - 37
  - 20
  name: agent16
  start:
  - 21
  - 8
- goal:
  - 52
  - 25
  name: agent17
  start:
  - 19
  - 26
- goal:
  - 30
  - 68
  name: agent18
  start:
  - 50
  - 10
- goal:
  - 22
  - 7
  name: agent19
  start:
  - 28
  - 75
- goal:
  - 33
  - 58
  name: agent20
  start:
  - 59
  - 60
- goal:
  - 53
  - 43
  name: agent21
  start:
  - 31
  - 57
- goal:
  - 56
  - 50
  name: agent22
  start:
  - 48
  - 67
- goal:
  - 52
  - 9
  name: agent23
  start:
  - 12
  - 78
- goal:
  - 44
  - 13
  name: agent24
  start:
  - 36
  - 53
- goal:
  - 27
  - 66
  name: agent25
  start:
  - 7
  - 10
- goal:
  - 21
  - 31
  name: agent26
  start:
  - 9
  - 15
- goal:
  - 20
  - 56
  name: agent27
  start:
  - 28
  - 35
- goal:
  - 24
  - 11
  name: agent28
  start:
  - 53
  - 4
- goal:
  - 50
  - 42
  name: agent29
  start:
  - 21
  - 19
- goal:
  - 10
  - 8
  name: agent30
  start:
  - 25
  - 3
- goal:
  - 54
  - 9
  name: agent31
  start:
  - 16
  - 51
- goal:
  - 56
  - 30
  name: agent32
  start:
  - 59
  - 66
- goal:
  - 28
  - 14
  name: agent33
  start:
  - 26
  - 9
- goal:
  - 13
  - 15
  name: agent34
  start:
  - 13
  - 16
- goal:
  - 22
  - 69
  name: agent35
  start:
  - 32
  - 29
- goal:
  - 20
  - 17
  name: agent36
  start:
  - 24
  - 70
- goal:
  - 20
  - 22
  name: agent37
  start:
  - 14
  - 69
- goal:
  - 24
  - 66
  name: agent38
  start:
  - 54
  - 23
- goal:
  - 36
  - 11
  name: agent39
  start:
  - 56
  - 75
- goal:
  - 59
  - 77
  name: agent40
  start:
  - 44
  - 29
- goal:
  - 6
  - 70
  name: agent41
  start:
  - 11
  - 17
- goal:
  - 19
  - 5
  name: agent42
  start:
  - 4
  - 58
- goal:
  - 27
  - 46
  name: agent43
  start:
  - 14
  - 13
- goal:
  - 58
  - 67
  name: agent44
  start:
  - 18
  - 37
- goal:
  - 56
  - 37
  name: agent45
  start:
  - 22
  - 69
- goal:
  - 27
  - 12
  name: agent46
  start:
  - 26
  - 44
- goal:
  - 61
  - 41
  name: agent47
  start:
  - 40
  - 56
- goal:
  - 31
  - 28
  name: agent48
  start:
  - 29
  - 30
- goal:
  - 9
  - 78
  name: agent49
  start:
  - 60
  - 12
- goal:
  - 27
  - 28
  name: agent50
  start:
  - 6
  - 69
- goal:
  - 11
  - 54
  name: agent51
  start:
  - 30
  - 68
- goal:
  - 4
  - 15
  name: agent52
  start:
  - 20
  - 72
- goal:
  - 6
  - 3
  name: agent53
  start:
  - 23
  - 27
- goal:
  - 54
  - 66
  name: agent54
  start:
  - 19
  - 15
- goal:
  - 5
  - 75
  name: agent55
  start:
  - 58
  - 10
- goal:
  - 39
  - 28
  name: agent56
  start:
  - 4
  - 59
- goal:
  - 61
  - 8
  name: agent57
  start:
  - 9
  - 72
- goal:
  - 54
  - 8
  name: agent58
  start:
  - 8
  - 72
- goal:
  - 20
  - 40
  name: agent59
  start:
  - 61
  - 9
- goal:
  - 11
  - 5
  name: agent60
  start:
  - 62
  - 78
- goal:
  - 53
  - 75
  name: agent61
  start:
  - 52
  - 13
- goal:
  - 5
  - 78
  name: agent62
  start:
  - 6
  - 11
- goal:
  - 39
  - 23
  name: agent63
  start:
  - 58
  - 54
- goal:
  - 12
  - 20
  name: agent64
  start:
  - 24
  - 25
- goal:
  - 47
  - 11
  name: agent65
  start:
  - 48
  - 66
- goal:
  - 50
  - 75
  name: agent66
  start:
  - 34
  - 44
- goal:
  - 55
  - 51
  name: agent67
  start:
  - 35
  - 11
- goal:
  - 11
  - 78
  name: agent68
  start:
  - 50
  - 13
- goal:
  - 50
  - 60
  name: agent69
  start:
  - 21
  - 76
- goal:
  - 47
  - 45
  name: agent70
  start:
  - 14
  - 20
- goal:
  - 6
  - 68
  name: agent71
  start:
  - 15
  - 65
- goal:
  - 58
  - 6
  name: agent72
  start:
  - 50
  - 73
- goal:
  - 13
  - 20
  name: agent73
  start:
  - 27
  - 5
- goal:
  - 3
  - 9
  name: agent74
  start:
  - 9
  - 16
- goal:
  - 28
  - 18
  name: agent75
  start:
  - 63
  - 75
- goal:
  - 23
  - 38
  name: agent76
  start:
  - 23
  - 41
- goal:
  - 20
  - 54
  name: agent77
  start:
  - 38
  - 28
- goal:
  - 56
  - 12
  name: agent78
  start:
  - 55
  - 68
- goal:
  - 53
  - 36
  name: agent79
  start:
  - 48
  - 73
- goal:
  - 45
  - 8
  name: agent80
  start:
  - 61
  - 71
- goal:
  - 38
  - 58
  name: agent81
  start:
  - 55
  - 12
- goal:
  - 55
  - 6
  name: agent82
  start:
  - 56
  - 70
- goal:
  - 40
  - 58
  name: agent83
  start:
  - 45
  - 71
- goal:
  - 26
  - 66
  name: agent84
  start:
  - 5
  - 10
- goal:
  - 7
  - 6
  name: agent85
  start:
  - 59
  - 74
- goal:
  - 14
  - 77
  name: agent86
  start:
  - 58
  - 9
- goal:
  - 54
  - 67
  name: agent87
  start:
  - 60
  - 11
- goal:
  - 25
  - 12
  name: agent88
  start:
  - 26
  - 16
- goal:
  - 9
  - 3
  name: agent89
  start:
  - 46
  - 67
- goal:
  - 62
  - 72
  name: agent90
  start:
  - 5
  - 7
- goal:
  - 7
  - 8
  name: agent91
  start:
  - 51
  - 51
- goal:
  - 52
  - 50
  name: agent92
  start:
  - 45
  - 76
- goal:
  - 30
  - 11
  name: agent93
  start:
  - 28
  - 14
- goal:
  - 20
  - 16
  name: agent94
  start:
  - 31
  - 67
- goal:
  - 19
  - 23
  name: agent95
  start:
  - 5
  - 76
- goal:
  - 21
  - 30
  name: agent96
  start:
  - 26
  - 31
- goal:
  - 59
  - 73
  name: agent97
  start:
  - 53
  - 14
- goal:
  - 53
  - 25
  name: agent98
  start:
  - 8
  - 69
- goal:
  - 24
  - 40
  name: agent99
  start:
  - 36
  - 39
- goal:
  - 23
  - 35
  name: agent100
  start:
  - 26
  - 18
- goal:
  - 24
  - 25
  name: agent101
  start:
  - 22
  - 21
- goal:
  - 61
  - 10
  name: agent102
  start:
  - 33
  - 57
- goal:
  - 21
  - 74
  name: agent103
  start:
  - 61
  - 8
- goal:
  - 54
  - 28
  name: agent104
  start:
  - 55
  - 65
- goal:
  - 7
  - 71
  name: agent105
  start:
  - 41
  - 38
- goal:
  - 55
  - 73
  name: agent106
  start:
  - 53
  - 6
- goal:
  - 62
  - 78
  name: agent107
  start:
  - 25
  - 24
- goal:
  - 50
  - 58
  name: agent108
  start:
  - 23
  - 78
- goal:
  - 34
  - 22
  name: agent109
  start:
  - 55
  - 74
- goal:
  - 61
  - 9
  name: agent110
  start:
  - 50
  - 67
- goal:
  - 25
  - 51
  name: agent111
  start:
  - 18
  - 70
- goal:
  - 35
  - 38
  name: agent112
  start:
  - 50
  - 37
- goal:
  - 51
  - 66
  name: agent113
  start:
  - 54
  - 72
- goal:
  - 3
  - 25
  name: agent114
  start:
  - 5
  - 54
- goal:
  - 54
  - 54
  name: agent115
  start:
  - 26
  - 53
- goal:
  - 34
  - 39
  name: agent116
  start:
  - 33
  - 61
- goal:
  - 29
  - 32
  name: agent117
  start:
  - 11
  - 20
- goal:
  - 57
  - 70
  name: agent118
  start:
  - 8
  - 8
- goal:
  - 59
  - 68
  name: agent119
  start:
  - 55
  - 72
- goal:
  - 2
  - 9
  name: agent120
  start:
  - 52
  - 48
- goal:
  - 23
  - 15
  name: agent121
  start:
  - 59
  - 38
- goal:
  - 59
  - 78
  name: agent122
  start:
  - 21
  - 5
- goal:
  - 56
  - 39
  name: agent123
  start:
  - 64
  - 75
- goal:
  - 53
  - 49
  name: agent124
  start:
  - 60
  - 78
- goal:
  - 48
  - 13
  name: agent125
  start:
  - 43
  - 68
- goal:
  - 38
  - 67
  name: agent126
  start:
  - 19
  - 35
- goal:
  - 51
  - 41
  name: agent127
  start:
  - 28
  - 71
- goal:
  - 45
  - 28
  name: agent128
  start:
  - 20
  - 12
- goal:
  - 22
  - 23
  name: agent129
  start:
  - 22
  - 24
- goal:
  - 51
  - 6
  name: agent130
  start:
  - 34
  - 54
- goal:
  - 24
  - 17
  name: agent131
  start:
  - 34
  - 41
- goal:
  - 40
  - 55
  name: agent132
  start:
  - 50
  - 30
- goal:
  - 21
  - 65
  name: agent133
  start:
  - 47
  - 40
- goal:
  - 6
  - 63
  name: agent134
  start:
  - 6
  - 10
- goal:
  - 12
  - 56
  name: agent135
  start:
  - 45
  - 74
- goal:
  - 10
  - 54
  name: agent136
  start:
  - 7
  - 54
- goal:
  - 40
  - 76
  name: agent137
  start:
  - 32
  - 60
- goal:
  - 46
  - 38
  name: agent138
  start:
  - 39
  - 38
- goal:
  - 9
  - 20
  name: agent139
  start:
  - 4
  - 56
- goal:
  - 23
  - 54
  name: agent140
  start:
  - 23
  - 66
- goal:
  - 51
  - 61
  name: agent141
  start:
  - 49
  - 71
- goal:
  - 4
  - 19
  name: agent142
  start:
  - 25
  - 37
- goal:
  - 18
  - 37
  name: agent143
  start:
  - 3
  - 25
- goal:
  - 26
  - 71
  name: agent144
  start:
  - 28
  - 31
- goal:
  - 27
  - 39
  name: agent145
  start:
  - 55
  - 70
- goal:
  - 39
  - 74
  name: agent146
  start:
  - 53
  - 66
- goal:
  - 59
  - 6
  name: agent147
  start:
  - 41
  - 67
- goal:
  - 57
  - 19
  name: agent148
  start:
  - 4
  - 61
- goal:
  - 25
  - 19
  name: agent149
  start:
  - 20
  - 76
- goal:
  - 7
  - 22
  name: agent150
  start:
  - 8
  - 50
- goal:
  - 2
  - 28
  name: agent151
  start:
  - 52
  - 52
- goal:
  - 3
  - 23
  name: agent152
  start:
  - 51
  - 52
- goal:
  - 60
  - 12
  name: agent153
  start:
  - 27
  - 23
- goal:
  - 52
  - 20
  name: agent154
  start:
  - 38
  - 24
- goal:
  - 31
  - 35
  name: agent155
  start:
  - 45
  - 66
- goal:
  - 34
  - 10
  name: agent156
  start:
  - 47
  - 10
- goal:
  - 53
  - 6
  name: agent157
  start:
  - 9
  - 71
- goal:
  - 52
  - 43
  name: agent158
  start:
  - 51
  - 54
- goal:
  - 54
  - 58
  name: agent159
  start:
  - 5
  - 78
- goal:
  - 3
  - 6
  name: agent160
  start:
  - 44
  - 68
- goal:
  - 22
  - 68
  name: agent161
  start:
  - 4
  - 10
- goal:
  - 53
  - 51
  name: agent162
  start:
  - 26
  - 63
- goal:
  - 25
  - 72
  name: agent163
  start:
  - 53
  - 67
- goal:
  - 50
  - 8
  name: agent164
  start:
  - 42
  - 74
- goal:
  - 21
  - 9
  name: agent165
  start:
  - 4
  - 22
- goal:
  - 58
  - 75
  name: agent166
  start:
  - 38
  - 10
- goal:
  - 58
  - 60
  name: agent167
  start:
  - 64
  - 77
- goal:
  - 26
  - 18
  name: agent168
  start:
  - 11
  - 11
- goal:
  - 53
  - 55
  name: agent169
  start:
  - 52
  - 44
- goal:
  - 8
  - 78
  name: agent170
  start:
  - 51
  - 8
- goal:
  - 30
  - 27
  name: agent171
  start:
  - 37
  - 22
- goal:
  - 7
  - 58
  name: agent172
  start:
  - 12
  - 76
- goal:
  - 59
  - 66
  name: agent173
  start:
  - 57
  - 12
- goal:
  - 49
  - 38
  name: agent174
  start:
  - 40
  - 38
- goal:
  - 57
  - 65
  name: agent175
  start:
  - 48
  - 76
- goal:
  - 60
  - 29
  name: agent176
  start:
  - 21
  - 65
- goal:
  - 20
  - 6
  name: agent177
  start:
  - 28
  - 18
- goal:
  - 28
  - 27
  name: agent178
  start:
  - 15
  - 66
- goal:
  - 48
  - 43
  name: agent179
  start:
  - 7
  - 5
- goal:
  - 44
  - 68
  name: agent180
  start:
  - 56
  - 13
- goal:
  - 6
  - 78
  name: agent181
  start:
  - 17
  - 64
- goal:
  - 26
  - 34
  name: agent182
  start:
  - 25
  - 72
- goal:
  - 41
  - 66
  name: agent183
  start:
  - 42
  - 72
- goal:
  - 4
  - 7
  name: agent184
  start:
  - 36
  - 37
- goal:
  - 33
  - 55
  name: agent185
  start:
  - 21
  - 54
- goal:
  - 37
  - 12
  name: agent186
  start:
  - 27
  - 50
- goal:
  - 45
  - 55
  name: agent187
  start:
  - 55
  - 3
- goal:
  - 55
  - 72
  name: agent188
  start:
  - 54
  - 3
- goal:
  - 59
  - 9
  name: agent189
  start:
  - 27
  - 72
- goal:
  - 55
  - 37
  name: agent190
  start:
  - 40
  - 27
- goal:
  - 23
  - 8
  name: agent191
  start:
  - 47
  - 72
- goal:
  - 29
  - 26
  name: agent192
  start:
  - 26
  - 25
- goal:
  - 2
  - 14
  name: agent193
  start:
  - 53
  - 76
- goal:
  - 3
  - 12
  name: agent194
  start:
  - 50
  - 75
map_path: ../yaml_maps/den312d.map
