agents:
- goal:
  - 10
  - 57
  name: agent0
  start:
  - 15
  - 78
- goal:
  - 52
  - 67
  name: agent1
  start:
  - 50
  - 69
- goal:
  - 55
  - 58
  name: agent2
  start:
  - 4
  - 16
- goal:
  - 53
  - 4
  name: agent3
  start:
  - 53
  - 3
- goal:
  - 6
  - 15
  name: agent4
  start:
  - 57
  - 42
- goal:
  - 55
  - 22
  name: agent5
  start:
  - 47
  - 13
- goal:
  - 3
  - 9
  name: agent6
  start:
  - 33
  - 60
- goal:
  - 47
  - 10
  name: agent7
  start:
  - 20
  - 19
- goal:
  - 14
  - 67
  name: agent8
  start:
  - 22
  - 29
- goal:
  - 17
  - 70
  name: agent9
  start:
  - 54
  - 8
- goal:
  - 64
  - 77
  name: agent10
  start:
  - 29
  - 38
- goal:
  - 43
  - 10
  name: agent11
  start:
  - 44
  - 74
- goal:
  - 37
  - 71
  name: agent12
  start:
  - 54
  - 12
- goal:
  - 54
  - 56
  name: agent13
  start:
  - 14
  - 11
- goal:
  - 46
  - 69
  name: agent14
  start:
  - 56
  - 56
- goal:
  - 51
  - 38
  name: agent15
  start:
  - 58
  - 67
- goal:
  - 13
  - 12
  name: agent16
  start:
  - 26
  - 50
- goal:
  - 62
  - 75
  name: agent17
  start:
  - 4
  - 7
- goal:
  - 56
  - 53
  name: agent18
  start:
  - 9
  - 12
- goal:
  - 7
  - 78
  name: agent19
  start:
  - 61
  - 12
- goal:
  - 51
  - 26
  name: agent20
  start:
  - 28
  - 68
- goal:
  - 28
  - 58
  name: agent21
  start:
  - 19
  - 58
- goal:
  - 7
  - 62
  name: agent22
  start:
  - 10
  - 55
- goal:
  - 63
  - 77
  name: agent23
  start:
  - 52
  - 23
- goal:
  - 34
  - 57
  name: agent24
  start:
  - 24
  - 51
- goal:
  - 9
  - 70
  name: agent25
  start:
  - 57
  - 9
- goal:
  - 7
  - 55
  name: agent26
  start:
  - 58
  - 66
- goal:
  - 7
  - 10
  name: agent27
  start:
  - 29
  - 66
- goal:
  - 27
  - 48
  name: agent28
  start:
  - 36
  - 78
- goal:
  - 51
  - 76
  name: agent29
  start:
  - 44
  - 13
- goal:
  - 31
  - 28
  name: agent30
  start:
  - 21
  - 33
- goal:
  - 54
  - 42
  name: agent31
  start:
  - 54
  - 54
- goal:
  - 58
  - 6
  name: agent32
  start:
  - 7
  - 76
- goal:
  - 45
  - 68
  name: agent33
  start:
  - 21
  - 7
- goal:
  - 29
  - 26
  name: agent34
  start:
  - 18
  - 62
- goal:
  - 54
  - 50
  name: agent35
  start:
  - 41
  - 38
- goal:
  - 5
  - 74
  name: agent36
  start:
  - 4
  - 18
- goal:
  - 6
  - 13
  name: agent37
  start:
  - 52
  - 20
- goal:
  - 50
  - 6
  name: agent38
  start:
  - 57
  - 29
- goal:
  - 40
  - 52
  name: agent39
  start:
  - 6
  - 77
- goal:
  - 58
  - 72
  name: agent40
  start:
  - 34
  - 11
- goal:
  - 57
  - 5
  name: agent41
  start:
  - 54
  - 41
- goal:
  - 37
  - 20
  name: agent42
  start:
  - 41
  - 41
- goal:
  - 31
  - 36
  name: agent43
  start:
  - 9
  - 61
- goal:
  - 4
  - 3
  name: agent44
  start:
  - 47
  - 68
- goal:
  - 38
  - 28
  name: agent45
  start:
  - 51
  - 22
- goal:
  - 53
  - 8
  name: agent46
  start:
  - 23
  - 57
- goal:
  - 54
  - 76
  name: agent47
  start:
  - 20
  - 54
- goal:
  - 40
  - 75
  name: agent48
  start:
  - 21
  - 18
- goal:
  - 27
  - 63
  name: agent49
  start:
  - 39
  - 9
- goal:
  - 3
  - 13
  name: agent50
  start:
  - 48
  - 42
- goal:
  - 18
  - 20
  name: agent51
  start:
  - 61
  - 77
- goal:
  - 22
  - 21
  name: agent52
  start:
  - 8
  - 20
- goal:
  - 9
  - 73
  name: agent53
  start:
  - 21
  - 69
- goal:
  - 11
  - 12
  name: agent54
  start:
  - 55
  - 27
map_path: ../yaml_maps/den312d.map
