agents:
- goal:
  - 178
  - 184
  name: agent0
  start:
  - 66
  - 95
- goal:
  - 162
  - 152
  name: agent1
  start:
  - 170
  - 57
- goal:
  - 90
  - 59
  name: agent2
  start:
  - 18
  - 210
- goal:
  - 176
  - 61
  name: agent3
  start:
  - 139
  - 216
- goal:
  - 45
  - 177
  name: agent4
  start:
  - 87
  - 44
- goal:
  - 91
  - 195
  name: agent5
  start:
  - 75
  - 180
- goal:
  - 194
  - 176
  name: agent6
  start:
  - 15
  - 198
- goal:
  - 85
  - 169
  name: agent7
  start:
  - 153
  - 26
- goal:
  - 16
  - 186
  name: agent8
  start:
  - 92
  - 156
- goal:
  - 67
  - 192
  name: agent9
  start:
  - 161
  - 114
- goal:
  - 164
  - 15
  name: agent10
  start:
  - 20
  - 200
- goal:
  - 239
  - 34
  name: agent11
  start:
  - 8
  - 212
- goal:
  - 102
  - 172
  name: agent12
  start:
  - 243
  - 1
- goal:
  - 91
  - 165
  name: agent13
  start:
  - 175
  - 155
- goal:
  - 109
  - 39
  name: agent14
  start:
  - 18
  - 142
- goal:
  - 120
  - 213
  name: agent15
  start:
  - 45
  - 173
- goal:
  - 119
  - 115
  name: agent16
  start:
  - 80
  - 140
- goal:
  - 78
  - 85
  name: agent17
  start:
  - 187
  - 64
- goal:
  - 44
  - 172
  name: agent18
  start:
  - 77
  - 87
- goal:
  - 194
  - 85
  name: agent19
  start:
  - 175
  - 169
- goal:
  - 141
  - 227
  name: agent20
  start:
  - 242
  - 4
- goal:
  - 71
  - 208
  name: agent21
  start:
  - 242
  - 12
- goal:
  - 91
  - 101
  name: agent22
  start:
  - 83
  - 96
- goal:
  - 112
  - 99
  name: agent23
  start:
  - 201
  - 203
- goal:
  - 65
  - 159
  name: agent24
  start:
  - 72
  - 33
- goal:
  - 211
  - 201
  name: agent25
  start:
  - 193
  - 166
- goal:
  - 130
  - 71
  name: agent26
  start:
  - 94
  - 227
- goal:
  - 248
  - 9
  name: agent27
  start:
  - 156
  - 223
- goal:
  - 196
  - 54
  name: agent28
  start:
  - 139
  - 206
- goal:
  - 167
  - 23
  name: agent29
  start:
  - 207
  - 212
- goal:
  - 215
  - 206
  name: agent30
  start:
  - 48
  - 170
- goal:
  - 13
  - 211
  name: agent31
  start:
  - 92
  - 108
- goal:
  - 10
  - 206
  name: agent32
  start:
  - 98
  - 38
- goal:
  - 80
  - 187
  name: agent33
  start:
  - 238
  - 99
- goal:
  - 125
  - 14
  name: agent34
  start:
  - 22
  - 177
- goal:
  - 67
  - 26
  name: agent35
  start:
  - 25
  - 181
- goal:
  - 243
  - 122
  name: agent36
  start:
  - 101
  - 52
- goal:
  - 92
  - 184
  name: agent37
  start:
  - 222
  - 58
- goal:
  - 61
  - 146
  name: agent38
  start:
  - 247
  - 54
- goal:
  - 49
  - 150
  name: agent39
  start:
  - 203
  - 177
- goal:
  - 125
  - 157
  name: agent40
  start:
  - 177
  - 176
- goal:
  - 137
  - 156
  name: agent41
  start:
  - 239
  - 103
- goal:
  - 156
  - 233
  name: agent42
  start:
  - 103
  - 103
- goal:
  - 10
  - 170
  name: agent43
  start:
  - 54
  - 178
- goal:
  - 242
  - 11
  name: agent44
  start:
  - 12
  - 192
- goal:
  - 131
  - 51
  name: agent45
  start:
  - 106
  - 41
- goal:
  - 167
  - 82
  name: agent46
  start:
  - 181
  - 178
- goal:
  - 83
  - 37
  name: agent47
  start:
  - 15
  - 159
- goal:
  - 46
  - 152
  name: agent48
  start:
  - 83
  - 56
- goal:
  - 133
  - 160
  name: agent49
  start:
  - 102
  - 50
- goal:
  - 99
  - 94
  name: agent50
  start:
  - 65
  - 234
- goal:
  - 160
  - 85
  name: agent51
  start:
  - 206
  - 183
- goal:
  - 34
  - 159
  name: agent52
  start:
  - 112
  - 158
- goal:
  - 140
  - 108
  name: agent53
  start:
  - 204
  - 41
- goal:
  - 151
  - 49
  name: agent54
  start:
  - 139
  - 52
- goal:
  - 91
  - 211
  name: agent55
  start:
  - 141
  - 35
- goal:
  - 102
  - 40
  name: agent56
  start:
  - 113
  - 86
- goal:
  - 189
  - 157
  name: agent57
  start:
  - 137
  - 21
- goal:
  - 183
  - 25
  name: agent58
  start:
  - 111
  - 109
- goal:
  - 63
  - 77
  name: agent59
  start:
  - 79
  - 180
- goal:
  - 77
  - 206
  name: agent60
  start:
  - 154
  - 111
- goal:
  - 137
  - 22
  name: agent61
  start:
  - 244
  - 61
- goal:
  - 63
  - 159
  name: agent62
  start:
  - 214
  - 53
- goal:
  - 69
  - 146
  name: agent63
  start:
  - 123
  - 164
- goal:
  - 56
  - 68
  name: agent64
  start:
  - 187
  - 89
- goal:
  - 92
  - 82
  name: agent65
  start:
  - 44
  - 134
- goal:
  - 243
  - 4
  name: agent66
  start:
  - 143
  - 227
- goal:
  - 177
  - 37
  name: agent67
  start:
  - 86
  - 209
- goal:
  - 124
  - 23
  name: agent68
  start:
  - 172
  - 78
- goal:
  - 8
  - 213
  name: agent69
  start:
  - 164
  - 36
- goal:
  - 213
  - 91
  name: agent70
  start:
  - 75
  - 223
- goal:
  - 141
  - 205
  name: agent71
  start:
  - 121
  - 47
- goal:
  - 227
  - 123
  name: agent72
  start:
  - 93
  - 50
- goal:
  - 232
  - 198
  name: agent73
  start:
  - 95
  - 141
- goal:
  - 29
  - 141
  name: agent74
  start:
  - 182
  - 43
- goal:
  - 188
  - 37
  name: agent75
  start:
  - 187
  - 39
- goal:
  - 66
  - 64
  name: agent76
  start:
  - 169
  - 121
- goal:
  - 63
  - 138
  name: agent77
  start:
  - 156
  - 91
- goal:
  - 95
  - 53
  name: agent78
  start:
  - 98
  - 106
- goal:
  - 131
  - 49
  name: agent79
  start:
  - 26
  - 169
- goal:
  - 252
  - 146
  name: agent80
  start:
  - 57
  - 65
- goal:
  - 233
  - 37
  name: agent81
  start:
  - 7
  - 212
- goal:
  - 150
  - 222
  name: agent82
  start:
  - 138
  - 178
- goal:
  - 216
  - 36
  name: agent83
  start:
  - 84
  - 224
- goal:
  - 153
  - 216
  name: agent84
  start:
  - 129
  - 14
- goal:
  - 20
  - 147
  name: agent85
  start:
  - 174
  - 115
- goal:
  - 16
  - 162
  name: agent86
  start:
  - 90
  - 33
- goal:
  - 13
  - 166
  name: agent87
  start:
  - 197
  - 35
- goal:
  - 108
  - 162
  name: agent88
  start:
  - 32
  - 168
- goal:
  - 64
  - 36
  name: agent89
  start:
  - 136
  - 41
- goal:
  - 10
  - 141
  name: agent90
  start:
  - 137
  - 15
- goal:
  - 90
  - 194
  name: agent91
  start:
  - 136
  - 212
- goal:
  - 177
  - 61
  name: agent92
  start:
  - 85
  - 163
- goal:
  - 150
  - 212
  name: agent93
  start:
  - 136
  - 92
- goal:
  - 73
  - 224
  name: agent94
  start:
  - 89
  - 208
- goal:
  - 90
  - 156
  name: agent95
  start:
  - 199
  - 187
- goal:
  - 48
  - 87
  name: agent96
  start:
  - 148
  - 212
- goal:
  - 224
  - 183
  name: agent97
  start:
  - 82
  - 228
- goal:
  - 41
  - 80
  name: agent98
  start:
  - 36
  - 150
- goal:
  - 191
  - 152
  name: agent99
  start:
  - 241
  - 128
- goal:
  - 45
  - 167
  name: agent100
  start:
  - 101
  - 160
- goal:
  - 220
  - 119
  name: agent101
  start:
  - 209
  - 54
- goal:
  - 166
  - 77
  name: agent102
  start:
  - 85
  - 38
- goal:
  - 114
  - 50
  name: agent103
  start:
  - 206
  - 178
- goal:
  - 241
  - 113
  name: agent104
  start:
  - 241
  - 68
- goal:
  - 220
  - 37
  name: agent105
  start:
  - 138
  - 219
- goal:
  - 155
  - 152
  name: agent106
  start:
  - 80
  - 136
- goal:
  - 13
  - 199
  name: agent107
  start:
  - 168
  - 16
- goal:
  - 155
  - 99
  name: agent108
  start:
  - 139
  - 92
- goal:
  - 13
  - 189
  name: agent109
  start:
  - 137
  - 173
- goal:
  - 9
  - 194
  name: agent110
  start:
  - 10
  - 196
- goal:
  - 116
  - 166
  name: agent111
  start:
  - 157
  - 209
- goal:
  - 46
  - 61
  name: agent112
  start:
  - 141
  - 213
- goal:
  - 201
  - 164
  name: agent113
  start:
  - 194
  - 171
- goal:
  - 62
  - 161
  name: agent114
  start:
  - 176
  - 149
- goal:
  - 79
  - 34
  name: agent115
  start:
  - 80
  - 42
- goal:
  - 99
  - 220
  name: agent116
  start:
  - 185
  - 46
- goal:
  - 137
  - 44
  name: agent117
  start:
  - 82
  - 41
- goal:
  - 175
  - 82
  name: agent118
  start:
  - 80
  - 79
- goal:
  - 177
  - 178
  name: agent119
  start:
  - 60
  - 47
- goal:
  - 216
  - 195
  name: agent120
  start:
  - 132
  - 169
- goal:
  - 76
  - 149
  name: agent121
  start:
  - 122
  - 156
- goal:
  - 199
  - 204
  name: agent122
  start:
  - 102
  - 219
- goal:
  - 109
  - 223
  name: agent123
  start:
  - 85
  - 173
- goal:
  - 64
  - 60
  name: agent124
  start:
  - 8
  - 214
- goal:
  - 13
  - 192
  name: agent125
  start:
  - 237
  - 21
- goal:
  - 115
  - 164
  name: agent126
  start:
  - 146
  - 169
- goal:
  - 243
  - 189
  name: agent127
  start:
  - 77
  - 98
- goal:
  - 142
  - 18
  name: agent128
  start:
  - 40
  - 182
- goal:
  - 171
  - 73
  name: agent129
  start:
  - 226
  - 122
- goal:
  - 47
  - 171
  name: agent130
  start:
  - 234
  - 30
- goal:
  - 65
  - 187
  name: agent131
  start:
  - 68
  - 181
- goal:
  - 89
  - 52
  name: agent132
  start:
  - 136
  - 179
- goal:
  - 52
  - 178
  name: agent133
  start:
  - 251
  - 142
- goal:
  - 152
  - 166
  name: agent134
  start:
  - 91
  - 35
- goal:
  - 69
  - 29
  name: agent135
  start:
  - 44
  - 171
- goal:
  - 179
  - 87
  name: agent136
  start:
  - 89
  - 160
- goal:
  - 104
  - 49
  name: agent137
  start:
  - 18
  - 180
- goal:
  - 82
  - 55
  name: agent138
  start:
  - 15
  - 152
- goal:
  - 98
  - 191
  name: agent139
  start:
  - 201
  - 41
- goal:
  - 101
  - 222
  name: agent140
  start:
  - 186
  - 73
- goal:
  - 78
  - 36
  name: agent141
  start:
  - 87
  - 164
- goal:
  - 148
  - 182
  name: agent142
  start:
  - 175
  - 143
- goal:
  - 217
  - 198
  name: agent143
  start:
  - 222
  - 209
- goal:
  - 184
  - 55
  name: agent144
  start:
  - 162
  - 45
- goal:
  - 231
  - 195
  name: agent145
  start:
  - 235
  - 125
- goal:
  - 34
  - 171
  name: agent146
  start:
  - 26
  - 167
- goal:
  - 247
  - 141
  name: agent147
  start:
  - 137
  - 226
- goal:
  - 90
  - 219
  name: agent148
  start:
  - 59
  - 48
- goal:
  - 80
  - 177
  name: agent149
  start:
  - 75
  - 167
map_path: ../yaml_maps/den520d.map
