agents:
- goal:
  - 104
  - 158
  name: agent0
  start:
  - 146
  - 105
- goal:
  - 8
  - 214
  name: agent1
  start:
  - 124
  - 13
- goal:
  - 206
  - 82
  name: agent2
  start:
  - 97
  - 52
- goal:
  - 198
  - 169
  name: agent3
  start:
  - 109
  - 46
- goal:
  - 197
  - 84
  name: agent4
  start:
  - 150
  - 30
- goal:
  - 105
  - 41
  name: agent5
  start:
  - 14
  - 213
- goal:
  - 186
  - 148
  name: agent6
  start:
  - 193
  - 85
- goal:
  - 208
  - 37
  name: agent7
  start:
  - 241
  - 199
- goal:
  - 157
  - 53
  name: agent8
  start:
  - 124
  - 56
- goal:
  - 148
  - 100
  name: agent9
  start:
  - 73
  - 58
- goal:
  - 238
  - 16
  name: agent10
  start:
  - 209
  - 181
- goal:
  - 86
  - 50
  name: agent11
  start:
  - 152
  - 230
- goal:
  - 239
  - 58
  name: agent12
  start:
  - 148
  - 179
- goal:
  - 79
  - 101
  name: agent13
  start:
  - 167
  - 138
- goal:
  - 96
  - 186
  name: agent14
  start:
  - 245
  - 25
- goal:
  - 12
  - 173
  name: agent15
  start:
  - 74
  - 42
- goal:
  - 93
  - 101
  name: agent16
  start:
  - 61
  - 169
- goal:
  - 220
  - 118
  name: agent17
  start:
  - 235
  - 121
- goal:
  - 235
  - 19
  name: agent18
  start:
  - 147
  - 222
- goal:
  - 26
  - 179
  name: agent19
  start:
  - 117
  - 98
- goal:
  - 240
  - 103
  name: agent20
  start:
  - 216
  - 93
- goal:
  - 215
  - 74
  name: agent21
  start:
  - 217
  - 51
- goal:
  - 97
  - 183
  name: agent22
  start:
  - 151
  - 153
- goal:
  - 70
  - 60
  name: agent23
  start:
  - 177
  - 57
- goal:
  - 48
  - 60
  name: agent24
  start:
  - 62
  - 153
- goal:
  - 131
  - 86
  name: agent25
  start:
  - 148
  - 168
- goal:
  - 210
  - 37
  name: agent26
  start:
  - 62
  - 178
- goal:
  - 135
  - 50
  name: agent27
  start:
  - 59
  - 138
- goal:
  - 243
  - 1
  name: agent28
  start:
  - 217
  - 97
- goal:
  - 157
  - 211
  name: agent29
  start:
  - 248
  - 135
- goal:
  - 8
  - 212
  name: agent30
  start:
  - 250
  - 50
- goal:
  - 69
  - 204
  name: agent31
  start:
  - 137
  - 1
- goal:
  - 238
  - 3
  name: agent32
  start:
  - 42
  - 159
- goal:
  - 206
  - 38
  name: agent33
  start:
  - 179
  - 164
- goal:
  - 100
  - 232
  name: agent34
  start:
  - 235
  - 186
- goal:
  - 83
  - 143
  name: agent35
  start:
  - 191
  - 79
- goal:
  - 88
  - 184
  name: agent36
  start:
  - 50
  - 173
- goal:
  - 14
  - 198
  name: agent37
  start:
  - 126
  - 18
- goal:
  - 75
  - 31
  name: agent38
  start:
  - 224
  - 215
- goal:
  - 148
  - 115
  name: agent39
  start:
  - 8
  - 186
map_path: ../yaml_maps/den520d.map
