agents:
- goal:
  - 15
  - 203
  name: agent0
  start:
  - 52
  - 40
- goal:
  - 214
  - 193
  name: agent1
  start:
  - 225
  - 176
- goal:
  - 173
  - 145
  name: agent2
  start:
  - 173
  - 147
- goal:
  - 170
  - 74
  name: agent3
  start:
  - 202
  - 66
- goal:
  - 104
  - 43
  name: agent4
  start:
  - 128
  - 73
- goal:
  - 121
  - 97
  name: agent5
  start:
  - 108
  - 112
- goal:
  - 72
  - 147
  name: agent6
  start:
  - 59
  - 160
- goal:
  - 158
  - 22
  name: agent7
  start:
  - 141
  - 91
- goal:
  - 87
  - 47
  name: agent8
  start:
  - 14
  - 139
- goal:
  - 14
  - 184
  name: agent9
  start:
  - 147
  - 201
- goal:
  - 99
  - 144
  name: agent10
  start:
  - 27
  - 166
- goal:
  - 183
  - 33
  name: agent11
  start:
  - 75
  - 56
- goal:
  - 251
  - 38
  name: agent12
  start:
  - 239
  - 79
- goal:
  - 98
  - 50
  name: agent13
  start:
  - 20
  - 182
- goal:
  - 82
  - 34
  name: agent14
  start:
  - 36
  - 151
- goal:
  - 61
  - 61
  name: agent15
  start:
  - 167
  - 172
- goal:
  - 86
  - 43
  name: agent16
  start:
  - 10
  - 137
- goal:
  - 70
  - 61
  name: agent17
  start:
  - 184
  - 58
- goal:
  - 172
  - 69
  name: agent18
  start:
  - 175
  - 67
- goal:
  - 149
  - 28
  name: agent19
  start:
  - 150
  - 49
- goal:
  - 151
  - 222
  name: agent20
  start:
  - 240
  - 59
- goal:
  - 192
  - 172
  name: agent21
  start:
  - 135
  - 152
- goal:
  - 152
  - 91
  name: agent22
  start:
  - 16
  - 179
- goal:
  - 7
  - 173
  name: agent23
  start:
  - 78
  - 32
- goal:
  - 140
  - 44
  name: agent24
  start:
  - 181
  - 142
- goal:
  - 9
  - 209
  name: agent25
  start:
  - 61
  - 226
- goal:
  - 145
  - 202
  name: agent26
  start:
  - 93
  - 103
- goal:
  - 85
  - 147
  name: agent27
  start:
  - 112
  - 228
- goal:
  - 86
  - 38
  name: agent28
  start:
  - 83
  - 106
- goal:
  - 99
  - 53
  name: agent29
  start:
  - 18
  - 199
- goal:
  - 239
  - 8
  name: agent30
  start:
  - 23
  - 169
- goal:
  - 243
  - 74
  name: agent31
  start:
  - 219
  - 95
- goal:
  - 49
  - 58
  name: agent32
  start:
  - 157
  - 216
- goal:
  - 45
  - 54
  name: agent33
  start:
  - 219
  - 64
- goal:
  - 70
  - 150
  name: agent34
  start:
  - 196
  - 33
- goal:
  - 114
  - 224
  name: agent35
  start:
  - 79
  - 47
- goal:
  - 17
  - 183
  name: agent36
  start:
  - 12
  - 144
- goal:
  - 217
  - 58
  name: agent37
  start:
  - 217
  - 69
- goal:
  - 94
  - 48
  name: agent38
  start:
  - 122
  - 151
- goal:
  - 223
  - 89
  name: agent39
  start:
  - 58
  - 84
map_path: ../yaml_maps/den520d.map
