agents:
- goal:
  - 131
  - 9
  name: agent0
  start:
  - 72
  - 135
- goal:
  - 242
  - 28
  name: agent1
  start:
  - 135
  - 212
- goal:
  - 141
  - 107
  name: agent2
  start:
  - 185
  - 34
- goal:
  - 90
  - 212
  name: agent3
  start:
  - 238
  - 113
- goal:
  - 216
  - 86
  name: agent4
  start:
  - 198
  - 62
- goal:
  - 224
  - 209
  name: agent5
  start:
  - 27
  - 173
- goal:
  - 158
  - 121
  name: agent6
  start:
  - 214
  - 94
- goal:
  - 196
  - 67
  name: agent7
  start:
  - 208
  - 208
- goal:
  - 36
  - 149
  name: agent8
  start:
  - 49
  - 163
- goal:
  - 234
  - 15
  name: agent9
  start:
  - 135
  - 176
- goal:
  - 224
  - 128
  name: agent10
  start:
  - 86
  - 170
- goal:
  - 156
  - 179
  name: agent11
  start:
  - 213
  - 179
- goal:
  - 50
  - 51
  name: agent12
  start:
  - 15
  - 202
- goal:
  - 228
  - 120
  name: agent13
  start:
  - 7
  - 190
- goal:
  - 6
  - 156
  name: agent14
  start:
  - 10
  - 162
- goal:
  - 177
  - 101
  name: agent15
  start:
  - 98
  - 213
- goal:
  - 187
  - 82
  name: agent16
  start:
  - 221
  - 196
- goal:
  - 8
  - 145
  name: agent17
  start:
  - 43
  - 69
- goal:
  - 89
  - 174
  name: agent18
  start:
  - 27
  - 178
- goal:
  - 218
  - 192
  name: agent19
  start:
  - 50
  - 49
- goal:
  - 176
  - 145
  name: agent20
  start:
  - 221
  - 181
- goal:
  - 101
  - 110
  name: agent21
  start:
  - 250
  - 11
- goal:
  - 149
  - 217
  name: agent22
  start:
  - 172
  - 61
- goal:
  - 87
  - 227
  name: agent23
  start:
  - 34
  - 158
- goal:
  - 215
  - 72
  name: agent24
  start:
  - 233
  - 213
- goal:
  - 238
  - 11
  name: agent25
  start:
  - 31
  - 175
- goal:
  - 240
  - 34
  name: agent26
  start:
  - 139
  - 35
- goal:
  - 183
  - 41
  name: agent27
  start:
  - 179
  - 155
- goal:
  - 167
  - 40
  name: agent28
  start:
  - 149
  - 97
- goal:
  - 92
  - 199
  name: agent29
  start:
  - 162
  - 59
- goal:
  - 166
  - 136
  name: agent30
  start:
  - 94
  - 149
- goal:
  - 161
  - 105
  name: agent31
  start:
  - 76
  - 179
- goal:
  - 174
  - 120
  name: agent32
  start:
  - 61
  - 165
- goal:
  - 216
  - 61
  name: agent33
  start:
  - 34
  - 188
- goal:
  - 186
  - 77
  name: agent34
  start:
  - 61
  - 140
- goal:
  - 183
  - 97
  name: agent35
  start:
  - 32
  - 143
- goal:
  - 115
  - 51
  name: agent36
  start:
  - 54
  - 60
- goal:
  - 183
  - 100
  name: agent37
  start:
  - 125
  - 175
- goal:
  - 155
  - 109
  name: agent38
  start:
  - 176
  - 146
- goal:
  - 36
  - 180
  name: agent39
  start:
  - 129
  - 68
- goal:
  - 95
  - 104
  name: agent40
  start:
  - 31
  - 158
- goal:
  - 242
  - 75
  name: agent41
  start:
  - 109
  - 215
- goal:
  - 96
  - 198
  name: agent42
  start:
  - 117
  - 81
- goal:
  - 84
  - 40
  name: agent43
  start:
  - 211
  - 40
- goal:
  - 147
  - 101
  name: agent44
  start:
  - 178
  - 106
- goal:
  - 221
  - 222
  name: agent45
  start:
  - 212
  - 210
- goal:
  - 213
  - 126
  name: agent46
  start:
  - 13
  - 204
- goal:
  - 173
  - 65
  name: agent47
  start:
  - 242
  - 57
- goal:
  - 171
  - 60
  name: agent48
  start:
  - 174
  - 58
- goal:
  - 29
  - 150
  name: agent49
  start:
  - 27
  - 72
map_path: ../yaml_maps/den520d.map
