agents:
- goal:
  - 131
  - 9
  name: agent0
  start:
  - 72
  - 135
- goal:
  - 242
  - 28
  name: agent1
  start:
  - 135
  - 212
- goal:
  - 141
  - 107
  name: agent2
  start:
  - 185
  - 34
- goal:
  - 90
  - 212
  name: agent3
  start:
  - 238
  - 113
- goal:
  - 216
  - 86
  name: agent4
  start:
  - 198
  - 62
- goal:
  - 224
  - 209
  name: agent5
  start:
  - 27
  - 173
- goal:
  - 158
  - 121
  name: agent6
  start:
  - 214
  - 94
- goal:
  - 196
  - 67
  name: agent7
  start:
  - 208
  - 208
- goal:
  - 36
  - 149
  name: agent8
  start:
  - 49
  - 163
- goal:
  - 234
  - 15
  name: agent9
  start:
  - 135
  - 176
- goal:
  - 224
  - 128
  name: agent10
  start:
  - 86
  - 170
- goal:
  - 156
  - 179
  name: agent11
  start:
  - 213
  - 179
- goal:
  - 50
  - 51
  name: agent12
  start:
  - 15
  - 202
- goal:
  - 228
  - 120
  name: agent13
  start:
  - 7
  - 190
- goal:
  - 6
  - 156
  name: agent14
  start:
  - 10
  - 162
- goal:
  - 177
  - 101
  name: agent15
  start:
  - 98
  - 213
- goal:
  - 187
  - 82
  name: agent16
  start:
  - 221
  - 196
- goal:
  - 8
  - 145
  name: agent17
  start:
  - 43
  - 69
- goal:
  - 89
  - 174
  name: agent18
  start:
  - 27
  - 178
- goal:
  - 218
  - 192
  name: agent19
  start:
  - 50
  - 49
- goal:
  - 176
  - 145
  name: agent20
  start:
  - 221
  - 181
- goal:
  - 101
  - 110
  name: agent21
  start:
  - 250
  - 11
- goal:
  - 149
  - 217
  name: agent22
  start:
  - 172
  - 61
- goal:
  - 87
  - 227
  name: agent23
  start:
  - 34
  - 158
- goal:
  - 215
  - 72
  name: agent24
  start:
  - 233
  - 213
- goal:
  - 238
  - 11
  name: agent25
  start:
  - 31
  - 175
- goal:
  - 240
  - 34
  name: agent26
  start:
  - 139
  - 35
- goal:
  - 183
  - 41
  name: agent27
  start:
  - 179
  - 155
- goal:
  - 167
  - 40
  name: agent28
  start:
  - 149
  - 97
- goal:
  - 92
  - 199
  name: agent29
  start:
  - 162
  - 59
- goal:
  - 166
  - 136
  name: agent30
  start:
  - 94
  - 149
- goal:
  - 161
  - 105
  name: agent31
  start:
  - 76
  - 179
- goal:
  - 174
  - 120
  name: agent32
  start:
  - 61
  - 165
- goal:
  - 216
  - 61
  name: agent33
  start:
  - 34
  - 188
- goal:
  - 186
  - 77
  name: agent34
  start:
  - 61
  - 140
- goal:
  - 183
  - 97
  name: agent35
  start:
  - 32
  - 143
- goal:
  - 115
  - 51
  name: agent36
  start:
  - 54
  - 60
- goal:
  - 183
  - 100
  name: agent37
  start:
  - 125
  - 175
- goal:
  - 155
  - 109
  name: agent38
  start:
  - 176
  - 146
- goal:
  - 36
  - 180
  name: agent39
  start:
  - 129
  - 68
- goal:
  - 95
  - 104
  name: agent40
  start:
  - 31
  - 158
- goal:
  - 242
  - 75
  name: agent41
  start:
  - 109
  - 215
- goal:
  - 96
  - 198
  name: agent42
  start:
  - 117
  - 81
- goal:
  - 84
  - 40
  name: agent43
  start:
  - 211
  - 40
- goal:
  - 147
  - 101
  name: agent44
  start:
  - 178
  - 106
- goal:
  - 221
  - 222
  name: agent45
  start:
  - 212
  - 210
- goal:
  - 213
  - 126
  name: agent46
  start:
  - 13
  - 204
- goal:
  - 173
  - 65
  name: agent47
  start:
  - 242
  - 57
- goal:
  - 171
  - 60
  name: agent48
  start:
  - 174
  - 58
- goal:
  - 29
  - 150
  name: agent49
  start:
  - 27
  - 72
- goal:
  - 149
  - 203
  name: agent50
  start:
  - 119
  - 40
- goal:
  - 8
  - 190
  name: agent51
  start:
  - 199
  - 70
- goal:
  - 228
  - 96
  name: agent52
  start:
  - 79
  - 231
- goal:
  - 85
  - 105
  name: agent53
  start:
  - 140
  - 208
- goal:
  - 180
  - 129
  name: agent54
  start:
  - 52
  - 154
- goal:
  - 54
  - 57
  name: agent55
  start:
  - 36
  - 151
- goal:
  - 13
  - 143
  name: agent56
  start:
  - 186
  - 26
- goal:
  - 106
  - 160
  name: agent57
  start:
  - 230
  - 71
- goal:
  - 184
  - 38
  name: agent58
  start:
  - 236
  - 14
- goal:
  - 148
  - 216
  name: agent59
  start:
  - 213
  - 52
- goal:
  - 75
  - 80
  name: agent60
  start:
  - 222
  - 130
- goal:
  - 238
  - 23
  name: agent61
  start:
  - 12
  - 195
- goal:
  - 63
  - 226
  name: agent62
  start:
  - 180
  - 28
- goal:
  - 69
  - 56
  name: agent63
  start:
  - 36
  - 69
- goal:
  - 95
  - 169
  name: agent64
  start:
  - 186
  - 153
- goal:
  - 205
  - 190
  name: agent65
  start:
  - 250
  - 35
- goal:
  - 157
  - 232
  name: agent66
  start:
  - 133
  - 50
- goal:
  - 178
  - 23
  name: agent67
  start:
  - 87
  - 199
- goal:
  - 178
  - 53
  name: agent68
  start:
  - 70
  - 225
- goal:
  - 202
  - 190
  name: agent69
  start:
  - 89
  - 172
- goal:
  - 18
  - 147
  name: agent70
  start:
  - 195
  - 55
- goal:
  - 156
  - 105
  name: agent71
  start:
  - 99
  - 112
- goal:
  - 83
  - 48
  name: agent72
  start:
  - 34
  - 171
- goal:
  - 239
  - 195
  name: agent73
  start:
  - 9
  - 178
- goal:
  - 227
  - 74
  name: agent74
  start:
  - 12
  - 159
- goal:
  - 219
  - 109
  name: agent75
  start:
  - 40
  - 80
- goal:
  - 11
  - 180
  name: agent76
  start:
  - 28
  - 174
- goal:
  - 235
  - 184
  name: agent77
  start:
  - 108
  - 98
- goal:
  - 229
  - 198
  name: agent78
  start:
  - 233
  - 57
- goal:
  - 72
  - 215
  name: agent79
  start:
  - 217
  - 80
- goal:
  - 157
  - 156
  name: agent80
  start:
  - 85
  - 86
- goal:
  - 71
  - 46
  name: agent81
  start:
  - 78
  - 32
- goal:
  - 227
  - 102
  name: agent82
  start:
  - 66
  - 176
- goal:
  - 211
  - 216
  name: agent83
  start:
  - 144
  - 26
- goal:
  - 155
  - 224
  name: agent84
  start:
  - 198
  - 187
- goal:
  - 144
  - 102
  name: agent85
  start:
  - 232
  - 129
- goal:
  - 76
  - 37
  name: agent86
  start:
  - 173
  - 81
- goal:
  - 245
  - 6
  name: agent87
  start:
  - 82
  - 208
- goal:
  - 152
  - 157
  name: agent88
  start:
  - 232
  - 88
- goal:
  - 226
  - 114
  name: agent89
  start:
  - 73
  - 96
- goal:
  - 56
  - 140
  name: agent90
  start:
  - 13
  - 153
- goal:
  - 105
  - 219
  name: agent91
  start:
  - 232
  - 21
- goal:
  - 76
  - 182
  name: agent92
  start:
  - 106
  - 158
- goal:
  - 148
  - 213
  name: agent93
  start:
  - 52
  - 42
- goal:
  - 46
  - 150
  name: agent94
  start:
  - 75
  - 192
- goal:
  - 226
  - 193
  name: agent95
  start:
  - 210
  - 83
- goal:
  - 112
  - 34
  name: agent96
  start:
  - 87
  - 139
- goal:
  - 104
  - 93
  name: agent97
  start:
  - 244
  - 35
- goal:
  - 113
  - 33
  name: agent98
  start:
  - 39
  - 179
- goal:
  - 70
  - 71
  name: agent99
  start:
  - 167
  - 28
- goal:
  - 218
  - 177
  name: agent100
  start:
  - 221
  - 63
- goal:
  - 225
  - 119
  name: agent101
  start:
  - 214
  - 204
- goal:
  - 88
  - 60
  name: agent102
  start:
  - 231
  - 131
- goal:
  - 92
  - 90
  name: agent103
  start:
  - 59
  - 41
- goal:
  - 109
  - 163
  name: agent104
  start:
  - 149
  - 203
- goal:
  - 191
  - 33
  name: agent105
  start:
  - 136
  - 226
- goal:
  - 87
  - 230
  name: agent106
  start:
  - 65
  - 142
- goal:
  - 180
  - 79
  name: agent107
  start:
  - 145
  - 210
- goal:
  - 249
  - 8
  name: agent108
  start:
  - 17
  - 151
- goal:
  - 237
  - 78
  name: agent109
  start:
  - 177
  - 69
- goal:
  - 233
  - 42
  name: agent110
  start:
  - 247
  - 9
- goal:
  - 90
  - 215
  name: agent111
  start:
  - 239
  - 90
- goal:
  - 190
  - 38
  name: agent112
  start:
  - 186
  - 62
- goal:
  - 140
  - 105
  name: agent113
  start:
  - 184
  - 35
- goal:
  - 87
  - 178
  name: agent114
  start:
  - 78
  - 223
- goal:
  - 62
  - 41
  name: agent115
  start:
  - 138
  - 21
- goal:
  - 114
  - 223
  name: agent116
  start:
  - 82
  - 178
- goal:
  - 240
  - 40
  name: agent117
  start:
  - 145
  - 227
- goal:
  - 111
  - 230
  name: agent118
  start:
  - 154
  - 31
- goal:
  - 131
  - 108
  name: agent119
  start:
  - 11
  - 184
- goal:
  - 229
  - 178
  name: agent120
  start:
  - 238
  - 78
- goal:
  - 34
  - 186
  name: agent121
  start:
  - 128
  - 96
- goal:
  - 224
  - 65
  name: agent122
  start:
  - 67
  - 76
- goal:
  - 58
  - 67
  name: agent123
  start:
  - 44
  - 134
- goal:
  - 113
  - 219
  name: agent124
  start:
  - 122
  - 81
- goal:
  - 12
  - 138
  name: agent125
  start:
  - 87
  - 37
- goal:
  - 128
  - 102
  name: agent126
  start:
  - 206
  - 85
- goal:
  - 54
  - 173
  name: agent127
  start:
  - 96
  - 199
- goal:
  - 46
  - 71
  name: agent128
  start:
  - 118
  - 226
- goal:
  - 70
  - 210
  name: agent129
  start:
  - 209
  - 38
- goal:
  - 85
  - 180
  name: agent130
  start:
  - 11
  - 189
- goal:
  - 212
  - 73
  name: agent131
  start:
  - 98
  - 143
- goal:
  - 241
  - 24
  name: agent132
  start:
  - 141
  - 205
- goal:
  - 213
  - 61
  name: agent133
  start:
  - 194
  - 40
- goal:
  - 182
  - 112
  name: agent134
  start:
  - 60
  - 54
- goal:
  - 237
  - 99
  name: agent135
  start:
  - 22
  - 171
- goal:
  - 239
  - 2
  name: agent136
  start:
  - 129
  - 161
- goal:
  - 246
  - 23
  name: agent137
  start:
  - 148
  - 223
- goal:
  - 162
  - 90
  name: agent138
  start:
  - 170
  - 99
- goal:
  - 51
  - 50
  name: agent139
  start:
  - 12
  - 204
- goal:
  - 249
  - 36
  name: agent140
  start:
  - 140
  - 46
- goal:
  - 145
  - 21
  name: agent141
  start:
  - 43
  - 141
- goal:
  - 51
  - 134
  name: agent142
  start:
  - 107
  - 171
- goal:
  - 216
  - 117
  name: agent143
  start:
  - 80
  - 188
- goal:
  - 242
  - 92
  name: agent144
  start:
  - 159
  - 41
- goal:
  - 191
  - 73
  name: agent145
  start:
  - 17
  - 186
- goal:
  - 199
  - 74
  name: agent146
  start:
  - 225
  - 78
- goal:
  - 112
  - 38
  name: agent147
  start:
  - 104
  - 92
- goal:
  - 15
  - 187
  name: agent148
  start:
  - 92
  - 94
- goal:
  - 163
  - 45
  name: agent149
  start:
  - 28
  - 172
- goal:
  - 159
  - 30
  name: agent150
  start:
  - 224
  - 61
- goal:
  - 10
  - 160
  name: agent151
  start:
  - 241
  - 73
- goal:
  - 111
  - 36
  name: agent152
  start:
  - 32
  - 163
- goal:
  - 14
  - 209
  name: agent153
  start:
  - 48
  - 81
- goal:
  - 139
  - 230
  name: agent154
  start:
  - 239
  - 99
- goal:
  - 74
  - 76
  name: agent155
  start:
  - 157
  - 166
- goal:
  - 73
  - 201
  name: agent156
  start:
  - 67
  - 226
- goal:
  - 63
  - 83
  name: agent157
  start:
  - 114
  - 91
- goal:
  - 214
  - 71
  name: agent158
  start:
  - 86
  - 35
- goal:
  - 75
  - 231
  name: agent159
  start:
  - 142
  - 28
- goal:
  - 112
  - 114
  name: agent160
  start:
  - 147
  - 146
- goal:
  - 179
  - 106
  name: agent161
  start:
  - 61
  - 177
- goal:
  - 91
  - 100
  name: agent162
  start:
  - 107
  - 53
- goal:
  - 86
  - 157
  name: agent163
  start:
  - 48
  - 179
- goal:
  - 193
  - 69
  name: agent164
  start:
  - 26
  - 181
- goal:
  - 169
  - 148
  name: agent165
  start:
  - 161
  - 115
- goal:
  - 239
  - 4
  name: agent166
  start:
  - 136
  - 229
- goal:
  - 94
  - 156
  name: agent167
  start:
  - 69
  - 212
- goal:
  - 161
  - 145
  name: agent168
  start:
  - 106
  - 33
- goal:
  - 165
  - 174
  name: agent169
  start:
  - 62
  - 140
map_path: ../yaml_maps/den520d.map
