agents:
- goal:
  - 15
  - 203
  name: agent0
  start:
  - 52
  - 40
- goal:
  - 214
  - 193
  name: agent1
  start:
  - 225
  - 176
- goal:
  - 173
  - 145
  name: agent2
  start:
  - 173
  - 147
- goal:
  - 170
  - 74
  name: agent3
  start:
  - 202
  - 66
- goal:
  - 104
  - 43
  name: agent4
  start:
  - 128
  - 73
- goal:
  - 121
  - 97
  name: agent5
  start:
  - 108
  - 112
- goal:
  - 72
  - 147
  name: agent6
  start:
  - 59
  - 160
- goal:
  - 158
  - 22
  name: agent7
  start:
  - 141
  - 91
- goal:
  - 87
  - 47
  name: agent8
  start:
  - 14
  - 139
- goal:
  - 14
  - 184
  name: agent9
  start:
  - 147
  - 201
- goal:
  - 99
  - 144
  name: agent10
  start:
  - 27
  - 166
- goal:
  - 183
  - 33
  name: agent11
  start:
  - 75
  - 56
- goal:
  - 251
  - 38
  name: agent12
  start:
  - 239
  - 79
- goal:
  - 98
  - 50
  name: agent13
  start:
  - 20
  - 182
- goal:
  - 82
  - 34
  name: agent14
  start:
  - 36
  - 151
- goal:
  - 61
  - 61
  name: agent15
  start:
  - 167
  - 172
- goal:
  - 86
  - 43
  name: agent16
  start:
  - 10
  - 137
- goal:
  - 70
  - 61
  name: agent17
  start:
  - 184
  - 58
- goal:
  - 172
  - 69
  name: agent18
  start:
  - 175
  - 67
- goal:
  - 149
  - 28
  name: agent19
  start:
  - 150
  - 49
- goal:
  - 151
  - 222
  name: agent20
  start:
  - 240
  - 59
- goal:
  - 192
  - 172
  name: agent21
  start:
  - 135
  - 152
- goal:
  - 152
  - 91
  name: agent22
  start:
  - 16
  - 179
- goal:
  - 7
  - 173
  name: agent23
  start:
  - 78
  - 32
- goal:
  - 140
  - 44
  name: agent24
  start:
  - 181
  - 142
- goal:
  - 9
  - 209
  name: agent25
  start:
  - 61
  - 226
- goal:
  - 145
  - 202
  name: agent26
  start:
  - 93
  - 103
- goal:
  - 85
  - 147
  name: agent27
  start:
  - 112
  - 228
- goal:
  - 86
  - 38
  name: agent28
  start:
  - 83
  - 106
- goal:
  - 99
  - 53
  name: agent29
  start:
  - 18
  - 199
- goal:
  - 239
  - 8
  name: agent30
  start:
  - 23
  - 169
- goal:
  - 243
  - 74
  name: agent31
  start:
  - 219
  - 95
- goal:
  - 49
  - 58
  name: agent32
  start:
  - 157
  - 216
- goal:
  - 45
  - 54
  name: agent33
  start:
  - 219
  - 64
- goal:
  - 70
  - 150
  name: agent34
  start:
  - 196
  - 33
- goal:
  - 114
  - 224
  name: agent35
  start:
  - 79
  - 47
- goal:
  - 17
  - 183
  name: agent36
  start:
  - 12
  - 144
- goal:
  - 217
  - 58
  name: agent37
  start:
  - 217
  - 69
- goal:
  - 94
  - 48
  name: agent38
  start:
  - 122
  - 151
- goal:
  - 223
  - 89
  name: agent39
  start:
  - 58
  - 84
- goal:
  - 220
  - 89
  name: agent40
  start:
  - 30
  - 150
- goal:
  - 212
  - 78
  name: agent41
  start:
  - 213
  - 82
- goal:
  - 66
  - 78
  name: agent42
  start:
  - 172
  - 87
- goal:
  - 134
  - 216
  name: agent43
  start:
  - 178
  - 76
- goal:
  - 71
  - 192
  name: agent44
  start:
  - 75
  - 200
- goal:
  - 6
  - 214
  name: agent45
  start:
  - 241
  - 77
- goal:
  - 224
  - 129
  name: agent46
  start:
  - 233
  - 186
- goal:
  - 230
  - 217
  name: agent47
  start:
  - 77
  - 39
- goal:
  - 137
  - 207
  name: agent48
  start:
  - 100
  - 234
- goal:
  - 236
  - 204
  name: agent49
  start:
  - 53
  - 64
- goal:
  - 80
  - 33
  name: agent50
  start:
  - 68
  - 219
- goal:
  - 7
  - 212
  name: agent51
  start:
  - 109
  - 101
- goal:
  - 73
  - 147
  name: agent52
  start:
  - 89
  - 148
- goal:
  - 74
  - 59
  name: agent53
  start:
  - 93
  - 146
- goal:
  - 123
  - 218
  name: agent54
  start:
  - 174
  - 102
- goal:
  - 126
  - 32
  name: agent55
  start:
  - 177
  - 32
- goal:
  - 221
  - 121
  name: agent56
  start:
  - 81
  - 182
- goal:
  - 191
  - 59
  name: agent57
  start:
  - 200
  - 169
- goal:
  - 169
  - 87
  name: agent58
  start:
  - 185
  - 147
- goal:
  - 127
  - 57
  name: agent59
  start:
  - 42
  - 146
- goal:
  - 185
  - 23
  name: agent60
  start:
  - 169
  - 177
- goal:
  - 17
  - 212
  name: agent61
  start:
  - 164
  - 18
- goal:
  - 225
  - 191
  name: agent62
  start:
  - 168
  - 93
- goal:
  - 84
  - 77
  name: agent63
  start:
  - 90
  - 39
- goal:
  - 179
  - 128
  name: agent64
  start:
  - 85
  - 179
- goal:
  - 90
  - 196
  name: agent65
  start:
  - 89
  - 141
- goal:
  - 172
  - 171
  name: agent66
  start:
  - 173
  - 22
- goal:
  - 57
  - 150
  name: agent67
  start:
  - 120
  - 119
- goal:
  - 222
  - 90
  name: agent68
  start:
  - 242
  - 124
- goal:
  - 123
  - 231
  name: agent69
  start:
  - 106
  - 97
- goal:
  - 220
  - 205
  name: agent70
  start:
  - 105
  - 143
- goal:
  - 154
  - 173
  name: agent71
  start:
  - 205
  - 190
- goal:
  - 241
  - 42
  name: agent72
  start:
  - 243
  - 68
- goal:
  - 45
  - 138
  name: agent73
  start:
  - 76
  - 191
- goal:
  - 15
  - 200
  name: agent74
  start:
  - 127
  - 47
- goal:
  - 142
  - 221
  name: agent75
  start:
  - 139
  - 228
- goal:
  - 67
  - 40
  name: agent76
  start:
  - 163
  - 96
- goal:
  - 114
  - 90
  name: agent77
  start:
  - 178
  - 140
- goal:
  - 209
  - 34
  name: agent78
  start:
  - 138
  - 219
- goal:
  - 125
  - 27
  name: agent79
  start:
  - 78
  - 232
- goal:
  - 139
  - 212
  name: agent80
  start:
  - 208
  - 182
- goal:
  - 166
  - 135
  name: agent81
  start:
  - 70
  - 174
- goal:
  - 62
  - 59
  name: agent82
  start:
  - 106
  - 105
- goal:
  - 11
  - 192
  name: agent83
  start:
  - 113
  - 45
- goal:
  - 62
  - 178
  name: agent84
  start:
  - 122
  - 160
- goal:
  - 40
  - 80
  name: agent85
  start:
  - 215
  - 57
- goal:
  - 239
  - 2
  name: agent86
  start:
  - 101
  - 36
- goal:
  - 81
  - 100
  name: agent87
  start:
  - 36
  - 73
- goal:
  - 173
  - 64
  name: agent88
  start:
  - 215
  - 82
- goal:
  - 60
  - 91
  name: agent89
  start:
  - 150
  - 168
- goal:
  - 100
  - 35
  name: agent90
  start:
  - 67
  - 231
- goal:
  - 16
  - 150
  name: agent91
  start:
  - 188
  - 160
- goal:
  - 94
  - 219
  name: agent92
  start:
  - 125
  - 37
- goal:
  - 110
  - 37
  name: agent93
  start:
  - 6
  - 210
- goal:
  - 244
  - 40
  name: agent94
  start:
  - 69
  - 92
- goal:
  - 35
  - 150
  name: agent95
  start:
  - 101
  - 56
- goal:
  - 13
  - 211
  name: agent96
  start:
  - 86
  - 191
- goal:
  - 231
  - 128
  name: agent97
  start:
  - 204
  - 61
- goal:
  - 128
  - 91
  name: agent98
  start:
  - 66
  - 158
- goal:
  - 108
  - 37
  name: agent99
  start:
  - 161
  - 145
- goal:
  - 141
  - 217
  name: agent100
  start:
  - 229
  - 62
- goal:
  - 118
  - 43
  name: agent101
  start:
  - 240
  - 78
- goal:
  - 132
  - 111
  name: agent102
  start:
  - 104
  - 145
- goal:
  - 150
  - 186
  name: agent103
  start:
  - 231
  - 119
- goal:
  - 61
  - 79
  name: agent104
  start:
  - 95
  - 105
- goal:
  - 162
  - 127
  name: agent105
  start:
  - 172
  - 130
- goal:
  - 71
  - 83
  name: agent106
  start:
  - 74
  - 85
- goal:
  - 220
  - 58
  name: agent107
  start:
  - 90
  - 178
- goal:
  - 21
  - 143
  name: agent108
  start:
  - 174
  - 173
- goal:
  - 239
  - 6
  name: agent109
  start:
  - 10
  - 162
- goal:
  - 255
  - 146
  name: agent110
  start:
  - 180
  - 141
- goal:
  - 123
  - 108
  name: agent111
  start:
  - 168
  - 36
- goal:
  - 118
  - 101
  name: agent112
  start:
  - 155
  - 234
- goal:
  - 43
  - 182
  name: agent113
  start:
  - 68
  - 233
- goal:
  - 14
  - 209
  name: agent114
  start:
  - 130
  - 37
- goal:
  - 101
  - 209
  name: agent115
  start:
  - 241
  - 13
- goal:
  - 220
  - 65
  name: agent116
  start:
  - 66
  - 150
- goal:
  - 19
  - 162
  name: agent117
  start:
  - 78
  - 52
- goal:
  - 73
  - 201
  name: agent118
  start:
  - 103
  - 51
- goal:
  - 129
  - 109
  name: agent119
  start:
  - 187
  - 81
- goal:
  - 8
  - 207
  name: agent120
  start:
  - 235
  - 131
- goal:
  - 47
  - 173
  name: agent121
  start:
  - 241
  - 2
- goal:
  - 133
  - 48
  name: agent122
  start:
  - 159
  - 53
- goal:
  - 234
  - 97
  name: agent123
  start:
  - 172
  - 120
- goal:
  - 238
  - 114
  name: agent124
  start:
  - 209
  - 186
- goal:
  - 85
  - 59
  name: agent125
  start:
  - 162
  - 17
- goal:
  - 149
  - 207
  name: agent126
  start:
  - 94
  - 53
- goal:
  - 156
  - 117
  name: agent127
  start:
  - 172
  - 134
- goal:
  - 156
  - 143
  name: agent128
  start:
  - 214
  - 98
- goal:
  - 241
  - 194
  name: agent129
  start:
  - 56
  - 39
- goal:
  - 60
  - 70
  name: agent130
  start:
  - 129
  - 229
- goal:
  - 87
  - 35
  name: agent131
  start:
  - 20
  - 179
- goal:
  - 145
  - 48
  name: agent132
  start:
  - 214
  - 71
- goal:
  - 210
  - 213
  name: agent133
  start:
  - 238
  - 191
- goal:
  - 68
  - 26
  name: agent134
  start:
  - 158
  - 210
- goal:
  - 90
  - 208
  name: agent135
  start:
  - 250
  - 15
- goal:
  - 7
  - 211
  name: agent136
  start:
  - 231
  - 42
- goal:
  - 48
  - 76
  name: agent137
  start:
  - 146
  - 50
- goal:
  - 198
  - 39
  name: agent138
  start:
  - 172
  - 122
- goal:
  - 74
  - 215
  name: agent139
  start:
  - 166
  - 94
- goal:
  - 14
  - 180
  name: agent140
  start:
  - 68
  - 82
- goal:
  - 71
  - 137
  name: agent141
  start:
  - 17
  - 175
- goal:
  - 192
  - 40
  name: agent142
  start:
  - 125
  - 172
- goal:
  - 26
  - 183
  name: agent143
  start:
  - 75
  - 34
- goal:
  - 235
  - 30
  name: agent144
  start:
  - 111
  - 215
- goal:
  - 58
  - 43
  name: agent145
  start:
  - 152
  - 109
- goal:
  - 167
  - 118
  name: agent146
  start:
  - 166
  - 174
- goal:
  - 158
  - 93
  name: agent147
  start:
  - 11
  - 207
- goal:
  - 205
  - 190
  name: agent148
  start:
  - 163
  - 80
- goal:
  - 156
  - 162
  name: agent149
  start:
  - 145
  - 168
- goal:
  - 118
  - 120
  name: agent150
  start:
  - 167
  - 21
- goal:
  - 102
  - 148
  name: agent151
  start:
  - 146
  - 156
- goal:
  - 162
  - 134
  name: agent152
  start:
  - 71
  - 40
- goal:
  - 157
  - 171
  name: agent153
  start:
  - 250
  - 134
- goal:
  - 11
  - 72
  name: agent154
  start:
  - 68
  - 234
- goal:
  - 139
  - 171
  name: agent155
  start:
  - 133
  - 222
- goal:
  - 110
  - 42
  name: agent156
  start:
  - 77
  - 99
- goal:
  - 83
  - 96
  name: agent157
  start:
  - 149
  - 101
- goal:
  - 41
  - 145
  name: agent158
  start:
  - 70
  - 177
- goal:
  - 116
  - 217
  name: agent159
  start:
  - 214
  - 130
- goal:
  - 78
  - 173
  name: agent160
  start:
  - 174
  - 43
- goal:
  - 185
  - 92
  name: agent161
  start:
  - 76
  - 77
- goal:
  - 89
  - 227
  name: agent162
  start:
  - 229
  - 106
- goal:
  - 238
  - 211
  name: agent163
  start:
  - 175
  - 168
- goal:
  - 240
  - 40
  name: agent164
  start:
  - 224
  - 121
- goal:
  - 64
  - 140
  name: agent165
  start:
  - 229
  - 127
- goal:
  - 140
  - 204
  name: agent166
  start:
  - 186
  - 31
- goal:
  - 41
  - 72
  name: agent167
  start:
  - 13
  - 208
- goal:
  - 44
  - 68
  name: agent168
  start:
  - 39
  - 145
- goal:
  - 249
  - 25
  name: agent169
  start:
  - 106
  - 222
- goal:
  - 125
  - 85
  name: agent170
  start:
  - 175
  - 171
- goal:
  - 214
  - 136
  name: agent171
  start:
  - 11
  - 186
- goal:
  - 60
  - 139
  name: agent172
  start:
  - 85
  - 136
- goal:
  - 103
  - 156
  name: agent173
  start:
  - 115
  - 213
- goal:
  - 149
  - 213
  name: agent174
  start:
  - 52
  - 68
- goal:
  - 210
  - 66
  name: agent175
  start:
  - 214
  - 213
- goal:
  - 235
  - 112
  name: agent176
  start:
  - 104
  - 150
- goal:
  - 130
  - 223
  name: agent177
  start:
  - 214
  - 73
- goal:
  - 244
  - 29
  name: agent178
  start:
  - 209
  - 205
- goal:
  - 36
  - 180
  name: agent179
  start:
  - 110
  - 168
- goal:
  - 19
  - 180
  name: agent180
  start:
  - 14
  - 74
- goal:
  - 175
  - 95
  name: agent181
  start:
  - 7
  - 138
- goal:
  - 14
  - 186
  name: agent182
  start:
  - 17
  - 73
- goal:
  - 91
  - 34
  name: agent183
  start:
  - 149
  - 205
- goal:
  - 116
  - 114
  name: agent184
  start:
  - 105
  - 52
- goal:
  - 236
  - 47
  name: agent185
  start:
  - 157
  - 33
- goal:
  - 126
  - 18
  name: agent186
  start:
  - 12
  - 195
- goal:
  - 21
  - 160
  name: agent187
  start:
  - 209
  - 77
- goal:
  - 18
  - 198
  name: agent188
  start:
  - 22
  - 73
- goal:
  - 75
  - 154
  name: agent189
  start:
  - 189
  - 165
- goal:
  - 176
  - 104
  name: agent190
  start:
  - 243
  - 57
- goal:
  - 78
  - 224
  name: agent191
  start:
  - 245
  - 6
- goal:
  - 183
  - 119
  name: agent192
  start:
  - 80
  - 160
- goal:
  - 86
  - 101
  name: agent193
  start:
  - 210
  - 198
- goal:
  - 164
  - 112
  name: agent194
  start:
  - 215
  - 130
map_path: ../yaml_maps/den520d.map
