agents:
- goal:
  - 54
  - 82
  name: agent0
  start:
  - 129
  - 230
- goal:
  - 185
  - 84
  name: agent1
  start:
  - 159
  - 44
- goal:
  - 174
  - 139
  name: agent2
  start:
  - 156
  - 105
- goal:
  - 160
  - 175
  name: agent3
  start:
  - 186
  - 63
- goal:
  - 235
  - 118
  name: agent4
  start:
  - 236
  - 117
- goal:
  - 168
  - 133
  name: agent5
  start:
  - 56
  - 165
- goal:
  - 136
  - 2
  name: agent6
  start:
  - 40
  - 172
- goal:
  - 156
  - 126
  name: agent7
  start:
  - 211
  - 213
- goal:
  - 94
  - 205
  name: agent8
  start:
  - 238
  - 46
- goal:
  - 63
  - 142
  name: agent9
  start:
  - 64
  - 143
- goal:
  - 223
  - 104
  name: agent10
  start:
  - 15
  - 172
- goal:
  - 138
  - 223
  name: agent11
  start:
  - 95
  - 230
- goal:
  - 162
  - 104
  name: agent12
  start:
  - 113
  - 52
- goal:
  - 220
  - 107
  name: agent13
  start:
  - 156
  - 123
- goal:
  - 104
  - 224
  name: agent14
  start:
  - 187
  - 133
- goal:
  - 149
  - 175
  name: agent15
  start:
  - 156
  - 214
- goal:
  - 247
  - 54
  name: agent16
  start:
  - 116
  - 160
- goal:
  - 35
  - 169
  name: agent17
  start:
  - 18
  - 72
- goal:
  - 239
  - 5
  name: agent18
  start:
  - 155
  - 227
- goal:
  - 95
  - 217
  name: agent19
  start:
  - 226
  - 217
- goal:
  - 174
  - 142
  name: agent20
  start:
  - 58
  - 133
- goal:
  - 38
  - 158
  name: agent21
  start:
  - 21
  - 166
- goal:
  - 233
  - 41
  name: agent22
  start:
  - 109
  - 155
- goal:
  - 112
  - 155
  name: agent23
  start:
  - 157
  - 59
- goal:
  - 26
  - 154
  name: agent24
  start:
  - 151
  - 39
- goal:
  - 168
  - 115
  name: agent25
  start:
  - 189
  - 37
- goal:
  - 151
  - 214
  name: agent26
  start:
  - 21
  - 72
- goal:
  - 143
  - 157
  name: agent27
  start:
  - 167
  - 94
- goal:
  - 227
  - 191
  name: agent28
  start:
  - 87
  - 213
- goal:
  - 227
  - 64
  name: agent29
  start:
  - 63
  - 182
- goal:
  - 204
  - 80
  name: agent30
  start:
  - 15
  - 206
- goal:
  - 76
  - 145
  name: agent31
  start:
  - 243
  - 18
- goal:
  - 179
  - 109
  name: agent32
  start:
  - 175
  - 82
- goal:
  - 90
  - 208
  name: agent33
  start:
  - 107
  - 44
- goal:
  - 15
  - 208
  name: agent34
  start:
  - 74
  - 53
- goal:
  - 201
  - 195
  name: agent35
  start:
  - 210
  - 206
- goal:
  - 120
  - 113
  name: agent36
  start:
  - 132
  - 105
- goal:
  - 101
  - 46
  name: agent37
  start:
  - 146
  - 204
- goal:
  - 146
  - 223
  name: agent38
  start:
  - 82
  - 86
- goal:
  - 148
  - 211
  name: agent39
  start:
  - 12
  - 72
- goal:
  - 207
  - 197
  name: agent40
  start:
  - 241
  - 191
- goal:
  - 49
  - 176
  name: agent41
  start:
  - 113
  - 98
- goal:
  - 126
  - 159
  name: agent42
  start:
  - 118
  - 113
- goal:
  - 89
  - 222
  name: agent43
  start:
  - 141
  - 52
- goal:
  - 181
  - 86
  name: agent44
  start:
  - 88
  - 55
- goal:
  - 140
  - 169
  name: agent45
  start:
  - 109
  - 222
- goal:
  - 244
  - 83
  name: agent46
  start:
  - 76
  - 173
- goal:
  - 81
  - 153
  name: agent47
  start:
  - 97
  - 162
- goal:
  - 216
  - 125
  name: agent48
  start:
  - 239
  - 10
- goal:
  - 74
  - 46
  name: agent49
  start:
  - 56
  - 161
- goal:
  - 30
  - 156
  name: agent50
  start:
  - 68
  - 234
- goal:
  - 89
  - 55
  name: agent51
  start:
  - 72
  - 166
- goal:
  - 227
  - 129
  name: agent52
  start:
  - 168
  - 166
- goal:
  - 94
  - 216
  name: agent53
  start:
  - 134
  - 37
- goal:
  - 59
  - 46
  name: agent54
  start:
  - 203
  - 207
- goal:
  - 240
  - 36
  name: agent55
  start:
  - 79
  - 188
- goal:
  - 221
  - 87
  name: agent56
  start:
  - 85
  - 163
- goal:
  - 142
  - 17
  name: agent57
  start:
  - 158
  - 213
- goal:
  - 68
  - 79
  name: agent58
  start:
  - 121
  - 155
- goal:
  - 226
  - 178
  name: agent59
  start:
  - 103
  - 55
- goal:
  - 104
  - 147
  name: agent60
  start:
  - 54
  - 85
- goal:
  - 9
  - 214
  name: agent61
  start:
  - 50
  - 45
- goal:
  - 78
  - 78
  name: agent62
  start:
  - 77
  - 89
- goal:
  - 147
  - 161
  name: agent63
  start:
  - 129
  - 105
- goal:
  - 149
  - 227
  name: agent64
  start:
  - 125
  - 21
- goal:
  - 91
  - 217
  name: agent65
  start:
  - 112
  - 52
- goal:
  - 242
  - 54
  name: agent66
  start:
  - 28
  - 168
- goal:
  - 181
  - 69
  name: agent67
  start:
  - 197
  - 80
- goal:
  - 242
  - 187
  name: agent68
  start:
  - 68
  - 63
- goal:
  - 133
  - 214
  name: agent69
  start:
  - 218
  - 83
- goal:
  - 214
  - 66
  name: agent70
  start:
  - 237
  - 21
- goal:
  - 30
  - 177
  name: agent71
  start:
  - 134
  - 228
- goal:
  - 11
  - 202
  name: agent72
  start:
  - 18
  - 74
- goal:
  - 178
  - 161
  name: agent73
  start:
  - 13
  - 152
- goal:
  - 173
  - 30
  name: agent74
  start:
  - 145
  - 94
- goal:
  - 57
  - 79
  name: agent75
  start:
  - 110
  - 153
- goal:
  - 79
  - 187
  name: agent76
  start:
  - 84
  - 180
- goal:
  - 135
  - 230
  name: agent77
  start:
  - 62
  - 63
- goal:
  - 13
  - 210
  name: agent78
  start:
  - 39
  - 76
- goal:
  - 209
  - 208
  name: agent79
  start:
  - 28
  - 152
- goal:
  - 147
  - 27
  name: agent80
  start:
  - 190
  - 90
- goal:
  - 103
  - 80
  name: agent81
  start:
  - 224
  - 58
- goal:
  - 119
  - 213
  name: agent82
  start:
  - 10
  - 74
- goal:
  - 65
  - 177
  name: agent83
  start:
  - 209
  - 207
- goal:
  - 230
  - 131
  name: agent84
  start:
  - 179
  - 44
- goal:
  - 123
  - 54
  name: agent85
  start:
  - 138
  - 228
- goal:
  - 143
  - 43
  name: agent86
  start:
  - 155
  - 110
- goal:
  - 160
  - 134
  name: agent87
  start:
  - 135
  - 161
- goal:
  - 54
  - 167
  name: agent88
  start:
  - 175
  - 43
- goal:
  - 106
  - 231
  name: agent89
  start:
  - 89
  - 217
- goal:
  - 77
  - 42
  name: agent90
  start:
  - 66
  - 37
- goal:
  - 115
  - 48
  name: agent91
  start:
  - 182
  - 99
- goal:
  - 225
  - 65
  name: agent92
  start:
  - 142
  - 210
- goal:
  - 171
  - 158
  name: agent93
  start:
  - 220
  - 68
- goal:
  - 124
  - 42
  name: agent94
  start:
  - 41
  - 179
- goal:
  - 155
  - 143
  name: agent95
  start:
  - 158
  - 146
- goal:
  - 234
  - 52
  name: agent96
  start:
  - 180
  - 81
- goal:
  - 241
  - 66
  name: agent97
  start:
  - 88
  - 227
- goal:
  - 140
  - 44
  name: agent98
  start:
  - 51
  - 150
- goal:
  - 60
  - 91
  name: agent99
  start:
  - 119
  - 40
- goal:
  - 125
  - 87
  name: agent100
  start:
  - 110
  - 114
- goal:
  - 222
  - 95
  name: agent101
  start:
  - 93
  - 152
- goal:
  - 85
  - 221
  name: agent102
  start:
  - 22
  - 182
- goal:
  - 184
  - 47
  name: agent103
  start:
  - 51
  - 141
- goal:
  - 43
  - 85
  name: agent104
  start:
  - 31
  - 188
- goal:
  - 98
  - 187
  name: agent105
  start:
  - 61
  - 46
- goal:
  - 215
  - 64
  name: agent106
  start:
  - 149
  - 148
- goal:
  - 69
  - 229
  name: agent107
  start:
  - 184
  - 72
- goal:
  - 216
  - 101
  name: agent108
  start:
  - 106
  - 227
- goal:
  - 100
  - 92
  name: agent109
  start:
  - 83
  - 56
- goal:
  - 197
  - 169
  name: agent110
  start:
  - 227
  - 91
- goal:
  - 204
  - 83
  name: agent111
  start:
  - 183
  - 21
- goal:
  - 18
  - 143
  name: agent112
  start:
  - 167
  - 69
- goal:
  - 159
  - 88
  name: agent113
  start:
  - 141
  - 206
- goal:
  - 239
  - 53
  name: agent114
  start:
  - 146
  - 210
- goal:
  - 11
  - 204
  name: agent115
  start:
  - 70
  - 46
- goal:
  - 80
  - 73
  name: agent116
  start:
  - 69
  - 220
- goal:
  - 77
  - 210
  name: agent117
  start:
  - 93
  - 191
- goal:
  - 180
  - 149
  name: agent118
  start:
  - 219
  - 62
- goal:
  - 187
  - 49
  name: agent119
  start:
  - 30
  - 148
- goal:
  - 112
  - 166
  name: agent120
  start:
  - 237
  - 20
- goal:
  - 235
  - 98
  name: agent121
  start:
  - 122
  - 221
- goal:
  - 81
  - 36
  name: agent122
  start:
  - 75
  - 148
- goal:
  - 107
  - 52
  name: agent123
  start:
  - 121
  - 213
- goal:
  - 85
  - 51
  name: agent124
  start:
  - 98
  - 96
- goal:
  - 127
  - 160
  name: agent125
  start:
  - 245
  - 197
- goal:
  - 8
  - 202
  name: agent126
  start:
  - 69
  - 58
- goal:
  - 166
  - 100
  name: agent127
  start:
  - 204
  - 200
- goal:
  - 99
  - 161
  name: agent128
  start:
  - 51
  - 142
- goal:
  - 90
  - 51
  name: agent129
  start:
  - 10
  - 200
- goal:
  - 35
  - 182
  name: agent130
  start:
  - 25
  - 75
- goal:
  - 196
  - 57
  name: agent131
  start:
  - 47
  - 60
- goal:
  - 240
  - 78
  name: agent132
  start:
  - 111
  - 113
- goal:
  - 99
  - 45
  name: agent133
  start:
  - 7
  - 187
- goal:
  - 13
  - 74
  name: agent134
  start:
  - 159
  - 211
- goal:
  - 181
  - 60
  name: agent135
  start:
  - 95
  - 144
- goal:
  - 21
  - 142
  name: agent136
  start:
  - 242
  - 111
- goal:
  - 54
  - 163
  name: agent137
  start:
  - 147
  - 28
- goal:
  - 159
  - 129
  name: agent138
  start:
  - 95
  - 181
- goal:
  - 142
  - 150
  name: agent139
  start:
  - 146
  - 36
map_path: ../yaml_maps/den520d.map
