agents:
- goal:
  - 104
  - 158
  name: agent0
  start:
  - 146
  - 105
- goal:
  - 8
  - 214
  name: agent1
  start:
  - 124
  - 13
- goal:
  - 206
  - 82
  name: agent2
  start:
  - 97
  - 52
- goal:
  - 198
  - 169
  name: agent3
  start:
  - 109
  - 46
- goal:
  - 197
  - 84
  name: agent4
  start:
  - 150
  - 30
- goal:
  - 105
  - 41
  name: agent5
  start:
  - 14
  - 213
- goal:
  - 186
  - 148
  name: agent6
  start:
  - 193
  - 85
- goal:
  - 208
  - 37
  name: agent7
  start:
  - 241
  - 199
- goal:
  - 157
  - 53
  name: agent8
  start:
  - 124
  - 56
- goal:
  - 148
  - 100
  name: agent9
  start:
  - 73
  - 58
- goal:
  - 238
  - 16
  name: agent10
  start:
  - 209
  - 181
- goal:
  - 86
  - 50
  name: agent11
  start:
  - 152
  - 230
- goal:
  - 239
  - 58
  name: agent12
  start:
  - 148
  - 179
- goal:
  - 79
  - 101
  name: agent13
  start:
  - 167
  - 138
- goal:
  - 96
  - 186
  name: agent14
  start:
  - 245
  - 25
- goal:
  - 12
  - 173
  name: agent15
  start:
  - 74
  - 42
- goal:
  - 93
  - 101
  name: agent16
  start:
  - 61
  - 169
- goal:
  - 220
  - 118
  name: agent17
  start:
  - 235
  - 121
- goal:
  - 235
  - 19
  name: agent18
  start:
  - 147
  - 222
- goal:
  - 26
  - 179
  name: agent19
  start:
  - 117
  - 98
- goal:
  - 240
  - 103
  name: agent20
  start:
  - 216
  - 93
- goal:
  - 215
  - 74
  name: agent21
  start:
  - 217
  - 51
- goal:
  - 97
  - 183
  name: agent22
  start:
  - 151
  - 153
- goal:
  - 70
  - 60
  name: agent23
  start:
  - 177
  - 57
- goal:
  - 48
  - 60
  name: agent24
  start:
  - 62
  - 153
- goal:
  - 131
  - 86
  name: agent25
  start:
  - 148
  - 168
- goal:
  - 210
  - 37
  name: agent26
  start:
  - 62
  - 178
- goal:
  - 135
  - 50
  name: agent27
  start:
  - 59
  - 138
- goal:
  - 243
  - 1
  name: agent28
  start:
  - 217
  - 97
- goal:
  - 157
  - 211
  name: agent29
  start:
  - 248
  - 135
- goal:
  - 8
  - 212
  name: agent30
  start:
  - 250
  - 50
- goal:
  - 69
  - 204
  name: agent31
  start:
  - 137
  - 1
- goal:
  - 238
  - 3
  name: agent32
  start:
  - 42
  - 159
- goal:
  - 206
  - 38
  name: agent33
  start:
  - 179
  - 164
- goal:
  - 100
  - 232
  name: agent34
  start:
  - 235
  - 186
- goal:
  - 83
  - 143
  name: agent35
  start:
  - 191
  - 79
- goal:
  - 88
  - 184
  name: agent36
  start:
  - 50
  - 173
- goal:
  - 14
  - 198
  name: agent37
  start:
  - 126
  - 18
- goal:
  - 75
  - 31
  name: agent38
  start:
  - 224
  - 215
- goal:
  - 148
  - 115
  name: agent39
  start:
  - 8
  - 186
- goal:
  - 244
  - 103
  name: agent40
  start:
  - 83
  - 169
- goal:
  - 148
  - 218
  name: agent41
  start:
  - 80
  - 33
- goal:
  - 9
  - 73
  name: agent42
  start:
  - 30
  - 143
- goal:
  - 134
  - 52
  name: agent43
  start:
  - 148
  - 19
- goal:
  - 15
  - 192
  name: agent44
  start:
  - 19
  - 157
- goal:
  - 100
  - 155
  name: agent45
  start:
  - 227
  - 92
- goal:
  - 131
  - 24
  name: agent46
  start:
  - 20
  - 212
- goal:
  - 136
  - 166
  name: agent47
  start:
  - 56
  - 160
- goal:
  - 54
  - 147
  name: agent48
  start:
  - 231
  - 194
- goal:
  - 9
  - 214
  name: agent49
  start:
  - 54
  - 55
- goal:
  - 160
  - 141
  name: agent50
  start:
  - 80
  - 194
- goal:
  - 149
  - 144
  name: agent51
  start:
  - 17
  - 214
- goal:
  - 95
  - 137
  name: agent52
  start:
  - 104
  - 45
- goal:
  - 126
  - 18
  name: agent53
  start:
  - 106
  - 83
- goal:
  - 195
  - 32
  name: agent54
  start:
  - 152
  - 227
- goal:
  - 9
  - 74
  name: agent55
  start:
  - 109
  - 223
- goal:
  - 14
  - 160
  name: agent56
  start:
  - 187
  - 129
- goal:
  - 155
  - 103
  name: agent57
  start:
  - 155
  - 104
- goal:
  - 10
  - 138
  name: agent58
  start:
  - 95
  - 60
- goal:
  - 42
  - 154
  name: agent59
  start:
  - 96
  - 207
- goal:
  - 65
  - 72
  name: agent60
  start:
  - 72
  - 170
- goal:
  - 246
  - 31
  name: agent61
  start:
  - 218
  - 67
- goal:
  - 149
  - 27
  name: agent62
  start:
  - 76
  - 76
- goal:
  - 87
  - 196
  name: agent63
  start:
  - 234
  - 60
- goal:
  - 138
  - 230
  name: agent64
  start:
  - 58
  - 81
- goal:
  - 51
  - 143
  name: agent65
  start:
  - 50
  - 138
- goal:
  - 73
  - 56
  name: agent66
  start:
  - 74
  - 159
- goal:
  - 140
  - 201
  name: agent67
  start:
  - 72
  - 33
- goal:
  - 12
  - 164
  name: agent68
  start:
  - 16
  - 154
- goal:
  - 147
  - 177
  name: agent69
  start:
  - 31
  - 75
- goal:
  - 217
  - 192
  name: agent70
  start:
  - 159
  - 109
- goal:
  - 135
  - 156
  name: agent71
  start:
  - 143
  - 175
- goal:
  - 89
  - 163
  name: agent72
  start:
  - 9
  - 142
- goal:
  - 160
  - 84
  name: agent73
  start:
  - 136
  - 46
- goal:
  - 220
  - 91
  name: agent74
  start:
  - 17
  - 162
- goal:
  - 41
  - 183
  name: agent75
  start:
  - 158
  - 88
- goal:
  - 28
  - 173
  name: agent76
  start:
  - 59
  - 37
- goal:
  - 83
  - 200
  name: agent77
  start:
  - 148
  - 209
- goal:
  - 164
  - 24
  name: agent78
  start:
  - 150
  - 172
- goal:
  - 186
  - 102
  name: agent79
  start:
  - 147
  - 155
- goal:
  - 209
  - 66
  name: agent80
  start:
  - 243
  - 29
- goal:
  - 252
  - 43
  name: agent81
  start:
  - 68
  - 149
- goal:
  - 147
  - 210
  name: agent82
  start:
  - 146
  - 27
- goal:
  - 19
  - 145
  name: agent83
  start:
  - 159
  - 99
- goal:
  - 83
  - 144
  name: agent84
  start:
  - 73
  - 66
- goal:
  - 82
  - 94
  name: agent85
  start:
  - 180
  - 33
- goal:
  - 244
  - 52
  name: agent86
  start:
  - 234
  - 20
- goal:
  - 119
  - 110
  name: agent87
  start:
  - 215
  - 218
- goal:
  - 14
  - 75
  name: agent88
  start:
  - 18
  - 173
- goal:
  - 130
  - 68
  name: agent89
  start:
  - 234
  - 22
- goal:
  - 91
  - 229
  name: agent90
  start:
  - 218
  - 90
- goal:
  - 141
  - 212
  name: agent91
  start:
  - 97
  - 94
- goal:
  - 160
  - 22
  name: agent92
  start:
  - 54
  - 167
- goal:
  - 49
  - 70
  name: agent93
  start:
  - 24
  - 177
- goal:
  - 168
  - 131
  name: agent94
  start:
  - 87
  - 212
- goal:
  - 155
  - 216
  name: agent95
  start:
  - 49
  - 86
- goal:
  - 52
  - 70
  name: agent96
  start:
  - 176
  - 109
- goal:
  - 31
  - 173
  name: agent97
  start:
  - 255
  - 145
- goal:
  - 249
  - 45
  name: agent98
  start:
  - 245
  - 42
- goal:
  - 182
  - 127
  name: agent99
  start:
  - 181
  - 118
- goal:
  - 233
  - 71
  name: agent100
  start:
  - 189
  - 72
- goal:
  - 19
  - 148
  name: agent101
  start:
  - 65
  - 81
- goal:
  - 234
  - 36
  name: agent102
  start:
  - 39
  - 68
- goal:
  - 12
  - 195
  name: agent103
  start:
  - 239
  - 122
- goal:
  - 7
  - 211
  name: agent104
  start:
  - 244
  - 43
- goal:
  - 147
  - 227
  name: agent105
  start:
  - 241
  - 40
- goal:
  - 173
  - 26
  name: agent106
  start:
  - 12
  - 174
- goal:
  - 231
  - 83
  name: agent107
  start:
  - 84
  - 150
- goal:
  - 156
  - 146
  name: agent108
  start:
  - 115
  - 91
- goal:
  - 84
  - 195
  name: agent109
  start:
  - 67
  - 77
map_path: ../yaml_maps/den520d.map
