agents:
- goal:
  - 245
  - 210
  name: agent0
  start:
  - 211
  - 150
- goal:
  - 104
  - 32
  name: agent1
  start:
  - 112
  - 191
- goal:
  - 41
  - 79
  name: agent2
  start:
  - 190
  - 164
- goal:
  - 23
  - 157
  name: agent3
  start:
  - 118
  - 164
- goal:
  - 248
  - 186
  name: agent4
  start:
  - 98
  - 109
- goal:
  - 110
  - 113
  name: agent5
  start:
  - 198
  - 107
- goal:
  - 19
  - 241
  name: agent6
  start:
  - 250
  - 12
- goal:
  - 212
  - 24
  name: agent7
  start:
  - 187
  - 242
- goal:
  - 102
  - 204
  name: agent8
  start:
  - 250
  - 157
- goal:
  - 31
  - 217
  name: agent9
  start:
  - 23
  - 222
- goal:
  - 226
  - 140
  name: agent10
  start:
  - 222
  - 145
- goal:
  - 168
  - 89
  name: agent11
  start:
  - 172
  - 88
- goal:
  - 69
  - 80
  name: agent12
  start:
  - 217
  - 171
- goal:
  - 120
  - 97
  name: agent13
  start:
  - 138
  - 35
- goal:
  - 77
  - 80
  name: agent14
  start:
  - 149
  - 37
- goal:
  - 152
  - 218
  name: agent15
  start:
  - 8
  - 30
- goal:
  - 212
  - 97
  name: agent16
  start:
  - 38
  - 212
- goal:
  - 33
  - 11
  name: agent17
  start:
  - 112
  - 0
- goal:
  - 25
  - 245
  name: agent18
  start:
  - 8
  - 182
- goal:
  - 190
  - 253
  name: agent19
  start:
  - 157
  - 112
- goal:
  - 24
  - 128
  name: agent20
  start:
  - 252
  - 7
- goal:
  - 207
  - 115
  name: agent21
  start:
  - 173
  - 107
- goal:
  - 208
  - 249
  name: agent22
  start:
  - 56
  - 198
- goal:
  - 2
  - 165
  name: agent23
  start:
  - 183
  - 241
- goal:
  - 141
  - 36
  name: agent24
  start:
  - 174
  - 232
- goal:
  - 87
  - 10
  name: agent25
  start:
  - 247
  - 246
- goal:
  - 33
  - 73
  name: agent26
  start:
  - 147
  - 254
- goal:
  - 109
  - 116
  name: agent27
  start:
  - 157
  - 32
- goal:
  - 46
  - 127
  name: agent28
  start:
  - 92
  - 182
- goal:
  - 62
  - 68
  name: agent29
  start:
  - 118
  - 188
- goal:
  - 41
  - 23
  name: agent30
  start:
  - 5
  - 16
- goal:
  - 148
  - 112
  name: agent31
  start:
  - 139
  - 91
- goal:
  - 215
  - 168
  name: agent32
  start:
  - 30
  - 242
- goal:
  - 67
  - 106
  name: agent33
  start:
  - 210
  - 9
- goal:
  - 21
  - 10
  name: agent34
  start:
  - 101
  - 156
- goal:
  - 202
  - 253
  name: agent35
  start:
  - 70
  - 102
- goal:
  - 177
  - 248
  name: agent36
  start:
  - 56
  - 13
- goal:
  - 33
  - 29
  name: agent37
  start:
  - 95
  - 229
- goal:
  - 247
  - 206
  name: agent38
  start:
  - 30
  - 237
- goal:
  - 33
  - 52
  name: agent39
  start:
  - 142
  - 198
- goal:
  - 218
  - 142
  name: agent40
  start:
  - 234
  - 175
- goal:
  - 197
  - 224
  name: agent41
  start:
  - 68
  - 133
- goal:
  - 230
  - 238
  name: agent42
  start:
  - 95
  - 110
- goal:
  - 193
  - 46
  name: agent43
  start:
  - 113
  - 141
- goal:
  - 171
  - 252
  name: agent44
  start:
  - 52
  - 150
- goal:
  - 27
  - 2
  name: agent45
  start:
  - 198
  - 129
- goal:
  - 29
  - 87
  name: agent46
  start:
  - 175
  - 231
- goal:
  - 138
  - 113
  name: agent47
  start:
  - 165
  - 94
- goal:
  - 116
  - 171
  name: agent48
  start:
  - 42
  - 95
- goal:
  - 4
  - 164
  name: agent49
  start:
  - 153
  - 252
- goal:
  - 69
  - 49
  name: agent50
  start:
  - 193
  - 240
- goal:
  - 178
  - 225
  name: agent51
  start:
  - 112
  - 69
- goal:
  - 106
  - 77
  name: agent52
  start:
  - 211
  - 240
- goal:
  - 178
  - 235
  name: agent53
  start:
  - 36
  - 187
- goal:
  - 21
  - 162
  name: agent54
  start:
  - 220
  - 16
- goal:
  - 184
  - 208
  name: agent55
  start:
  - 56
  - 5
- goal:
  - 24
  - 18
  name: agent56
  start:
  - 141
  - 121
- goal:
  - 131
  - 226
  name: agent57
  start:
  - 139
  - 136
- goal:
  - 31
  - 245
  name: agent58
  start:
  - 247
  - 3
- goal:
  - 156
  - 127
  name: agent59
  start:
  - 155
  - 80
- goal:
  - 15
  - 231
  name: agent60
  start:
  - 98
  - 83
- goal:
  - 245
  - 243
  name: agent61
  start:
  - 249
  - 142
- goal:
  - 98
  - 157
  name: agent62
  start:
  - 66
  - 41
- goal:
  - 116
  - 238
  name: agent63
  start:
  - 18
  - 27
- goal:
  - 232
  - 93
  name: agent64
  start:
  - 10
  - 140
- goal:
  - 24
  - 5
  name: agent65
  start:
  - 224
  - 158
- goal:
  - 235
  - 191
  name: agent66
  start:
  - 3
  - 72
- goal:
  - 233
  - 81
  name: agent67
  start:
  - 52
  - 239
- goal:
  - 228
  - 26
  name: agent68
  start:
  - 82
  - 229
- goal:
  - 119
  - 128
  name: agent69
  start:
  - 250
  - 211
- goal:
  - 109
  - 138
  name: agent70
  start:
  - 108
  - 139
- goal:
  - 31
  - 115
  name: agent71
  start:
  - 88
  - 97
- goal:
  - 119
  - 55
  name: agent72
  start:
  - 126
  - 34
- goal:
  - 72
  - 112
  name: agent73
  start:
  - 0
  - 226
- goal:
  - 218
  - 167
  name: agent74
  start:
  - 195
  - 53
- goal:
  - 4
  - 82
  name: agent75
  start:
  - 161
  - 254
- goal:
  - 193
  - 6
  name: agent76
  start:
  - 53
  - 247
- goal:
  - 16
  - 244
  name: agent77
  start:
  - 217
  - 74
- goal:
  - 20
  - 168
  name: agent78
  start:
  - 103
  - 62
- goal:
  - 70
  - 141
  name: agent79
  start:
  - 222
  - 244
- goal:
  - 211
  - 235
  name: agent80
  start:
  - 88
  - 0
- goal:
  - 8
  - 0
  name: agent81
  start:
  - 185
  - 239
- goal:
  - 196
  - 251
  name: agent82
  start:
  - 13
  - 221
- goal:
  - 18
  - 1
  name: agent83
  start:
  - 184
  - 247
- goal:
  - 201
  - 81
  name: agent84
  start:
  - 18
  - 246
- goal:
  - 2
  - 35
  name: agent85
  start:
  - 220
  - 205
- goal:
  - 190
  - 139
  name: agent86
  start:
  - 136
  - 194
- goal:
  - 116
  - 34
  name: agent87
  start:
  - 196
  - 214
- goal:
  - 167
  - 117
  name: agent88
  start:
  - 94
  - 211
- goal:
  - 196
  - 14
  name: agent89
  start:
  - 181
  - 73
- goal:
  - 95
  - 131
  name: agent90
  start:
  - 180
  - 252
- goal:
  - 21
  - 133
  name: agent91
  start:
  - 244
  - 73
- goal:
  - 249
  - 214
  name: agent92
  start:
  - 5
  - 44
- goal:
  - 145
  - 196
  name: agent93
  start:
  - 121
  - 159
- goal:
  - 159
  - 125
  name: agent94
  start:
  - 160
  - 112
- goal:
  - 70
  - 252
  name: agent95
  start:
  - 77
  - 62
- goal:
  - 145
  - 23
  name: agent96
  start:
  - 184
  - 22
- goal:
  - 248
  - 194
  name: agent97
  start:
  - 228
  - 156
- goal:
  - 171
  - 103
  name: agent98
  start:
  - 160
  - 44
- goal:
  - 172
  - 51
  name: agent99
  start:
  - 111
  - 175
- goal:
  - 0
  - 9
  name: agent100
  start:
  - 237
  - 225
- goal:
  - 119
  - 135
  name: agent101
  start:
  - 130
  - 136
- goal:
  - 254
  - 208
  name: agent102
  start:
  - 90
  - 154
- goal:
  - 172
  - 91
  name: agent103
  start:
  - 173
  - 87
- goal:
  - 56
  - 13
  name: agent104
  start:
  - 151
  - 248
- goal:
  - 220
  - 15
  name: agent105
  start:
  - 67
  - 16
- goal:
  - 97
  - 122
  name: agent106
  start:
  - 241
  - 3
- goal:
  - 238
  - 142
  name: agent107
  start:
  - 114
  - 30
- goal:
  - 152
  - 165
  name: agent108
  start:
  - 219
  - 5
- goal:
  - 200
  - 28
  name: agent109
  start:
  - 199
  - 230
- goal:
  - 17
  - 59
  name: agent110
  start:
  - 191
  - 237
- goal:
  - 156
  - 251
  name: agent111
  start:
  - 40
  - 97
- goal:
  - 32
  - 71
  name: agent112
  start:
  - 228
  - 246
- goal:
  - 160
  - 204
  name: agent113
  start:
  - 179
  - 210
- goal:
  - 7
  - 14
  name: agent114
  start:
  - 242
  - 81
- goal:
  - 82
  - 114
  name: agent115
  start:
  - 242
  - 37
- goal:
  - 10
  - 96
  name: agent116
  start:
  - 241
  - 223
- goal:
  - 87
  - 2
  name: agent117
  start:
  - 231
  - 150
- goal:
  - 24
  - 244
  name: agent118
  start:
  - 192
  - 223
- goal:
  - 46
  - 138
  name: agent119
  start:
  - 206
  - 126
- goal:
  - 29
  - 4
  name: agent120
  start:
  - 34
  - 180
- goal:
  - 214
  - 91
  name: agent121
  start:
  - 163
  - 224
- goal:
  - 59
  - 81
  name: agent122
  start:
  - 163
  - 255
- goal:
  - 7
  - 96
  name: agent123
  start:
  - 218
  - 166
- goal:
  - 144
  - 241
  name: agent124
  start:
  - 68
  - 45
- goal:
  - 80
  - 42
  name: agent125
  start:
  - 148
  - 45
- goal:
  - 153
  - 159
  name: agent126
  start:
  - 65
  - 84
- goal:
  - 213
  - 243
  name: agent127
  start:
  - 134
  - 157
- goal:
  - 223
  - 131
  name: agent128
  start:
  - 192
  - 141
- goal:
  - 22
  - 65
  name: agent129
  start:
  - 21
  - 32
- goal:
  - 56
  - 219
  name: agent130
  start:
  - 245
  - 66
- goal:
  - 23
  - 153
  name: agent131
  start:
  - 24
  - 91
- goal:
  - 217
  - 137
  name: agent132
  start:
  - 90
  - 46
- goal:
  - 3
  - 32
  name: agent133
  start:
  - 180
  - 78
- goal:
  - 6
  - 246
  name: agent134
  start:
  - 225
  - 97
- goal:
  - 39
  - 63
  name: agent135
  start:
  - 39
  - 55
- goal:
  - 66
  - 105
  name: agent136
  start:
  - 51
  - 100
- goal:
  - 50
  - 104
  name: agent137
  start:
  - 157
  - 253
- goal:
  - 49
  - 147
  name: agent138
  start:
  - 207
  - 54
- goal:
  - 194
  - 252
  name: agent139
  start:
  - 4
  - 80
- goal:
  - 203
  - 215
  name: agent140
  start:
  - 18
  - 116
- goal:
  - 215
  - 94
  name: agent141
  start:
  - 238
  - 93
- goal:
  - 172
  - 251
  name: agent142
  start:
  - 44
  - 31
- goal:
  - 115
  - 69
  name: agent143
  start:
  - 47
  - 100
- goal:
  - 165
  - 26
  name: agent144
  start:
  - 156
  - 252
- goal:
  - 134
  - 221
  name: agent145
  start:
  - 158
  - 240
- goal:
  - 74
  - 134
  name: agent146
  start:
  - 149
  - 253
- goal:
  - 133
  - 199
  name: agent147
  start:
  - 202
  - 59
- goal:
  - 247
  - 128
  name: agent148
  start:
  - 177
  - 40
- goal:
  - 175
  - 106
  name: agent149
  start:
  - 106
  - 97
- goal:
  - 164
  - 215
  name: agent150
  start:
  - 236
  - 42
- goal:
  - 247
  - 126
  name: agent151
  start:
  - 228
  - 170
- goal:
  - 11
  - 133
  name: agent152
  start:
  - 154
  - 249
- goal:
  - 182
  - 208
  name: agent153
  start:
  - 80
  - 36
- goal:
  - 28
  - 37
  name: agent154
  start:
  - 166
  - 255
- goal:
  - 142
  - 158
  name: agent155
  start:
  - 32
  - 169
- goal:
  - 176
  - 249
  name: agent156
  start:
  - 52
  - 10
- goal:
  - 34
  - 90
  name: agent157
  start:
  - 30
  - 147
- goal:
  - 252
  - 3
  name: agent158
  start:
  - 165
  - 127
- goal:
  - 41
  - 6
  name: agent159
  start:
  - 220
  - 234
map_path: ../yaml_maps/Paris_1_256.map
