agents:
- goal:
  - 164
  - 137
  name: agent0
  start:
  - 208
  - 37
- goal:
  - 53
  - 78
  name: agent1
  start:
  - 169
  - 57
- goal:
  - 162
  - 254
  name: agent2
  start:
  - 21
  - 55
- goal:
  - 36
  - 87
  name: agent3
  start:
  - 218
  - 6
- goal:
  - 8
  - 92
  name: agent4
  start:
  - 109
  - 72
- goal:
  - 191
  - 81
  name: agent5
  start:
  - 47
  - 158
- goal:
  - 11
  - 96
  name: agent6
  start:
  - 154
  - 251
- goal:
  - 177
  - 252
  name: agent7
  start:
  - 23
  - 37
- goal:
  - 80
  - 127
  name: agent8
  start:
  - 152
  - 253
- goal:
  - 230
  - 180
  name: agent9
  start:
  - 73
  - 94
- goal:
  - 15
  - 142
  name: agent10
  start:
  - 249
  - 204
- goal:
  - 43
  - 60
  name: agent11
  start:
  - 175
  - 233
- goal:
  - 40
  - 50
  name: agent12
  start:
  - 208
  - 125
- goal:
  - 111
  - 0
  name: agent13
  start:
  - 119
  - 232
- goal:
  - 199
  - 114
  name: agent14
  start:
  - 35
  - 149
- goal:
  - 77
  - 16
  name: agent15
  start:
  - 152
  - 150
- goal:
  - 129
  - 0
  name: agent16
  start:
  - 29
  - 166
- goal:
  - 144
  - 51
  name: agent17
  start:
  - 109
  - 18
- goal:
  - 81
  - 234
  name: agent18
  start:
  - 128
  - 141
- goal:
  - 6
  - 194
  name: agent19
  start:
  - 229
  - 40
- goal:
  - 240
  - 182
  name: agent20
  start:
  - 114
  - 19
- goal:
  - 146
  - 255
  name: agent21
  start:
  - 81
  - 120
- goal:
  - 199
  - 248
  name: agent22
  start:
  - 175
  - 11
- goal:
  - 157
  - 207
  name: agent23
  start:
  - 59
  - 150
- goal:
  - 76
  - 53
  name: agent24
  start:
  - 123
  - 245
- goal:
  - 225
  - 251
  name: agent25
  start:
  - 41
  - 45
- goal:
  - 110
  - 205
  name: agent26
  start:
  - 28
  - 25
- goal:
  - 60
  - 79
  name: agent27
  start:
  - 217
  - 221
- goal:
  - 174
  - 52
  name: agent28
  start:
  - 181
  - 240
- goal:
  - 216
  - 131
  name: agent29
  start:
  - 206
  - 214
- goal:
  - 225
  - 204
  name: agent30
  start:
  - 66
  - 42
- goal:
  - 31
  - 43
  name: agent31
  start:
  - 31
  - 130
- goal:
  - 206
  - 242
  name: agent32
  start:
  - 44
  - 26
- goal:
  - 169
  - 83
  name: agent33
  start:
  - 246
  - 180
- goal:
  - 92
  - 128
  name: agent34
  start:
  - 251
  - 180
- goal:
  - 224
  - 102
  name: agent35
  start:
  - 20
  - 158
- goal:
  - 95
  - 189
  name: agent36
  start:
  - 80
  - 50
- goal:
  - 147
  - 154
  name: agent37
  start:
  - 242
  - 105
- goal:
  - 204
  - 216
  name: agent38
  start:
  - 165
  - 5
- goal:
  - 177
  - 120
  name: agent39
  start:
  - 158
  - 187
- goal:
  - 64
  - 184
  name: agent40
  start:
  - 174
  - 14
- goal:
  - 174
  - 255
  name: agent41
  start:
  - 6
  - 14
- goal:
  - 42
  - 37
  name: agent42
  start:
  - 76
  - 53
- goal:
  - 39
  - 18
  name: agent43
  start:
  - 30
  - 251
- goal:
  - 80
  - 176
  name: agent44
  start:
  - 39
  - 104
- goal:
  - 37
  - 254
  name: agent45
  start:
  - 216
  - 2
- goal:
  - 74
  - 83
  name: agent46
  start:
  - 216
  - 24
- goal:
  - 161
  - 174
  name: agent47
  start:
  - 62
  - 117
- goal:
  - 213
  - 20
  name: agent48
  start:
  - 40
  - 202
- goal:
  - 2
  - 72
  name: agent49
  start:
  - 217
  - 159
- goal:
  - 154
  - 134
  name: agent50
  start:
  - 128
  - 137
- goal:
  - 37
  - 38
  name: agent51
  start:
  - 215
  - 253
- goal:
  - 51
  - 40
  name: agent52
  start:
  - 91
  - 197
- goal:
  - 40
  - 1
  name: agent53
  start:
  - 157
  - 186
- goal:
  - 15
  - 19
  name: agent54
  start:
  - 137
  - 249
- goal:
  - 183
  - 65
  name: agent55
  start:
  - 185
  - 114
- goal:
  - 210
  - 17
  name: agent56
  start:
  - 24
  - 221
- goal:
  - 174
  - 27
  name: agent57
  start:
  - 62
  - 159
- goal:
  - 248
  - 191
  name: agent58
  start:
  - 15
  - 37
- goal:
  - 228
  - 4
  name: agent59
  start:
  - 213
  - 19
- goal:
  - 206
  - 105
  name: agent60
  start:
  - 214
  - 77
- goal:
  - 214
  - 52
  name: agent61
  start:
  - 32
  - 98
- goal:
  - 76
  - 172
  name: agent62
  start:
  - 85
  - 183
- goal:
  - 215
  - 210
  name: agent63
  start:
  - 18
  - 137
- goal:
  - 58
  - 164
  name: agent64
  start:
  - 239
  - 39
- goal:
  - 224
  - 47
  name: agent65
  start:
  - 202
  - 247
- goal:
  - 88
  - 71
  name: agent66
  start:
  - 219
  - 202
- goal:
  - 75
  - 139
  name: agent67
  start:
  - 148
  - 218
- goal:
  - 208
  - 253
  name: agent68
  start:
  - 205
  - 27
- goal:
  - 4
  - 149
  name: agent69
  start:
  - 181
  - 65
- goal:
  - 174
  - 227
  name: agent70
  start:
  - 3
  - 174
- goal:
  - 35
  - 253
  name: agent71
  start:
  - 151
  - 179
- goal:
  - 220
  - 234
  name: agent72
  start:
  - 19
  - 17
- goal:
  - 2
  - 198
  name: agent73
  start:
  - 237
  - 144
- goal:
  - 194
  - 15
  name: agent74
  start:
  - 75
  - 7
- goal:
  - 12
  - 8
  name: agent75
  start:
  - 176
  - 118
- goal:
  - 242
  - 125
  name: agent76
  start:
  - 77
  - 118
- goal:
  - 25
  - 161
  name: agent77
  start:
  - 14
  - 59
- goal:
  - 218
  - 160
  name: agent78
  start:
  - 105
  - 29
- goal:
  - 135
  - 233
  name: agent79
  start:
  - 61
  - 76
- goal:
  - 27
  - 166
  name: agent80
  start:
  - 242
  - 247
- goal:
  - 151
  - 222
  name: agent81
  start:
  - 214
  - 133
- goal:
  - 41
  - 63
  name: agent82
  start:
  - 8
  - 24
- goal:
  - 146
  - 178
  name: agent83
  start:
  - 9
  - 5
- goal:
  - 194
  - 224
  name: agent84
  start:
  - 98
  - 92
- goal:
  - 27
  - 244
  name: agent85
  start:
  - 254
  - 247
- goal:
  - 102
  - 15
  name: agent86
  start:
  - 216
  - 237
- goal:
  - 178
  - 163
  name: agent87
  start:
  - 223
  - 140
- goal:
  - 164
  - 223
  name: agent88
  start:
  - 35
  - 224
- goal:
  - 89
  - 174
  name: agent89
  start:
  - 134
  - 221
- goal:
  - 244
  - 241
  name: agent90
  start:
  - 66
  - 246
- goal:
  - 217
  - 252
  name: agent91
  start:
  - 19
  - 0
- goal:
  - 208
  - 39
  name: agent92
  start:
  - 182
  - 87
- goal:
  - 127
  - 218
  name: agent93
  start:
  - 150
  - 233
- goal:
  - 156
  - 161
  name: agent94
  start:
  - 83
  - 181
- goal:
  - 216
  - 212
  name: agent95
  start:
  - 4
  - 13
- goal:
  - 130
  - 200
  name: agent96
  start:
  - 166
  - 238
- goal:
  - 155
  - 215
  name: agent97
  start:
  - 14
  - 40
- goal:
  - 184
  - 237
  name: agent98
  start:
  - 22
  - 190
- goal:
  - 57
  - 221
  name: agent99
  start:
  - 250
  - 3
- goal:
  - 10
  - 6
  name: agent100
  start:
  - 172
  - 254
- goal:
  - 222
  - 211
  name: agent101
  start:
  - 41
  - 66
- goal:
  - 102
  - 118
  name: agent102
  start:
  - 3
  - 156
- goal:
  - 221
  - 86
  name: agent103
  start:
  - 219
  - 87
- goal:
  - 101
  - 243
  name: agent104
  start:
  - 226
  - 249
- goal:
  - 131
  - 178
  name: agent105
  start:
  - 152
  - 171
- goal:
  - 208
  - 211
  name: agent106
  start:
  - 12
  - 212
- goal:
  - 9
  - 36
  name: agent107
  start:
  - 244
  - 245
- goal:
  - 234
  - 60
  name: agent108
  start:
  - 234
  - 154
- goal:
  - 173
  - 30
  name: agent109
  start:
  - 154
  - 252
- goal:
  - 24
  - 32
  name: agent110
  start:
  - 213
  - 244
- goal:
  - 45
  - 156
  name: agent111
  start:
  - 36
  - 13
- goal:
  - 7
  - 180
  name: agent112
  start:
  - 227
  - 116
- goal:
  - 21
  - 26
  name: agent113
  start:
  - 44
  - 158
- goal:
  - 2
  - 32
  name: agent114
  start:
  - 169
  - 228
- goal:
  - 9
  - 90
  name: agent115
  start:
  - 178
  - 46
- goal:
  - 144
  - 21
  name: agent116
  start:
  - 144
  - 18
- goal:
  - 60
  - 175
  name: agent117
  start:
  - 216
  - 87
- goal:
  - 162
  - 213
  name: agent118
  start:
  - 173
  - 13
- goal:
  - 200
  - 194
  name: agent119
  start:
  - 195
  - 22
- goal:
  - 232
  - 94
  name: agent120
  start:
  - 200
  - 109
- goal:
  - 205
  - 226
  name: agent121
  start:
  - 57
  - 20
- goal:
  - 74
  - 106
  name: agent122
  start:
  - 172
  - 147
- goal:
  - 73
  - 42
  name: agent123
  start:
  - 7
  - 248
- goal:
  - 1
  - 96
  name: agent124
  start:
  - 92
  - 49
- goal:
  - 207
  - 219
  name: agent125
  start:
  - 15
  - 207
- goal:
  - 248
  - 161
  name: agent126
  start:
  - 157
  - 132
- goal:
  - 191
  - 170
  name: agent127
  start:
  - 114
  - 5
- goal:
  - 213
  - 89
  name: agent128
  start:
  - 194
  - 35
- goal:
  - 193
  - 221
  name: agent129
  start:
  - 53
  - 219
- goal:
  - 30
  - 144
  name: agent130
  start:
  - 214
  - 211
- goal:
  - 175
  - 249
  name: agent131
  start:
  - 0
  - 27
- goal:
  - 7
  - 74
  name: agent132
  start:
  - 158
  - 254
- goal:
  - 120
  - 186
  name: agent133
  start:
  - 148
  - 254
- goal:
  - 134
  - 247
  name: agent134
  start:
  - 163
  - 245
- goal:
  - 225
  - 23
  name: agent135
  start:
  - 155
  - 54
- goal:
  - 2
  - 75
  name: agent136
  start:
  - 236
  - 195
- goal:
  - 49
  - 106
  name: agent137
  start:
  - 147
  - 48
- goal:
  - 145
  - 234
  name: agent138
  start:
  - 63
  - 14
- goal:
  - 224
  - 210
  name: agent139
  start:
  - 17
  - 16
- goal:
  - 173
  - 253
  name: agent140
  start:
  - 13
  - 17
- goal:
  - 194
  - 250
  name: agent141
  start:
  - 5
  - 67
- goal:
  - 35
  - 11
  name: agent142
  start:
  - 178
  - 241
- goal:
  - 138
  - 74
  name: agent143
  start:
  - 116
  - 129
- goal:
  - 13
  - 116
  name: agent144
  start:
  - 158
  - 11
- goal:
  - 225
  - 208
  name: agent145
  start:
  - 69
  - 1
- goal:
  - 133
  - 42
  name: agent146
  start:
  - 253
  - 237
- goal:
  - 162
  - 6
  name: agent147
  start:
  - 29
  - 90
- goal:
  - 144
  - 217
  name: agent148
  start:
  - 189
  - 201
- goal:
  - 125
  - 23
  name: agent149
  start:
  - 57
  - 205
- goal:
  - 90
  - 61
  name: agent150
  start:
  - 167
  - 254
- goal:
  - 9
  - 115
  name: agent151
  start:
  - 232
  - 216
- goal:
  - 158
  - 239
  name: agent152
  start:
  - 143
  - 203
- goal:
  - 244
  - 40
  name: agent153
  start:
  - 42
  - 76
- goal:
  - 95
  - 101
  name: agent154
  start:
  - 118
  - 97
- goal:
  - 187
  - 227
  name: agent155
  start:
  - 1
  - 8
- goal:
  - 13
  - 140
  name: agent156
  start:
  - 88
  - 237
- goal:
  - 154
  - 251
  name: agent157
  start:
  - 22
  - 29
- goal:
  - 235
  - 128
  name: agent158
  start:
  - 93
  - 21
- goal:
  - 57
  - 47
  name: agent159
  start:
  - 30
  - 100
- goal:
  - 60
  - 94
  name: agent160
  start:
  - 27
  - 171
- goal:
  - 34
  - 245
  name: agent161
  start:
  - 247
  - 150
- goal:
  - 20
  - 233
  name: agent162
  start:
  - 188
  - 121
- goal:
  - 178
  - 229
  name: agent163
  start:
  - 7
  - 14
- goal:
  - 189
  - 240
  name: agent164
  start:
  - 17
  - 116
- goal:
  - 4
  - 30
  name: agent165
  start:
  - 218
  - 194
- goal:
  - 61
  - 135
  name: agent166
  start:
  - 177
  - 103
- goal:
  - 224
  - 3
  name: agent167
  start:
  - 216
  - 75
- goal:
  - 106
  - 249
  name: agent168
  start:
  - 171
  - 171
- goal:
  - 172
  - 44
  name: agent169
  start:
  - 70
  - 148
- goal:
  - 40
  - 35
  name: agent170
  start:
  - 216
  - 171
- goal:
  - 218
  - 243
  name: agent171
  start:
  - 209
  - 36
- goal:
  - 130
  - 209
  name: agent172
  start:
  - 5
  - 11
- goal:
  - 235
  - 1
  name: agent173
  start:
  - 202
  - 21
- goal:
  - 242
  - 232
  name: agent174
  start:
  - 32
  - 45
map_path: ../yaml_maps/Paris_1_256.map
