agents:
- goal:
  - 39
  - 75
  name: agent0
  start:
  - 11
  - 114
- goal:
  - 165
  - 220
  name: agent1
  start:
  - 254
  - 16
- goal:
  - 1
  - 17
  name: agent2
  start:
  - 224
  - 126
- goal:
  - 44
  - 209
  name: agent3
  start:
  - 230
  - 193
- goal:
  - 71
  - 5
  name: agent4
  start:
  - 210
  - 225
- goal:
  - 225
  - 98
  name: agent5
  start:
  - 83
  - 103
- goal:
  - 148
  - 83
  name: agent6
  start:
  - 17
  - 183
- goal:
  - 162
  - 255
  name: agent7
  start:
  - 3
  - 149
- goal:
  - 21
  - 194
  name: agent8
  start:
  - 199
  - 230
- goal:
  - 79
  - 3
  name: agent9
  start:
  - 56
  - 192
- goal:
  - 42
  - 88
  name: agent10
  start:
  - 178
  - 118
- goal:
  - 17
  - 157
  name: agent11
  start:
  - 233
  - 246
- goal:
  - 85
  - 108
  name: agent12
  start:
  - 72
  - 102
- goal:
  - 25
  - 238
  name: agent13
  start:
  - 72
  - 141
- goal:
  - 102
  - 5
  name: agent14
  start:
  - 114
  - 26
- goal:
  - 212
  - 1
  name: agent15
  start:
  - 80
  - 253
- goal:
  - 134
  - 144
  name: agent16
  start:
  - 178
  - 40
- goal:
  - 65
  - 16
  name: agent17
  start:
  - 57
  - 11
- goal:
  - 228
  - 207
  name: agent18
  start:
  - 64
  - 74
- goal:
  - 120
  - 6
  name: agent19
  start:
  - 93
  - 243
- goal:
  - 162
  - 253
  name: agent20
  start:
  - 148
  - 18
- goal:
  - 60
  - 38
  name: agent21
  start:
  - 70
  - 9
- goal:
  - 254
  - 160
  name: agent22
  start:
  - 38
  - 26
- goal:
  - 248
  - 207
  name: agent23
  start:
  - 250
  - 207
- goal:
  - 251
  - 150
  name: agent24
  start:
  - 24
  - 33
- goal:
  - 253
  - 181
  name: agent25
  start:
  - 248
  - 71
- goal:
  - 186
  - 111
  name: agent26
  start:
  - 198
  - 142
- goal:
  - 5
  - 97
  name: agent27
  start:
  - 6
  - 10
- goal:
  - 58
  - 42
  name: agent28
  start:
  - 219
  - 201
- goal:
  - 24
  - 6
  name: agent29
  start:
  - 66
  - 142
- goal:
  - 156
  - 47
  name: agent30
  start:
  - 177
  - 225
- goal:
  - 247
  - 184
  name: agent31
  start:
  - 13
  - 230
- goal:
  - 2
  - 97
  name: agent32
  start:
  - 219
  - 17
- goal:
  - 156
  - 105
  name: agent33
  start:
  - 209
  - 146
- goal:
  - 15
  - 6
  name: agent34
  start:
  - 197
  - 235
- goal:
  - 71
  - 109
  name: agent35
  start:
  - 205
  - 212
- goal:
  - 242
  - 181
  name: agent36
  start:
  - 33
  - 247
- goal:
  - 131
  - 41
  name: agent37
  start:
  - 241
  - 248
- goal:
  - 217
  - 106
  name: agent38
  start:
  - 128
  - 244
- goal:
  - 16
  - 209
  name: agent39
  start:
  - 74
  - 215
- goal:
  - 202
  - 251
  name: agent40
  start:
  - 177
  - 20
- goal:
  - 128
  - 130
  name: agent41
  start:
  - 47
  - 43
- goal:
  - 97
  - 50
  name: agent42
  start:
  - 85
  - 109
- goal:
  - 59
  - 110
  name: agent43
  start:
  - 125
  - 238
- goal:
  - 64
  - 219
  name: agent44
  start:
  - 165
  - 91
- goal:
  - 135
  - 163
  name: agent45
  start:
  - 226
  - 197
- goal:
  - 193
  - 38
  name: agent46
  start:
  - 142
  - 41
- goal:
  - 87
  - 31
  name: agent47
  start:
  - 254
  - 224
- goal:
  - 237
  - 236
  name: agent48
  start:
  - 42
  - 196
- goal:
  - 88
  - 180
  name: agent49
  start:
  - 133
  - 13
- goal:
  - 145
  - 94
  name: agent50
  start:
  - 144
  - 87
- goal:
  - 246
  - 31
  name: agent51
  start:
  - 63
  - 225
- goal:
  - 195
  - 180
  name: agent52
  start:
  - 71
  - 43
- goal:
  - 192
  - 212
  name: agent53
  start:
  - 238
  - 96
- goal:
  - 235
  - 1
  name: agent54
  start:
  - 152
  - 178
- goal:
  - 165
  - 151
  name: agent55
  start:
  - 15
  - 63
- goal:
  - 64
  - 48
  name: agent56
  start:
  - 197
  - 205
- goal:
  - 231
  - 51
  name: agent57
  start:
  - 245
  - 255
- goal:
  - 252
  - 12
  name: agent58
  start:
  - 45
  - 154
- goal:
  - 79
  - 101
  name: agent59
  start:
  - 19
  - 72
- goal:
  - 148
  - 0
  name: agent60
  start:
  - 234
  - 248
- goal:
  - 35
  - 242
  name: agent61
  start:
  - 86
  - 188
- goal:
  - 241
  - 75
  name: agent62
  start:
  - 73
  - 194
- goal:
  - 33
  - 228
  name: agent63
  start:
  - 56
  - 114
- goal:
  - 151
  - 161
  name: agent64
  start:
  - 164
  - 156
- goal:
  - 77
  - 77
  name: agent65
  start:
  - 233
  - 183
- goal:
  - 200
  - 179
  name: agent66
  start:
  - 218
  - 194
- goal:
  - 234
  - 246
  name: agent67
  start:
  - 17
  - 152
- goal:
  - 202
  - 195
  name: agent68
  start:
  - 243
  - 31
- goal:
  - 185
  - 183
  name: agent69
  start:
  - 95
  - 112
- goal:
  - 124
  - 46
  name: agent70
  start:
  - 147
  - 213
- goal:
  - 18
  - 49
  name: agent71
  start:
  - 225
  - 181
- goal:
  - 163
  - 177
  name: agent72
  start:
  - 151
  - 59
- goal:
  - 37
  - 51
  name: agent73
  start:
  - 239
  - 164
- goal:
  - 240
  - 66
  name: agent74
  start:
  - 110
  - 50
- goal:
  - 7
  - 197
  name: agent75
  start:
  - 70
  - 24
- goal:
  - 207
  - 195
  name: agent76
  start:
  - 58
  - 185
- goal:
  - 172
  - 5
  name: agent77
  start:
  - 70
  - 1
- goal:
  - 180
  - 248
  name: agent78
  start:
  - 78
  - 191
- goal:
  - 157
  - 55
  name: agent79
  start:
  - 66
  - 163
- goal:
  - 1
  - 127
  name: agent80
  start:
  - 199
  - 234
- goal:
  - 174
  - 11
  name: agent81
  start:
  - 106
  - 145
- goal:
  - 226
  - 20
  name: agent82
  start:
  - 249
  - 47
- goal:
  - 136
  - 246
  name: agent83
  start:
  - 25
  - 108
- goal:
  - 30
  - 21
  name: agent84
  start:
  - 43
  - 18
- goal:
  - 213
  - 210
  name: agent85
  start:
  - 59
  - 179
- goal:
  - 198
  - 203
  name: agent86
  start:
  - 238
  - 108
- goal:
  - 167
  - 241
  name: agent87
  start:
  - 67
  - 43
- goal:
  - 25
  - 21
  name: agent88
  start:
  - 35
  - 98
- goal:
  - 231
  - 234
  name: agent89
  start:
  - 248
  - 78
- goal:
  - 234
  - 2
  name: agent90
  start:
  - 97
  - 234
- goal:
  - 49
  - 30
  name: agent91
  start:
  - 168
  - 255
- goal:
  - 100
  - 7
  name: agent92
  start:
  - 220
  - 214
- goal:
  - 169
  - 253
  name: agent93
  start:
  - 35
  - 16
- goal:
  - 110
  - 214
  name: agent94
  start:
  - 18
  - 88
- goal:
  - 62
  - 210
  name: agent95
  start:
  - 129
  - 84
- goal:
  - 242
  - 32
  name: agent96
  start:
  - 139
  - 124
- goal:
  - 223
  - 104
  name: agent97
  start:
  - 237
  - 121
- goal:
  - 128
  - 40
  name: agent98
  start:
  - 225
  - 49
- goal:
  - 55
  - 153
  name: agent99
  start:
  - 18
  - 241
- goal:
  - 206
  - 134
  name: agent100
  start:
  - 102
  - 68
- goal:
  - 66
  - 4
  name: agent101
  start:
  - 180
  - 103
- goal:
  - 173
  - 38
  name: agent102
  start:
  - 80
  - 235
- goal:
  - 104
  - 52
  name: agent103
  start:
  - 149
  - 251
- goal:
  - 252
  - 158
  name: agent104
  start:
  - 7
  - 239
- goal:
  - 41
  - 20
  name: agent105
  start:
  - 212
  - 150
- goal:
  - 65
  - 50
  name: agent106
  start:
  - 183
  - 246
- goal:
  - 160
  - 149
  name: agent107
  start:
  - 153
  - 12
- goal:
  - 76
  - 208
  name: agent108
  start:
  - 174
  - 33
- goal:
  - 194
  - 7
  name: agent109
  start:
  - 51
  - 151
- goal:
  - 174
  - 253
  name: agent110
  start:
  - 40
  - 21
- goal:
  - 79
  - 232
  name: agent111
  start:
  - 5
  - 8
- goal:
  - 80
  - 196
  name: agent112
  start:
  - 197
  - 112
- goal:
  - 171
  - 201
  name: agent113
  start:
  - 238
  - 251
- goal:
  - 200
  - 200
  name: agent114
  start:
  - 70
  - 42
- goal:
  - 130
  - 205
  name: agent115
  start:
  - 23
  - 4
- goal:
  - 1
  - 24
  name: agent116
  start:
  - 245
  - 156
- goal:
  - 114
  - 184
  name: agent117
  start:
  - 86
  - 220
- goal:
  - 253
  - 46
  name: agent118
  start:
  - 214
  - 35
- goal:
  - 80
  - 0
  name: agent119
  start:
  - 38
  - 213
- goal:
  - 154
  - 251
  name: agent120
  start:
  - 38
  - 49
- goal:
  - 138
  - 159
  name: agent121
  start:
  - 10
  - 231
- goal:
  - 172
  - 186
  name: agent122
  start:
  - 236
  - 1
- goal:
  - 95
  - 217
  name: agent123
  start:
  - 95
  - 237
- goal:
  - 26
  - 41
  name: agent124
  start:
  - 147
  - 207
- goal:
  - 67
  - 3
  name: agent125
  start:
  - 155
  - 250
- goal:
  - 168
  - 155
  name: agent126
  start:
  - 122
  - 162
- goal:
  - 238
  - 2
  name: agent127
  start:
  - 29
  - 171
- goal:
  - 27
  - 222
  name: agent128
  start:
  - 57
  - 154
- goal:
  - 245
  - 79
  name: agent129
  start:
  - 154
  - 253
- goal:
  - 229
  - 197
  name: agent130
  start:
  - 7
  - 85
- goal:
  - 16
  - 191
  name: agent131
  start:
  - 156
  - 206
- goal:
  - 215
  - 169
  name: agent132
  start:
  - 111
  - 191
- goal:
  - 50
  - 252
  name: agent133
  start:
  - 235
  - 68
- goal:
  - 32
  - 56
  name: agent134
  start:
  - 200
  - 225
- goal:
  - 211
  - 180
  name: agent135
  start:
  - 8
  - 23
- goal:
  - 130
  - 115
  name: agent136
  start:
  - 204
  - 14
- goal:
  - 252
  - 25
  name: agent137
  start:
  - 140
  - 107
- goal:
  - 120
  - 223
  name: agent138
  start:
  - 124
  - 233
- goal:
  - 235
  - 251
  name: agent139
  start:
  - 123
  - 1
- goal:
  - 197
  - 254
  name: agent140
  start:
  - 2
  - 66
- goal:
  - 116
  - 189
  name: agent141
  start:
  - 36
  - 205
- goal:
  - 247
  - 108
  name: agent142
  start:
  - 77
  - 2
- goal:
  - 241
  - 228
  name: agent143
  start:
  - 251
  - 12
- goal:
  - 136
  - 4
  name: agent144
  start:
  - 119
  - 0
- goal:
  - 14
  - 240
  name: agent145
  start:
  - 111
  - 232
- goal:
  - 45
  - 8
  name: agent146
  start:
  - 230
  - 92
- goal:
  - 126
  - 3
  name: agent147
  start:
  - 27
  - 230
- goal:
  - 154
  - 155
  name: agent148
  start:
  - 158
  - 113
- goal:
  - 251
  - 104
  name: agent149
  start:
  - 193
  - 52
map_path: ../yaml_maps/Paris_1_256.map
