agents:
- goal:
  - 80
  - 172
  name: agent0
  start:
  - 137
  - 49
- goal:
  - 10
  - 90
  name: agent1
  start:
  - 1
  - 130
- goal:
  - 77
  - 171
  name: agent2
  start:
  - 9
  - 188
- goal:
  - 59
  - 189
  name: agent3
  start:
  - 242
  - 5
- goal:
  - 150
  - 101
  name: agent4
  start:
  - 121
  - 246
- goal:
  - 200
  - 250
  name: agent5
  start:
  - 78
  - 103
- goal:
  - 237
  - 239
  name: agent6
  start:
  - 39
  - 7
- goal:
  - 40
  - 11
  name: agent7
  start:
  - 134
  - 241
- goal:
  - 142
  - 202
  name: agent8
  start:
  - 111
  - 177
- goal:
  - 250
  - 153
  name: agent9
  start:
  - 234
  - 147
- goal:
  - 156
  - 1
  name: agent10
  start:
  - 40
  - 99
- goal:
  - 0
  - 196
  name: agent11
  start:
  - 32
  - 83
- goal:
  - 85
  - 42
  name: agent12
  start:
  - 50
  - 12
- goal:
  - 50
  - 6
  name: agent13
  start:
  - 52
  - 13
- goal:
  - 63
  - 114
  name: agent14
  start:
  - 50
  - 105
- goal:
  - 193
  - 13
  name: agent15
  start:
  - 210
  - 188
- goal:
  - 215
  - 1
  name: agent16
  start:
  - 57
  - 209
- goal:
  - 14
  - 141
  name: agent17
  start:
  - 239
  - 78
- goal:
  - 3
  - 14
  name: agent18
  start:
  - 213
  - 253
- goal:
  - 47
  - 97
  name: agent19
  start:
  - 78
  - 136
- goal:
  - 33
  - 187
  name: agent20
  start:
  - 40
  - 157
- goal:
  - 197
  - 220
  name: agent21
  start:
  - 24
  - 41
- goal:
  - 46
  - 198
  name: agent22
  start:
  - 23
  - 131
- goal:
  - 141
  - 101
  name: agent23
  start:
  - 119
  - 56
- goal:
  - 6
  - 97
  name: agent24
  start:
  - 167
  - 255
- goal:
  - 18
  - 53
  name: agent25
  start:
  - 19
  - 60
- goal:
  - 95
  - 181
  name: agent26
  start:
  - 108
  - 7
- goal:
  - 113
  - 139
  name: agent27
  start:
  - 98
  - 29
- goal:
  - 55
  - 22
  name: agent28
  start:
  - 140
  - 182
- goal:
  - 117
  - 95
  name: agent29
  start:
  - 190
  - 171
- goal:
  - 178
  - 75
  name: agent30
  start:
  - 1
  - 34
- goal:
  - 186
  - 223
  name: agent31
  start:
  - 36
  - 249
- goal:
  - 114
  - 233
  name: agent32
  start:
  - 231
  - 81
- goal:
  - 144
  - 193
  name: agent33
  start:
  - 218
  - 187
- goal:
  - 98
  - 134
  name: agent34
  start:
  - 206
  - 16
- goal:
  - 85
  - 16
  name: agent35
  start:
  - 136
  - 42
- goal:
  - 42
  - 203
  name: agent36
  start:
  - 249
  - 135
- goal:
  - 29
  - 119
  name: agent37
  start:
  - 243
  - 224
- goal:
  - 180
  - 237
  name: agent38
  start:
  - 58
  - 66
- goal:
  - 12
  - 98
  name: agent39
  start:
  - 225
  - 209
- goal:
  - 176
  - 125
  name: agent40
  start:
  - 151
  - 81
- goal:
  - 254
  - 213
  name: agent41
  start:
  - 18
  - 212
- goal:
  - 222
  - 247
  name: agent42
  start:
  - 45
  - 172
- goal:
  - 63
  - 139
  name: agent43
  start:
  - 63
  - 164
- goal:
  - 103
  - 115
  name: agent44
  start:
  - 18
  - 81
- goal:
  - 40
  - 36
  name: agent45
  start:
  - 26
  - 37
- goal:
  - 151
  - 254
  name: agent46
  start:
  - 35
  - 30
- goal:
  - 210
  - 89
  name: agent47
  start:
  - 148
  - 126
- goal:
  - 93
  - 206
  name: agent48
  start:
  - 150
  - 162
- goal:
  - 138
  - 223
  name: agent49
  start:
  - 162
  - 206
- goal:
  - 251
  - 192
  name: agent50
  start:
  - 84
  - 60
- goal:
  - 83
  - 11
  name: agent51
  start:
  - 135
  - 237
- goal:
  - 142
  - 105
  name: agent52
  start:
  - 65
  - 83
- goal:
  - 233
  - 204
  name: agent53
  start:
  - 0
  - 70
- goal:
  - 42
  - 53
  name: agent54
  start:
  - 208
  - 240
- goal:
  - 115
  - 225
  name: agent55
  start:
  - 221
  - 210
- goal:
  - 67
  - 87
  name: agent56
  start:
  - 209
  - 240
- goal:
  - 170
  - 252
  name: agent57
  start:
  - 116
  - 35
- goal:
  - 101
  - 233
  name: agent58
  start:
  - 237
  - 64
- goal:
  - 119
  - 104
  name: agent59
  start:
  - 40
  - 75
- goal:
  - 147
  - 254
  name: agent60
  start:
  - 83
  - 40
- goal:
  - 201
  - 217
  name: agent61
  start:
  - 126
  - 174
- goal:
  - 78
  - 102
  name: agent62
  start:
  - 248
  - 239
- goal:
  - 191
  - 253
  name: agent63
  start:
  - 15
  - 185
- goal:
  - 198
  - 225
  name: agent64
  start:
  - 61
  - 108
- goal:
  - 231
  - 223
  name: agent65
  start:
  - 247
  - 225
- goal:
  - 105
  - 231
  name: agent66
  start:
  - 36
  - 174
- goal:
  - 175
  - 254
  name: agent67
  start:
  - 15
  - 111
- goal:
  - 204
  - 81
  name: agent68
  start:
  - 189
  - 91
- goal:
  - 48
  - 236
  name: agent69
  start:
  - 196
  - 112
- goal:
  - 213
  - 212
  name: agent70
  start:
  - 44
  - 57
- goal:
  - 117
  - 105
  name: agent71
  start:
  - 188
  - 209
- goal:
  - 29
  - 233
  name: agent72
  start:
  - 102
  - 96
- goal:
  - 11
  - 14
  name: agent73
  start:
  - 201
  - 221
- goal:
  - 234
  - 154
  name: agent74
  start:
  - 27
  - 210
- goal:
  - 112
  - 160
  name: agent75
  start:
  - 129
  - 154
- goal:
  - 78
  - 42
  name: agent76
  start:
  - 188
  - 242
- goal:
  - 39
  - 75
  name: agent77
  start:
  - 180
  - 212
- goal:
  - 53
  - 109
  name: agent78
  start:
  - 165
  - 94
- goal:
  - 135
  - 250
  name: agent79
  start:
  - 39
  - 206
- goal:
  - 254
  - 189
  name: agent80
  start:
  - 165
  - 237
- goal:
  - 106
  - 55
  name: agent81
  start:
  - 11
  - 194
- goal:
  - 155
  - 57
  name: agent82
  start:
  - 142
  - 21
- goal:
  - 163
  - 78
  name: agent83
  start:
  - 4
  - 245
- goal:
  - 96
  - 204
  name: agent84
  start:
  - 108
  - 163
- goal:
  - 167
  - 218
  name: agent85
  start:
  - 227
  - 1
- goal:
  - 72
  - 34
  name: agent86
  start:
  - 152
  - 253
- goal:
  - 161
  - 146
  name: agent87
  start:
  - 92
  - 185
- goal:
  - 4
  - 240
  name: agent88
  start:
  - 215
  - 1
- goal:
  - 186
  - 1
  name: agent89
  start:
  - 186
  - 3
- goal:
  - 253
  - 44
  name: agent90
  start:
  - 42
  - 197
- goal:
  - 201
  - 206
  name: agent91
  start:
  - 2
  - 128
- goal:
  - 234
  - 124
  name: agent92
  start:
  - 238
  - 115
- goal:
  - 172
  - 28
  name: agent93
  start:
  - 5
  - 24
- goal:
  - 71
  - 248
  name: agent94
  start:
  - 255
  - 21
- goal:
  - 234
  - 194
  name: agent95
  start:
  - 101
  - 30
- goal:
  - 194
  - 10
  name: agent96
  start:
  - 72
  - 169
- goal:
  - 198
  - 251
  name: agent97
  start:
  - 111
  - 1
- goal:
  - 177
  - 71
  name: agent98
  start:
  - 174
  - 183
- goal:
  - 246
  - 186
  name: agent99
  start:
  - 19
  - 3
- goal:
  - 165
  - 255
  name: agent100
  start:
  - 31
  - 7
- goal:
  - 161
  - 66
  name: agent101
  start:
  - 90
  - 92
- goal:
  - 72
  - 229
  name: agent102
  start:
  - 215
  - 22
- goal:
  - 180
  - 245
  name: agent103
  start:
  - 216
  - 43
- goal:
  - 179
  - 34
  name: agent104
  start:
  - 0
  - 54
- goal:
  - 5
  - 135
  name: agent105
  start:
  - 230
  - 240
- goal:
  - 41
  - 46
  name: agent106
  start:
  - 56
  - 16
- goal:
  - 168
  - 255
  name: agent107
  start:
  - 1
  - 89
- goal:
  - 211
  - 107
  name: agent108
  start:
  - 94
  - 38
- goal:
  - 118
  - 95
  name: agent109
  start:
  - 227
  - 228
- goal:
  - 151
  - 213
  name: agent110
  start:
  - 251
  - 28
- goal:
  - 39
  - 86
  name: agent111
  start:
  - 83
  - 73
- goal:
  - 189
  - 203
  name: agent112
  start:
  - 19
  - 247
- goal:
  - 228
  - 110
  name: agent113
  start:
  - 246
  - 142
- goal:
  - 28
  - 211
  name: agent114
  start:
  - 4
  - 180
- goal:
  - 33
  - 19
  name: agent115
  start:
  - 169
  - 254
- goal:
  - 64
  - 78
  name: agent116
  start:
  - 94
  - 113
- goal:
  - 253
  - 5
  name: agent117
  start:
  - 23
  - 58
- goal:
  - 54
  - 199
  name: agent118
  start:
  - 36
  - 217
- goal:
  - 217
  - 185
  name: agent119
  start:
  - 194
  - 180
- goal:
  - 125
  - 26
  name: agent120
  start:
  - 244
  - 125
- goal:
  - 223
  - 43
  name: agent121
  start:
  - 18
  - 194
- goal:
  - 126
  - 175
  name: agent122
  start:
  - 112
  - 8
- goal:
  - 209
  - 179
  name: agent123
  start:
  - 151
  - 96
- goal:
  - 157
  - 255
  name: agent124
  start:
  - 46
  - 44
- goal:
  - 8
  - 32
  name: agent125
  start:
  - 180
  - 234
- goal:
  - 97
  - 131
  name: agent126
  start:
  - 156
  - 1
- goal:
  - 7
  - 244
  name: agent127
  start:
  - 118
  - 51
- goal:
  - 208
  - 246
  name: agent128
  start:
  - 193
  - 42
- goal:
  - 207
  - 110
  name: agent129
  start:
  - 246
  - 206
- goal:
  - 68
  - 251
  name: agent130
  start:
  - 221
  - 36
- goal:
  - 199
  - 216
  name: agent131
  start:
  - 52
  - 21
- goal:
  - 147
  - 129
  name: agent132
  start:
  - 245
  - 33
- goal:
  - 189
  - 235
  name: agent133
  start:
  - 59
  - 42
- goal:
  - 106
  - 118
  name: agent134
  start:
  - 125
  - 246
- goal:
  - 237
  - 149
  name: agent135
  start:
  - 156
  - 115
- goal:
  - 39
  - 73
  name: agent136
  start:
  - 197
  - 13
- goal:
  - 182
  - 45
  name: agent137
  start:
  - 179
  - 34
- goal:
  - 9
  - 237
  name: agent138
  start:
  - 243
  - 210
- goal:
  - 230
  - 37
  name: agent139
  start:
  - 194
  - 182
- goal:
  - 180
  - 113
  name: agent140
  start:
  - 139
  - 90
- goal:
  - 39
  - 47
  name: agent141
  start:
  - 48
  - 60
- goal:
  - 97
  - 197
  name: agent142
  start:
  - 241
  - 81
- goal:
  - 37
  - 233
  name: agent143
  start:
  - 152
  - 251
- goal:
  - 17
  - 210
  name: agent144
  start:
  - 122
  - 224
- goal:
  - 237
  - 205
  name: agent145
  start:
  - 111
  - 97
- goal:
  - 82
  - 38
  name: agent146
  start:
  - 209
  - 213
- goal:
  - 22
  - 208
  name: agent147
  start:
  - 155
  - 87
- goal:
  - 172
  - 250
  name: agent148
  start:
  - 12
  - 230
- goal:
  - 1
  - 144
  name: agent149
  start:
  - 154
  - 255
- goal:
  - 13
  - 5
  name: agent150
  start:
  - 226
  - 119
- goal:
  - 230
  - 197
  name: agent151
  start:
  - 33
  - 243
- goal:
  - 90
  - 4
  name: agent152
  start:
  - 147
  - 254
- goal:
  - 146
  - 69
  name: agent153
  start:
  - 23
  - 244
- goal:
  - 238
  - 119
  name: agent154
  start:
  - 160
  - 184
- goal:
  - 118
  - 92
  name: agent155
  start:
  - 208
  - 138
- goal:
  - 75
  - 204
  name: agent156
  start:
  - 250
  - 106
- goal:
  - 195
  - 230
  name: agent157
  start:
  - 17
  - 247
- goal:
  - 26
  - 185
  name: agent158
  start:
  - 196
  - 15
- goal:
  - 42
  - 80
  name: agent159
  start:
  - 143
  - 79
- goal:
  - 43
  - 79
  name: agent160
  start:
  - 178
  - 229
- goal:
  - 243
  - 30
  name: agent161
  start:
  - 138
  - 230
- goal:
  - 161
  - 77
  name: agent162
  start:
  - 151
  - 252
- goal:
  - 22
  - 210
  name: agent163
  start:
  - 148
  - 253
- goal:
  - 171
  - 20
  name: agent164
  start:
  - 33
  - 198
- goal:
  - 223
  - 228
  name: agent165
  start:
  - 35
  - 23
- goal:
  - 191
  - 115
  name: agent166
  start:
  - 144
  - 13
- goal:
  - 248
  - 237
  name: agent167
  start:
  - 130
  - 191
- goal:
  - 47
  - 234
  name: agent168
  start:
  - 146
  - 152
- goal:
  - 54
  - 181
  name: agent169
  start:
  - 236
  - 4
- goal:
  - 119
  - 61
  name: agent170
  start:
  - 220
  - 170
- goal:
  - 161
  - 138
  name: agent171
  start:
  - 106
  - 149
- goal:
  - 173
  - 119
  name: agent172
  start:
  - 195
  - 126
- goal:
  - 230
  - 243
  name: agent173
  start:
  - 19
  - 81
- goal:
  - 82
  - 49
  name: agent174
  start:
  - 10
  - 59
- goal:
  - 104
  - 145
  name: agent175
  start:
  - 236
  - 167
- goal:
  - 36
  - 62
  name: agent176
  start:
  - 186
  - 198
- goal:
  - 148
  - 253
  name: agent177
  start:
  - 70
  - 127
- goal:
  - 68
  - 223
  name: agent178
  start:
  - 200
  - 245
- goal:
  - 184
  - 124
  name: agent179
  start:
  - 28
  - 35
- goal:
  - 155
  - 254
  name: agent180
  start:
  - 67
  - 78
- goal:
  - 103
  - 196
  name: agent181
  start:
  - 67
  - 146
- goal:
  - 52
  - 219
  name: agent182
  start:
  - 209
  - 242
- goal:
  - 208
  - 215
  name: agent183
  start:
  - 19
  - 110
- goal:
  - 91
  - 215
  name: agent184
  start:
  - 25
  - 38
map_path: ../yaml_maps/Paris_1_256.map
