agents:
- goal:
  - 206
  - 242
  name: agent0
  start:
  - 32
  - 48
- goal:
  - 169
  - 106
  name: agent1
  start:
  - 250
  - 26
- goal:
  - 255
  - 202
  name: agent2
  start:
  - 177
  - 69
- goal:
  - 103
  - 161
  name: agent3
  start:
  - 110
  - 27
- goal:
  - 34
  - 83
  name: agent4
  start:
  - 96
  - 85
- goal:
  - 55
  - 180
  name: agent5
  start:
  - 74
  - 213
- goal:
  - 157
  - 153
  name: agent6
  start:
  - 153
  - 159
- goal:
  - 178
  - 240
  name: agent7
  start:
  - 82
  - 39
- goal:
  - 53
  - 30
  name: agent8
  start:
  - 47
  - 244
- goal:
  - 213
  - 205
  name: agent9
  start:
  - 52
  - 48
- goal:
  - 26
  - 121
  name: agent10
  start:
  - 157
  - 255
- goal:
  - 255
  - 221
  name: agent11
  start:
  - 223
  - 46
- goal:
  - 29
  - 24
  name: agent12
  start:
  - 152
  - 253
- goal:
  - 173
  - 253
  name: agent13
  start:
  - 14
  - 10
- goal:
  - 191
  - 226
  name: agent14
  start:
  - 196
  - 225
- goal:
  - 175
  - 250
  name: agent15
  start:
  - 2
  - 39
- goal:
  - 232
  - 205
  name: agent16
  start:
  - 80
  - 40
- goal:
  - 148
  - 37
  name: agent17
  start:
  - 137
  - 226
- goal:
  - 33
  - 235
  name: agent18
  start:
  - 237
  - 6
- goal:
  - 14
  - 207
  name: agent19
  start:
  - 91
  - 75
- goal:
  - 25
  - 224
  name: agent20
  start:
  - 28
  - 113
- goal:
  - 36
  - 13
  name: agent21
  start:
  - 95
  - 55
- goal:
  - 145
  - 170
  name: agent22
  start:
  - 73
  - 13
- goal:
  - 69
  - 14
  name: agent23
  start:
  - 8
  - 206
- goal:
  - 147
  - 230
  name: agent24
  start:
  - 185
  - 65
- goal:
  - 92
  - 43
  name: agent25
  start:
  - 73
  - 51
- goal:
  - 77
  - 3
  name: agent26
  start:
  - 197
  - 141
- goal:
  - 95
  - 239
  name: agent27
  start:
  - 124
  - 54
- goal:
  - 153
  - 112
  name: agent28
  start:
  - 150
  - 252
- goal:
  - 239
  - 175
  name: agent29
  start:
  - 95
  - 241
- goal:
  - 24
  - 211
  name: agent30
  start:
  - 54
  - 204
- goal:
  - 202
  - 220
  name: agent31
  start:
  - 75
  - 14
- goal:
  - 188
  - 226
  name: agent32
  start:
  - 37
  - 180
- goal:
  - 161
  - 255
  name: agent33
  start:
  - 16
  - 24
- goal:
  - 85
  - 70
  name: agent34
  start:
  - 113
  - 232
- goal:
  - 76
  - 198
  name: agent35
  start:
  - 244
  - 207
- goal:
  - 90
  - 216
  name: agent36
  start:
  - 98
  - 233
- goal:
  - 245
  - 111
  name: agent37
  start:
  - 245
  - 122
- goal:
  - 218
  - 173
  name: agent38
  start:
  - 20
  - 73
- goal:
  - 235
  - 219
  name: agent39
  start:
  - 77
  - 12
- goal:
  - 31
  - 243
  name: agent40
  start:
  - 51
  - 237
- goal:
  - 58
  - 78
  name: agent41
  start:
  - 109
  - 102
- goal:
  - 178
  - 248
  name: agent42
  start:
  - 57
  - 100
- goal:
  - 85
  - 30
  name: agent43
  start:
  - 127
  - 40
- goal:
  - 103
  - 247
  name: agent44
  start:
  - 245
  - 80
- goal:
  - 31
  - 94
  name: agent45
  start:
  - 205
  - 223
- goal:
  - 211
  - 216
  name: agent46
  start:
  - 25
  - 145
- goal:
  - 237
  - 115
  name: agent47
  start:
  - 123
  - 235
- goal:
  - 203
  - 136
  name: agent48
  start:
  - 161
  - 90
- goal:
  - 133
  - 198
  name: agent49
  start:
  - 126
  - 67
- goal:
  - 3
  - 2
  name: agent50
  start:
  - 11
  - 244
- goal:
  - 34
  - 20
  name: agent51
  start:
  - 175
  - 179
- goal:
  - 250
  - 179
  name: agent52
  start:
  - 16
  - 109
- goal:
  - 174
  - 255
  name: agent53
  start:
  - 22
  - 1
- goal:
  - 4
  - 21
  name: agent54
  start:
  - 235
  - 200
- goal:
  - 151
  - 158
  name: agent55
  start:
  - 167
  - 155
- goal:
  - 146
  - 157
  name: agent56
  start:
  - 63
  - 211
- goal:
  - 36
  - 4
  name: agent57
  start:
  - 184
  - 244
- goal:
  - 212
  - 122
  name: agent58
  start:
  - 64
  - 109
- goal:
  - 155
  - 251
  name: agent59
  start:
  - 31
  - 254
- goal:
  - 67
  - 56
  name: agent60
  start:
  - 186
  - 243
- goal:
  - 130
  - 155
  name: agent61
  start:
  - 88
  - 76
- goal:
  - 109
  - 246
  name: agent62
  start:
  - 108
  - 243
- goal:
  - 22
  - 208
  name: agent63
  start:
  - 109
  - 42
- goal:
  - 198
  - 79
  name: agent64
  start:
  - 146
  - 176
- goal:
  - 164
  - 255
  name: agent65
  start:
  - 34
  - 42
- goal:
  - 226
  - 101
  name: agent66
  start:
  - 210
  - 116
- goal:
  - 110
  - 184
  name: agent67
  start:
  - 165
  - 37
- goal:
  - 109
  - 202
  name: agent68
  start:
  - 165
  - 78
- goal:
  - 237
  - 244
  name: agent69
  start:
  - 25
  - 195
- goal:
  - 141
  - 48
  name: agent70
  start:
  - 154
  - 17
- goal:
  - 158
  - 253
  name: agent71
  start:
  - 92
  - 9
- goal:
  - 131
  - 252
  name: agent72
  start:
  - 115
  - 229
- goal:
  - 171
  - 145
  name: agent73
  start:
  - 162
  - 151
- goal:
  - 181
  - 99
  name: agent74
  start:
  - 63
  - 15
- goal:
  - 222
  - 211
  name: agent75
  start:
  - 41
  - 235
- goal:
  - 251
  - 6
  name: agent76
  start:
  - 119
  - 243
- goal:
  - 148
  - 254
  name: agent77
  start:
  - 13
  - 61
- goal:
  - 48
  - 149
  name: agent78
  start:
  - 107
  - 143
- goal:
  - 169
  - 14
  name: agent79
  start:
  - 71
  - 132
- goal:
  - 183
  - 112
  name: agent80
  start:
  - 198
  - 147
- goal:
  - 68
  - 148
  name: agent81
  start:
  - 114
  - 231
- goal:
  - 201
  - 246
  name: agent82
  start:
  - 6
  - 74
- goal:
  - 222
  - 36
  name: agent83
  start:
  - 217
  - 157
- goal:
  - 160
  - 253
  name: agent84
  start:
  - 21
  - 8
- goal:
  - 239
  - 233
  name: agent85
  start:
  - 79
  - 113
- goal:
  - 169
  - 26
  name: agent86
  start:
  - 93
  - 90
- goal:
  - 250
  - 11
  name: agent87
  start:
  - 155
  - 30
- goal:
  - 153
  - 228
  name: agent88
  start:
  - 105
  - 116
- goal:
  - 251
  - 23
  name: agent89
  start:
  - 22
  - 167
- goal:
  - 137
  - 239
  name: agent90
  start:
  - 249
  - 46
- goal:
  - 24
  - 244
  name: agent91
  start:
  - 16
  - 210
- goal:
  - 68
  - 43
  name: agent92
  start:
  - 146
  - 120
- goal:
  - 192
  - 113
  name: agent93
  start:
  - 180
  - 121
- goal:
  - 206
  - 96
  name: agent94
  start:
  - 136
  - 147
- goal:
  - 137
  - 232
  name: agent95
  start:
  - 20
  - 34
- goal:
  - 165
  - 255
  name: agent96
  start:
  - 53
  - 237
- goal:
  - 244
  - 73
  name: agent97
  start:
  - 238
  - 69
- goal:
  - 106
  - 234
  name: agent98
  start:
  - 6
  - 90
- goal:
  - 187
  - 207
  name: agent99
  start:
  - 188
  - 169
- goal:
  - 31
  - 48
  name: agent100
  start:
  - 168
  - 240
- goal:
  - 55
  - 157
  name: agent101
  start:
  - 39
  - 12
- goal:
  - 115
  - 178
  name: agent102
  start:
  - 129
  - 208
- goal:
  - 184
  - 238
  name: agent103
  start:
  - 0
  - 1
- goal:
  - 85
  - 24
  name: agent104
  start:
  - 161
  - 162
- goal:
  - 217
  - 188
  name: agent105
  start:
  - 20
  - 11
- goal:
  - 12
  - 114
  name: agent106
  start:
  - 249
  - 87
- goal:
  - 248
  - 247
  name: agent107
  start:
  - 250
  - 254
- goal:
  - 220
  - 61
  name: agent108
  start:
  - 24
  - 176
- goal:
  - 205
  - 227
  name: agent109
  start:
  - 4
  - 13
- goal:
  - 52
  - 173
  name: agent110
  start:
  - 130
  - 195
- goal:
  - 0
  - 206
  name: agent111
  start:
  - 244
  - 45
- goal:
  - 0
  - 41
  name: agent112
  start:
  - 252
  - 15
- goal:
  - 73
  - 154
  name: agent113
  start:
  - 248
  - 251
- goal:
  - 1
  - 9
  name: agent114
  start:
  - 145
  - 13
- goal:
  - 109
  - 71
  name: agent115
  start:
  - 39
  - 27
- goal:
  - 36
  - 151
  name: agent116
  start:
  - 195
  - 254
- goal:
  - 25
  - 207
  name: agent117
  start:
  - 186
  - 77
- goal:
  - 239
  - 249
  name: agent118
  start:
  - 23
  - 164
- goal:
  - 215
  - 189
  name: agent119
  start:
  - 228
  - 42
- goal:
  - 75
  - 101
  name: agent120
  start:
  - 242
  - 73
- goal:
  - 69
  - 7
  name: agent121
  start:
  - 53
  - 3
- goal:
  - 22
  - 33
  name: agent122
  start:
  - 59
  - 162
- goal:
  - 155
  - 119
  name: agent123
  start:
  - 212
  - 47
- goal:
  - 39
  - 6
  name: agent124
  start:
  - 222
  - 204
- goal:
  - 36
  - 9
  name: agent125
  start:
  - 94
  - 93
- goal:
  - 204
  - 247
  name: agent126
  start:
  - 55
  - 17
- goal:
  - 30
  - 240
  name: agent127
  start:
  - 195
  - 125
- goal:
  - 218
  - 209
  name: agent128
  start:
  - 131
  - 14
- goal:
  - 48
  - 12
  name: agent129
  start:
  - 177
  - 255
- goal:
  - 0
  - 80
  name: agent130
  start:
  - 253
  - 110
- goal:
  - 195
  - 237
  name: agent131
  start:
  - 10
  - 142
- goal:
  - 103
  - 53
  name: agent132
  start:
  - 226
  - 31
- goal:
  - 34
  - 54
  name: agent133
  start:
  - 62
  - 164
- goal:
  - 176
  - 247
  name: agent134
  start:
  - 21
  - 93
- goal:
  - 25
  - 147
  name: agent135
  start:
  - 16
  - 16
- goal:
  - 95
  - 161
  name: agent136
  start:
  - 203
  - 96
- goal:
  - 39
  - 161
  name: agent137
  start:
  - 137
  - 135
- goal:
  - 142
  - 4
  name: agent138
  start:
  - 82
  - 13
- goal:
  - 211
  - 144
  name: agent139
  start:
  - 153
  - 102
- goal:
  - 250
  - 74
  name: agent140
  start:
  - 151
  - 193
- goal:
  - 216
  - 178
  name: agent141
  start:
  - 212
  - 152
- goal:
  - 202
  - 247
  name: agent142
  start:
  - 24
  - 88
- goal:
  - 93
  - 135
  name: agent143
  start:
  - 133
  - 20
- goal:
  - 175
  - 226
  name: agent144
  start:
  - 3
  - 55
- goal:
  - 141
  - 184
  name: agent145
  start:
  - 196
  - 230
- goal:
  - 159
  - 253
  name: agent146
  start:
  - 26
  - 31
- goal:
  - 50
  - 96
  name: agent147
  start:
  - 221
  - 201
- goal:
  - 164
  - 53
  name: agent148
  start:
  - 252
  - 163
- goal:
  - 50
  - 138
  name: agent149
  start:
  - 242
  - 176
- goal:
  - 24
  - 76
  name: agent150
  start:
  - 153
  - 253
- goal:
  - 36
  - 220
  name: agent151
  start:
  - 80
  - 205
- goal:
  - 116
  - 172
  name: agent152
  start:
  - 90
  - 176
- goal:
  - 162
  - 167
  name: agent153
  start:
  - 247
  - 129
- goal:
  - 39
  - 34
  name: agent154
  start:
  - 207
  - 46
map_path: ../yaml_maps/Paris_1_256.map
