agents:
- goal:
  - 93
  - 154
  name: agent0
  start:
  - 168
  - 254
- goal:
  - 192
  - 227
  name: agent1
  start:
  - 40
  - 233
- goal:
  - 254
  - 37
  name: agent2
  start:
  - 16
  - 96
- goal:
  - 186
  - 220
  name: agent3
  start:
  - 20
  - 17
- goal:
  - 29
  - 116
  name: agent4
  start:
  - 237
  - 197
- goal:
  - 107
  - 110
  name: agent5
  start:
  - 65
  - 21
- goal:
  - 35
  - 23
  name: agent6
  start:
  - 189
  - 232
- goal:
  - 93
  - 129
  name: agent7
  start:
  - 148
  - 8
- goal:
  - 9
  - 180
  name: agent8
  start:
  - 4
  - 197
- goal:
  - 156
  - 129
  name: agent9
  start:
  - 105
  - 196
- goal:
  - 174
  - 253
  name: agent10
  start:
  - 0
  - 179
- goal:
  - 241
  - 44
  name: agent11
  start:
  - 52
  - 191
- goal:
  - 251
  - 239
  name: agent12
  start:
  - 34
  - 127
- goal:
  - 74
  - 224
  name: agent13
  start:
  - 253
  - 25
- goal:
  - 114
  - 100
  name: agent14
  start:
  - 34
  - 14
- goal:
  - 1
  - 4
  name: agent15
  start:
  - 215
  - 203
- goal:
  - 144
  - 23
  name: agent16
  start:
  - 44
  - 41
- goal:
  - 223
  - 107
  name: agent17
  start:
  - 32
  - 234
- goal:
  - 132
  - 222
  name: agent18
  start:
  - 127
  - 214
- goal:
  - 149
  - 254
  name: agent19
  start:
  - 1
  - 176
- goal:
  - 64
  - 130
  name: agent20
  start:
  - 161
  - 253
- goal:
  - 67
  - 244
  name: agent21
  start:
  - 255
  - 52
- goal:
  - 52
  - 11
  name: agent22
  start:
  - 176
  - 236
- goal:
  - 152
  - 158
  name: agent23
  start:
  - 7
  - 15
- goal:
  - 208
  - 103
  name: agent24
  start:
  - 217
  - 208
- goal:
  - 98
  - 98
  name: agent25
  start:
  - 24
  - 138
- goal:
  - 119
  - 67
  name: agent26
  start:
  - 185
  - 237
- goal:
  - 8
  - 143
  name: agent27
  start:
  - 230
  - 204
- goal:
  - 89
  - 216
  name: agent28
  start:
  - 176
  - 234
- goal:
  - 229
  - 78
  name: agent29
  start:
  - 248
  - 160
- goal:
  - 158
  - 28
  name: agent30
  start:
  - 26
  - 223
- goal:
  - 133
  - 253
  name: agent31
  start:
  - 223
  - 45
- goal:
  - 21
  - 12
  name: agent32
  start:
  - 37
  - 49
- goal:
  - 4
  - 52
  name: agent33
  start:
  - 57
  - 47
- goal:
  - 44
  - 175
  name: agent34
  start:
  - 126
  - 155
- goal:
  - 204
  - 129
  name: agent35
  start:
  - 21
  - 249
- goal:
  - 51
  - 139
  name: agent36
  start:
  - 24
  - 167
- goal:
  - 237
  - 39
  name: agent37
  start:
  - 31
  - 214
- goal:
  - 186
  - 64
  name: agent38
  start:
  - 247
  - 41
- goal:
  - 164
  - 165
  name: agent39
  start:
  - 148
  - 94
- goal:
  - 117
  - 238
  name: agent40
  start:
  - 162
  - 122
- goal:
  - 23
  - 187
  name: agent41
  start:
  - 37
  - 163
- goal:
  - 72
  - 188
  name: agent42
  start:
  - 222
  - 2
- goal:
  - 129
  - 179
  name: agent43
  start:
  - 157
  - 210
- goal:
  - 55
  - 19
  name: agent44
  start:
  - 118
  - 173
- goal:
  - 61
  - 189
  name: agent45
  start:
  - 249
  - 24
- goal:
  - 225
  - 245
  name: agent46
  start:
  - 15
  - 209
- goal:
  - 19
  - 206
  name: agent47
  start:
  - 18
  - 206
- goal:
  - 75
  - 101
  name: agent48
  start:
  - 152
  - 203
- goal:
  - 229
  - 7
  name: agent49
  start:
  - 3
  - 140
- goal:
  - 193
  - 34
  name: agent50
  start:
  - 29
  - 241
- goal:
  - 120
  - 23
  name: agent51
  start:
  - 24
  - 62
- goal:
  - 138
  - 202
  name: agent52
  start:
  - 24
  - 185
- goal:
  - 15
  - 239
  name: agent53
  start:
  - 206
  - 117
- goal:
  - 160
  - 83
  name: agent54
  start:
  - 201
  - 199
- goal:
  - 50
  - 32
  name: agent55
  start:
  - 179
  - 234
- goal:
  - 192
  - 225
  name: agent56
  start:
  - 48
  - 133
- goal:
  - 190
  - 173
  name: agent57
  start:
  - 226
  - 70
- goal:
  - 20
  - 46
  name: agent58
  start:
  - 35
  - 20
- goal:
  - 35
  - 254
  name: agent59
  start:
  - 133
  - 25
- goal:
  - 116
  - 237
  name: agent60
  start:
  - 165
  - 245
- goal:
  - 135
  - 49
  name: agent61
  start:
  - 220
  - 172
- goal:
  - 216
  - 20
  name: agent62
  start:
  - 215
  - 16
- goal:
  - 143
  - 240
  name: agent63
  start:
  - 187
  - 123
- goal:
  - 55
  - 207
  name: agent64
  start:
  - 253
  - 75
- goal:
  - 24
  - 191
  name: agent65
  start:
  - 182
  - 5
- goal:
  - 172
  - 254
  name: agent66
  start:
  - 116
  - 0
- goal:
  - 159
  - 255
  name: agent67
  start:
  - 109
  - 30
- goal:
  - 40
  - 99
  name: agent68
  start:
  - 31
  - 230
- goal:
  - 241
  - 220
  name: agent69
  start:
  - 111
  - 167
- goal:
  - 93
  - 79
  name: agent70
  start:
  - 15
  - 205
- goal:
  - 152
  - 111
  name: agent71
  start:
  - 90
  - 71
- goal:
  - 99
  - 6
  name: agent72
  start:
  - 206
  - 101
- goal:
  - 228
  - 255
  name: agent73
  start:
  - 56
  - 46
- goal:
  - 204
  - 112
  name: agent74
  start:
  - 23
  - 150
- goal:
  - 21
  - 20
  name: agent75
  start:
  - 252
  - 208
- goal:
  - 11
  - 181
  name: agent76
  start:
  - 81
  - 169
- goal:
  - 47
  - 94
  name: agent77
  start:
  - 62
  - 105
- goal:
  - 39
  - 18
  name: agent78
  start:
  - 204
  - 201
- goal:
  - 245
  - 80
  name: agent79
  start:
  - 159
  - 206
- goal:
  - 55
  - 115
  name: agent80
  start:
  - 181
  - 221
- goal:
  - 105
  - 19
  name: agent81
  start:
  - 236
  - 198
- goal:
  - 35
  - 43
  name: agent82
  start:
  - 108
  - 108
- goal:
  - 206
  - 141
  name: agent83
  start:
  - 159
  - 110
- goal:
  - 222
  - 210
  name: agent84
  start:
  - 0
  - 228
- goal:
  - 41
  - 104
  name: agent85
  start:
  - 169
  - 254
- goal:
  - 230
  - 225
  name: agent86
  start:
  - 20
  - 33
- goal:
  - 227
  - 181
  name: agent87
  start:
  - 69
  - 127
- goal:
  - 32
  - 238
  name: agent88
  start:
  - 16
  - 210
- goal:
  - 128
  - 148
  name: agent89
  start:
  - 130
  - 156
- goal:
  - 178
  - 40
  name: agent90
  start:
  - 181
  - 51
- goal:
  - 195
  - 12
  name: agent91
  start:
  - 144
  - 84
- goal:
  - 222
  - 245
  name: agent92
  start:
  - 44
  - 202
- goal:
  - 81
  - 14
  name: agent93
  start:
  - 88
  - 27
- goal:
  - 109
  - 234
  name: agent94
  start:
  - 224
  - 15
- goal:
  - 232
  - 208
  name: agent95
  start:
  - 105
  - 9
- goal:
  - 190
  - 80
  name: agent96
  start:
  - 85
  - 0
- goal:
  - 47
  - 21
  name: agent97
  start:
  - 64
  - 19
- goal:
  - 100
  - 106
  name: agent98
  start:
  - 175
  - 41
- goal:
  - 175
  - 27
  name: agent99
  start:
  - 2
  - 174
- goal:
  - 7
  - 110
  name: agent100
  start:
  - 227
  - 81
- goal:
  - 93
  - 187
  name: agent101
  start:
  - 135
  - 250
- goal:
  - 111
  - 26
  name: agent102
  start:
  - 241
  - 112
- goal:
  - 34
  - 91
  name: agent103
  start:
  - 43
  - 93
- goal:
  - 22
  - 173
  name: agent104
  start:
  - 202
  - 227
- goal:
  - 157
  - 89
  name: agent105
  start:
  - 133
  - 162
- goal:
  - 51
  - 245
  name: agent106
  start:
  - 25
  - 93
- goal:
  - 30
  - 116
  name: agent107
  start:
  - 80
  - 108
- goal:
  - 113
  - 138
  name: agent108
  start:
  - 136
  - 108
- goal:
  - 187
  - 79
  name: agent109
  start:
  - 244
  - 168
- goal:
  - 1
  - 235
  name: agent110
  start:
  - 255
  - 19
- goal:
  - 235
  - 226
  name: agent111
  start:
  - 57
  - 254
- goal:
  - 178
  - 121
  name: agent112
  start:
  - 79
  - 166
- goal:
  - 235
  - 215
  name: agent113
  start:
  - 63
  - 17
- goal:
  - 11
  - 28
  name: agent114
  start:
  - 107
  - 177
- goal:
  - 43
  - 61
  name: agent115
  start:
  - 170
  - 226
- goal:
  - 154
  - 127
  name: agent116
  start:
  - 175
  - 110
- goal:
  - 113
  - 41
  name: agent117
  start:
  - 228
  - 43
- goal:
  - 5
  - 234
  name: agent118
  start:
  - 241
  - 37
- goal:
  - 197
  - 44
  name: agent119
  start:
  - 174
  - 87
- goal:
  - 86
  - 186
  name: agent120
  start:
  - 43
  - 195
- goal:
  - 114
  - 3
  name: agent121
  start:
  - 106
  - 167
- goal:
  - 46
  - 95
  name: agent122
  start:
  - 113
  - 214
- goal:
  - 26
  - 25
  name: agent123
  start:
  - 187
  - 255
- goal:
  - 3
  - 57
  name: agent124
  start:
  - 207
  - 249
- goal:
  - 247
  - 18
  name: agent125
  start:
  - 2
  - 226
- goal:
  - 58
  - 0
  name: agent126
  start:
  - 131
  - 131
- goal:
  - 188
  - 22
  name: agent127
  start:
  - 82
  - 189
- goal:
  - 125
  - 210
  name: agent128
  start:
  - 40
  - 59
- goal:
  - 172
  - 249
  name: agent129
  start:
  - 32
  - 81
- goal:
  - 228
  - 11
  name: agent130
  start:
  - 218
  - 16
- goal:
  - 244
  - 168
  name: agent131
  start:
  - 62
  - 213
- goal:
  - 75
  - 231
  name: agent132
  start:
  - 141
  - 146
- goal:
  - 243
  - 66
  name: agent133
  start:
  - 248
  - 73
- goal:
  - 220
  - 16
  name: agent134
  start:
  - 233
  - 9
- goal:
  - 5
  - 10
  name: agent135
  start:
  - 192
  - 154
- goal:
  - 162
  - 133
  name: agent136
  start:
  - 170
  - 238
- goal:
  - 123
  - 216
  name: agent137
  start:
  - 84
  - 65
- goal:
  - 80
  - 95
  name: agent138
  start:
  - 10
  - 195
- goal:
  - 157
  - 252
  name: agent139
  start:
  - 33
  - 144
- goal:
  - 38
  - 253
  name: agent140
  start:
  - 241
  - 117
- goal:
  - 101
  - 70
  name: agent141
  start:
  - 194
  - 87
- goal:
  - 189
  - 61
  name: agent142
  start:
  - 8
  - 5
- goal:
  - 55
  - 24
  name: agent143
  start:
  - 177
  - 243
- goal:
  - 244
  - 187
  name: agent144
  start:
  - 230
  - 226
- goal:
  - 210
  - 25
  name: agent145
  start:
  - 188
  - 172
- goal:
  - 219
  - 52
  name: agent146
  start:
  - 4
  - 163
- goal:
  - 133
  - 181
  name: agent147
  start:
  - 27
  - 112
- goal:
  - 52
  - 197
  name: agent148
  start:
  - 253
  - 17
- goal:
  - 1
  - 34
  name: agent149
  start:
  - 159
  - 201
- goal:
  - 25
  - 76
  name: agent150
  start:
  - 45
  - 98
- goal:
  - 173
  - 229
  name: agent151
  start:
  - 33
  - 89
- goal:
  - 221
  - 49
  name: agent152
  start:
  - 12
  - 32
- goal:
  - 121
  - 249
  name: agent153
  start:
  - 152
  - 102
- goal:
  - 158
  - 255
  name: agent154
  start:
  - 23
  - 93
- goal:
  - 14
  - 235
  name: agent155
  start:
  - 92
  - 1
- goal:
  - 203
  - 117
  name: agent156
  start:
  - 159
  - 99
- goal:
  - 251
  - 3
  name: agent157
  start:
  - 213
  - 208
- goal:
  - 148
  - 151
  name: agent158
  start:
  - 62
  - 248
- goal:
  - 111
  - 118
  name: agent159
  start:
  - 155
  - 75
map_path: ../yaml_maps/Paris_1_256.map
