agents:
- goal:
  - 39
  - 75
  name: agent0
  start:
  - 11
  - 114
- goal:
  - 165
  - 220
  name: agent1
  start:
  - 254
  - 16
- goal:
  - 1
  - 17
  name: agent2
  start:
  - 224
  - 126
- goal:
  - 44
  - 209
  name: agent3
  start:
  - 230
  - 193
- goal:
  - 71
  - 5
  name: agent4
  start:
  - 210
  - 225
- goal:
  - 225
  - 98
  name: agent5
  start:
  - 83
  - 103
- goal:
  - 148
  - 83
  name: agent6
  start:
  - 17
  - 183
- goal:
  - 162
  - 255
  name: agent7
  start:
  - 3
  - 149
- goal:
  - 21
  - 194
  name: agent8
  start:
  - 199
  - 230
- goal:
  - 79
  - 3
  name: agent9
  start:
  - 56
  - 192
- goal:
  - 42
  - 88
  name: agent10
  start:
  - 178
  - 118
- goal:
  - 17
  - 157
  name: agent11
  start:
  - 233
  - 246
- goal:
  - 85
  - 108
  name: agent12
  start:
  - 72
  - 102
- goal:
  - 25
  - 238
  name: agent13
  start:
  - 72
  - 141
- goal:
  - 102
  - 5
  name: agent14
  start:
  - 114
  - 26
- goal:
  - 212
  - 1
  name: agent15
  start:
  - 80
  - 253
- goal:
  - 134
  - 144
  name: agent16
  start:
  - 178
  - 40
- goal:
  - 65
  - 16
  name: agent17
  start:
  - 57
  - 11
- goal:
  - 228
  - 207
  name: agent18
  start:
  - 64
  - 74
- goal:
  - 120
  - 6
  name: agent19
  start:
  - 93
  - 243
- goal:
  - 162
  - 253
  name: agent20
  start:
  - 148
  - 18
- goal:
  - 60
  - 38
  name: agent21
  start:
  - 70
  - 9
- goal:
  - 254
  - 160
  name: agent22
  start:
  - 38
  - 26
- goal:
  - 248
  - 207
  name: agent23
  start:
  - 250
  - 207
- goal:
  - 251
  - 150
  name: agent24
  start:
  - 24
  - 33
- goal:
  - 253
  - 181
  name: agent25
  start:
  - 248
  - 71
- goal:
  - 186
  - 111
  name: agent26
  start:
  - 198
  - 142
- goal:
  - 5
  - 97
  name: agent27
  start:
  - 6
  - 10
- goal:
  - 58
  - 42
  name: agent28
  start:
  - 219
  - 201
- goal:
  - 24
  - 6
  name: agent29
  start:
  - 66
  - 142
- goal:
  - 156
  - 47
  name: agent30
  start:
  - 177
  - 225
- goal:
  - 247
  - 184
  name: agent31
  start:
  - 13
  - 230
- goal:
  - 2
  - 97
  name: agent32
  start:
  - 219
  - 17
- goal:
  - 156
  - 105
  name: agent33
  start:
  - 209
  - 146
- goal:
  - 15
  - 6
  name: agent34
  start:
  - 197
  - 235
- goal:
  - 71
  - 109
  name: agent35
  start:
  - 205
  - 212
- goal:
  - 242
  - 181
  name: agent36
  start:
  - 33
  - 247
- goal:
  - 131
  - 41
  name: agent37
  start:
  - 241
  - 248
- goal:
  - 217
  - 106
  name: agent38
  start:
  - 128
  - 244
- goal:
  - 16
  - 209
  name: agent39
  start:
  - 74
  - 215
- goal:
  - 202
  - 251
  name: agent40
  start:
  - 177
  - 20
- goal:
  - 128
  - 130
  name: agent41
  start:
  - 47
  - 43
- goal:
  - 97
  - 50
  name: agent42
  start:
  - 85
  - 109
- goal:
  - 59
  - 110
  name: agent43
  start:
  - 125
  - 238
- goal:
  - 64
  - 219
  name: agent44
  start:
  - 165
  - 91
- goal:
  - 135
  - 163
  name: agent45
  start:
  - 226
  - 197
- goal:
  - 193
  - 38
  name: agent46
  start:
  - 142
  - 41
- goal:
  - 87
  - 31
  name: agent47
  start:
  - 254
  - 224
- goal:
  - 237
  - 236
  name: agent48
  start:
  - 42
  - 196
- goal:
  - 88
  - 180
  name: agent49
  start:
  - 133
  - 13
map_path: ../yaml_maps/Paris_1_256.map
