agents:
- goal:
  - 144
  - 71
  name: agent0
  start:
  - 204
  - 221
- goal:
  - 44
  - 13
  name: agent1
  start:
  - 216
  - 238
- goal:
  - 223
  - 48
  name: agent2
  start:
  - 2
  - 177
- goal:
  - 154
  - 250
  name: agent3
  start:
  - 45
  - 7
- goal:
  - 42
  - 6
  name: agent4
  start:
  - 212
  - 77
- goal:
  - 167
  - 134
  name: agent5
  start:
  - 169
  - 85
- goal:
  - 8
  - 41
  name: agent6
  start:
  - 173
  - 179
- goal:
  - 103
  - 189
  name: agent7
  start:
  - 165
  - 136
- goal:
  - 33
  - 12
  name: agent8
  start:
  - 205
  - 149
- goal:
  - 139
  - 94
  name: agent9
  start:
  - 145
  - 203
- goal:
  - 42
  - 210
  name: agent10
  start:
  - 226
  - 102
- goal:
  - 114
  - 29
  name: agent11
  start:
  - 131
  - 125
- goal:
  - 116
  - 170
  name: agent12
  start:
  - 170
  - 124
- goal:
  - 53
  - 106
  name: agent13
  start:
  - 59
  - 26
- goal:
  - 39
  - 6
  name: agent14
  start:
  - 41
  - 4
- goal:
  - 180
  - 252
  name: agent15
  start:
  - 9
  - 15
- goal:
  - 168
  - 255
  name: agent16
  start:
  - 5
  - 9
- goal:
  - 231
  - 171
  name: agent17
  start:
  - 52
  - 8
- goal:
  - 232
  - 206
  name: agent18
  start:
  - 12
  - 16
- goal:
  - 252
  - 37
  name: agent19
  start:
  - 159
  - 100
- goal:
  - 120
  - 26
  name: agent20
  start:
  - 152
  - 215
- goal:
  - 144
  - 196
  name: agent21
  start:
  - 136
  - 115
- goal:
  - 215
  - 224
  name: agent22
  start:
  - 61
  - 246
- goal:
  - 247
  - 215
  name: agent23
  start:
  - 178
  - 161
- goal:
  - 99
  - 242
  name: agent24
  start:
  - 112
  - 72
- goal:
  - 208
  - 48
  name: agent25
  start:
  - 89
  - 2
- goal:
  - 28
  - 129
  name: agent26
  start:
  - 157
  - 101
- goal:
  - 205
  - 218
  name: agent27
  start:
  - 31
  - 157
- goal:
  - 81
  - 251
  name: agent28
  start:
  - 196
  - 13
- goal:
  - 190
  - 236
  name: agent29
  start:
  - 3
  - 34
- goal:
  - 240
  - 200
  name: agent30
  start:
  - 60
  - 184
- goal:
  - 223
  - 251
  name: agent31
  start:
  - 179
  - 50
- goal:
  - 164
  - 171
  name: agent32
  start:
  - 1
  - 19
- goal:
  - 235
  - 135
  name: agent33
  start:
  - 1
  - 137
- goal:
  - 5
  - 10
  name: agent34
  start:
  - 172
  - 250
- goal:
  - 190
  - 165
  name: agent35
  start:
  - 219
  - 142
- goal:
  - 35
  - 102
  name: agent36
  start:
  - 13
  - 131
- goal:
  - 135
  - 92
  name: agent37
  start:
  - 213
  - 28
- goal:
  - 180
  - 103
  name: agent38
  start:
  - 45
  - 91
- goal:
  - 198
  - 247
  name: agent39
  start:
  - 150
  - 54
- goal:
  - 12
  - 246
  name: agent40
  start:
  - 21
  - 81
- goal:
  - 249
  - 30
  name: agent41
  start:
  - 245
  - 35
- goal:
  - 238
  - 221
  name: agent42
  start:
  - 79
  - 142
- goal:
  - 169
  - 253
  name: agent43
  start:
  - 194
  - 52
- goal:
  - 42
  - 232
  name: agent44
  start:
  - 235
  - 31
- goal:
  - 237
  - 194
  name: agent45
  start:
  - 1
  - 3
- goal:
  - 96
  - 114
  name: agent46
  start:
  - 69
  - 115
- goal:
  - 21
  - 23
  name: agent47
  start:
  - 186
  - 221
- goal:
  - 211
  - 252
  name: agent48
  start:
  - 40
  - 21
- goal:
  - 69
  - 12
  name: agent49
  start:
  - 152
  - 251
- goal:
  - 160
  - 254
  name: agent50
  start:
  - 47
  - 9
- goal:
  - 15
  - 25
  name: agent51
  start:
  - 235
  - 244
- goal:
  - 228
  - 2
  name: agent52
  start:
  - 179
  - 35
- goal:
  - 232
  - 100
  name: agent53
  start:
  - 26
  - 237
- goal:
  - 101
  - 41
  name: agent54
  start:
  - 184
  - 204
- goal:
  - 186
  - 239
  name: agent55
  start:
  - 208
  - 36
- goal:
  - 183
  - 238
  name: agent56
  start:
  - 0
  - 0
- goal:
  - 112
  - 7
  name: agent57
  start:
  - 164
  - 162
- goal:
  - 18
  - 181
  name: agent58
  start:
  - 21
  - 163
- goal:
  - 73
  - 170
  name: agent59
  start:
  - 58
  - 153
- goal:
  - 250
  - 30
  name: agent60
  start:
  - 31
  - 156
- goal:
  - 133
  - 199
  name: agent61
  start:
  - 8
  - 95
- goal:
  - 137
  - 115
  name: agent62
  start:
  - 240
  - 12
- goal:
  - 197
  - 104
  name: agent63
  start:
  - 35
  - 255
- goal:
  - 193
  - 236
  name: agent64
  start:
  - 32
  - 10
- goal:
  - 83
  - 66
  name: agent65
  start:
  - 27
  - 104
- goal:
  - 86
  - 50
  name: agent66
  start:
  - 238
  - 247
- goal:
  - 198
  - 55
  name: agent67
  start:
  - 88
  - 224
- goal:
  - 52
  - 43
  name: agent68
  start:
  - 1
  - 235
- goal:
  - 244
  - 129
  name: agent69
  start:
  - 99
  - 87
- goal:
  - 164
  - 115
  name: agent70
  start:
  - 120
  - 27
- goal:
  - 175
  - 68
  name: agent71
  start:
  - 237
  - 116
- goal:
  - 30
  - 218
  name: agent72
  start:
  - 216
  - 246
- goal:
  - 87
  - 175
  name: agent73
  start:
  - 128
  - 234
- goal:
  - 150
  - 13
  name: agent74
  start:
  - 30
  - 225
- goal:
  - 166
  - 204
  name: agent75
  start:
  - 191
  - 73
- goal:
  - 25
  - 8
  name: agent76
  start:
  - 81
  - 90
- goal:
  - 115
  - 76
  name: agent77
  start:
  - 225
  - 36
- goal:
  - 191
  - 209
  name: agent78
  start:
  - 3
  - 82
- goal:
  - 232
  - 174
  name: agent79
  start:
  - 227
  - 117
- goal:
  - 175
  - 7
  name: agent80
  start:
  - 163
  - 10
- goal:
  - 191
  - 115
  name: agent81
  start:
  - 191
  - 152
- goal:
  - 29
  - 136
  name: agent82
  start:
  - 218
  - 206
- goal:
  - 138
  - 121
  name: agent83
  start:
  - 249
  - 187
- goal:
  - 6
  - 2
  name: agent84
  start:
  - 232
  - 178
- goal:
  - 36
  - 36
  name: agent85
  start:
  - 223
  - 235
- goal:
  - 67
  - 77
  name: agent86
  start:
  - 252
  - 243
- goal:
  - 179
  - 117
  name: agent87
  start:
  - 127
  - 196
- goal:
  - 205
  - 212
  name: agent88
  start:
  - 105
  - 6
- goal:
  - 158
  - 155
  name: agent89
  start:
  - 16
  - 232
- goal:
  - 92
  - 234
  name: agent90
  start:
  - 249
  - 7
- goal:
  - 26
  - 209
  name: agent91
  start:
  - 224
  - 50
- goal:
  - 62
  - 10
  name: agent92
  start:
  - 149
  - 233
- goal:
  - 136
  - 224
  name: agent93
  start:
  - 7
  - 20
- goal:
  - 11
  - 94
  name: agent94
  start:
  - 210
  - 50
- goal:
  - 82
  - 1
  name: agent95
  start:
  - 151
  - 43
- goal:
  - 122
  - 23
  name: agent96
  start:
  - 99
  - 148
- goal:
  - 162
  - 254
  name: agent97
  start:
  - 8
  - 19
- goal:
  - 34
  - 11
  name: agent98
  start:
  - 32
  - 19
- goal:
  - 179
  - 165
  name: agent99
  start:
  - 254
  - 43
- goal:
  - 242
  - 251
  name: agent100
  start:
  - 51
  - 4
- goal:
  - 224
  - 26
  name: agent101
  start:
  - 223
  - 128
- goal:
  - 49
  - 245
  name: agent102
  start:
  - 36
  - 252
- goal:
  - 206
  - 71
  name: agent103
  start:
  - 232
  - 99
- goal:
  - 71
  - 43
  name: agent104
  start:
  - 209
  - 240
- goal:
  - 32
  - 124
  name: agent105
  start:
  - 197
  - 139
- goal:
  - 112
  - 4
  name: agent106
  start:
  - 137
  - 3
- goal:
  - 112
  - 143
  name: agent107
  start:
  - 74
  - 208
- goal:
  - 147
  - 77
  name: agent108
  start:
  - 253
  - 165
- goal:
  - 74
  - 174
  name: agent109
  start:
  - 227
  - 199
- goal:
  - 204
  - 216
  name: agent110
  start:
  - 224
  - 233
- goal:
  - 93
  - 62
  name: agent111
  start:
  - 102
  - 47
- goal:
  - 117
  - 67
  name: agent112
  start:
  - 193
  - 85
- goal:
  - 13
  - 25
  name: agent113
  start:
  - 220
  - 63
- goal:
  - 248
  - 4
  name: agent114
  start:
  - 52
  - 178
- goal:
  - 209
  - 111
  name: agent115
  start:
  - 206
  - 139
- goal:
  - 95
  - 248
  name: agent116
  start:
  - 116
  - 237
- goal:
  - 38
  - 206
  name: agent117
  start:
  - 174
  - 161
- goal:
  - 7
  - 5
  name: agent118
  start:
  - 184
  - 244
- goal:
  - 214
  - 204
  name: agent119
  start:
  - 26
  - 34
- goal:
  - 211
  - 244
  name: agent120
  start:
  - 60
  - 86
- goal:
  - 4
  - 231
  name: agent121
  start:
  - 191
  - 132
- goal:
  - 177
  - 243
  name: agent122
  start:
  - 137
  - 48
- goal:
  - 126
  - 189
  name: agent123
  start:
  - 182
  - 71
- goal:
  - 43
  - 28
  name: agent124
  start:
  - 229
  - 221
- goal:
  - 145
  - 185
  name: agent125
  start:
  - 47
  - 175
- goal:
  - 201
  - 87
  name: agent126
  start:
  - 133
  - 207
- goal:
  - 221
  - 222
  name: agent127
  start:
  - 0
  - 38
- goal:
  - 69
  - 100
  name: agent128
  start:
  - 128
  - 44
- goal:
  - 3
  - 93
  name: agent129
  start:
  - 177
  - 245
- goal:
  - 218
  - 160
  name: agent130
  start:
  - 165
  - 215
- goal:
  - 157
  - 254
  name: agent131
  start:
  - 27
  - 9
- goal:
  - 194
  - 253
  name: agent132
  start:
  - 0
  - 27
- goal:
  - 21
  - 65
  name: agent133
  start:
  - 156
  - 252
- goal:
  - 216
  - 210
  name: agent134
  start:
  - 106
  - 9
- goal:
  - 48
  - 23
  name: agent135
  start:
  - 206
  - 215
- goal:
  - 223
  - 164
  name: agent136
  start:
  - 169
  - 94
- goal:
  - 140
  - 225
  name: agent137
  start:
  - 121
  - 1
- goal:
  - 26
  - 197
  name: agent138
  start:
  - 230
  - 40
- goal:
  - 47
  - 6
  name: agent139
  start:
  - 242
  - 139
- goal:
  - 4
  - 68
  name: agent140
  start:
  - 249
  - 153
- goal:
  - 3
  - 74
  name: agent141
  start:
  - 151
  - 254
- goal:
  - 12
  - 32
  name: agent142
  start:
  - 150
  - 121
- goal:
  - 72
  - 108
  name: agent143
  start:
  - 165
  - 101
- goal:
  - 175
  - 127
  name: agent144
  start:
  - 215
  - 107
- goal:
  - 172
  - 53
  name: agent145
  start:
  - 176
  - 53
- goal:
  - 70
  - 19
  name: agent146
  start:
  - 56
  - 58
- goal:
  - 166
  - 254
  name: agent147
  start:
  - 59
  - 8
- goal:
  - 196
  - 132
  name: agent148
  start:
  - 134
  - 136
- goal:
  - 23
  - 8
  name: agent149
  start:
  - 177
  - 244
- goal:
  - 41
  - 13
  name: agent150
  start:
  - 173
  - 211
- goal:
  - 65
  - 163
  name: agent151
  start:
  - 31
  - 20
- goal:
  - 164
  - 136
  name: agent152
  start:
  - 56
  - 166
- goal:
  - 163
  - 221
  name: agent153
  start:
  - 30
  - 29
- goal:
  - 114
  - 171
  name: agent154
  start:
  - 147
  - 105
- goal:
  - 10
  - 14
  name: agent155
  start:
  - 170
  - 254
- goal:
  - 179
  - 235
  name: agent156
  start:
  - 23
  - 189
- goal:
  - 151
  - 253
  name: agent157
  start:
  - 136
  - 3
- goal:
  - 129
  - 217
  name: agent158
  start:
  - 143
  - 198
- goal:
  - 55
  - 239
  name: agent159
  start:
  - 160
  - 18
- goal:
  - 11
  - 232
  name: agent160
  start:
  - 147
  - 167
- goal:
  - 0
  - 246
  name: agent161
  start:
  - 84
  - 28
- goal:
  - 213
  - 223
  name: agent162
  start:
  - 4
  - 166
- goal:
  - 35
  - 215
  name: agent163
  start:
  - 138
  - 56
- goal:
  - 158
  - 110
  name: agent164
  start:
  - 75
  - 207
- goal:
  - 60
  - 226
  name: agent165
  start:
  - 248
  - 238
- goal:
  - 16
  - 38
  name: agent166
  start:
  - 178
  - 251
- goal:
  - 1
  - 6
  name: agent167
  start:
  - 41
  - 63
- goal:
  - 149
  - 36
  name: agent168
  start:
  - 5
  - 127
- goal:
  - 162
  - 253
  name: agent169
  start:
  - 18
  - 74
- goal:
  - 53
  - 28
  name: agent170
  start:
  - 51
  - 36
- goal:
  - 14
  - 35
  name: agent171
  start:
  - 210
  - 88
- goal:
  - 249
  - 5
  name: agent172
  start:
  - 137
  - 121
- goal:
  - 163
  - 164
  name: agent173
  start:
  - 91
  - 72
- goal:
  - 25
  - 248
  name: agent174
  start:
  - 185
  - 223
- goal:
  - 7
  - 51
  name: agent175
  start:
  - 255
  - 241
- goal:
  - 85
  - 11
  name: agent176
  start:
  - 166
  - 155
- goal:
  - 68
  - 165
  name: agent177
  start:
  - 162
  - 31
- goal:
  - 38
  - 163
  name: agent178
  start:
  - 152
  - 255
- goal:
  - 35
  - 101
  name: agent179
  start:
  - 17
  - 144
- goal:
  - 11
  - 195
  name: agent180
  start:
  - 95
  - 192
- goal:
  - 42
  - 62
  name: agent181
  start:
  - 156
  - 254
- goal:
  - 183
  - 39
  name: agent182
  start:
  - 142
  - 73
- goal:
  - 189
  - 0
  name: agent183
  start:
  - 234
  - 206
- goal:
  - 216
  - 240
  name: agent184
  start:
  - 55
  - 89
- goal:
  - 92
  - 147
  name: agent185
  start:
  - 113
  - 120
- goal:
  - 165
  - 255
  name: agent186
  start:
  - 7
  - 11
- goal:
  - 232
  - 146
  name: agent187
  start:
  - 254
  - 193
- goal:
  - 127
  - 157
  name: agent188
  start:
  - 114
  - 170
- goal:
  - 118
  - 26
  name: agent189
  start:
  - 157
  - 214
map_path: ../yaml_maps/Paris_1_256.map
